
--- 2026-09-24T18:16:49 | rank=16, k=10, grid=128x128, T=20, dt=0.005, method=L-BFGS-B, max_steps=200, tol=1e-15, gtol=1e-15, ftol=1e-14, maxcor=10, maxls=30 ---
[rank=16] Initial: J_model=4.3140434356e-03
[rank=16] Iter 1: J_model=2.7313608748e-03, |g|_inf=9.678565e-01, |delta_a|=3.661426e-02
[rank=16] Iter 2: J_model=1.7917356796e-03, |g|_inf=6.316151e-01, |delta_a|=1.053966e-03
[rank=16] Iter 3: J_model=1.0719274557e-03, |g|_inf=1.028659e-01, |delta_a|=2.012429e-03
[rank=16] Iter 4: J_model=1.0248416656e-03, |g|_inf=8.372050e-02, |delta_a|=3.973403e-04
[rank=16] Iter 5: J_model=9.7204093939e-04, |g|_inf=8.860502e-02, |delta_a|=1.366835e-03
[rank=16] Iter 6: J_model=9.6697762024e-04, |g|_inf=9.048247e-02, |delta_a|=5.685934e-04
[rank=16] Iter 7: J_model=9.5159182615e-04, |g|_inf=4.818261e-02, |delta_a|=3.443222e-04
[rank=16] Iter 8: J_model=9.4748416257e-04, |g|_inf=4.807225e-02, |delta_a|=1.037362e-04
[rank=16] Iter 9: J_model=9.0604429312e-04, |g|_inf=6.937020e-02, |delta_a|=1.282355e-03
[rank=16] Iter 10: J_model=8.2182442049e-04, |g|_inf=1.521553e-01, |delta_a|=3.340843e-03
[rank=16] Iter 11: J_model=6.7140184649e-04, |g|_inf=2.034669e-01, |delta_a|=7.012988e-03
[rank=16] Iter 12: J_model=4.7483715920e-04, |g|_inf=2.285839e-01, |delta_a|=1.132042e-02
[rank=16] Iter 13: J_model=3.7476564905e-04, |g|_inf=3.697305e-01, |delta_a|=6.161497e-03
[rank=16] Iter 14: J_model=3.6748451159e-04, |g|_inf=3.830336e-01, |delta_a|=4.269103e-03
[rank=16] Iter 15: J_model=1.4751202015e-04, |g|_inf=1.895657e-01, |delta_a|=2.173285e-03
[rank=16] Iter 16: J_model=9.0195752453e-05, |g|_inf=4.524140e-02, |delta_a|=6.985686e-04
[rank=16] Iter 17: J_model=8.4407606118e-05, |g|_inf=5.317637e-03, |delta_a|=3.848819e-04
[rank=16] Iter 18: J_model=8.3196550266e-05, |g|_inf=7.299315e-03, |delta_a|=4.673528e-04
[rank=16] Iter 19: J_model=8.1386766378e-05, |g|_inf=1.108228e-02, |delta_a|=1.558493e-03
[rank=16] Iter 20: J_model=8.0564628939e-05, |g|_inf=1.858472e-02, |delta_a|=3.388878e-04
[rank=16] Iter 21: J_model=7.3067179604e-05, |g|_inf=2.220589e-02, |delta_a|=1.807581e-03
[rank=16] Iter 22: J_model=6.0828317050e-05, |g|_inf=3.966781e-02, |delta_a|=3.350913e-03
[rank=16] Iter 23: J_model=3.4402951954e-05, |g|_inf=6.660196e-02, |delta_a|=8.493649e-03
[rank=16] Iter 24: J_model=1.8900353082e-05, |g|_inf=3.610648e-02, |delta_a|=6.534831e-03
[rank=16] Iter 25: J_model=1.3386469491e-05, |g|_inf=4.657609e-02, |delta_a|=5.337016e-03
[rank=16] Iter 26: J_model=9.5440242887e-06, |g|_inf=2.756492e-02, |delta_a|=1.726312e-03
[rank=16] Iter 27: J_model=7.2955645648e-06, |g|_inf=4.809646e-03, |delta_a|=1.089041e-03
[rank=16] Iter 28: J_model=7.0693159492e-06, |g|_inf=2.949306e-03, |delta_a|=6.363193e-04
[rank=16] Iter 29: J_model=6.9870820673e-06, |g|_inf=2.314780e-03, |delta_a|=6.493703e-04
[rank=16] Iter 30: J_model=6.8232981818e-06, |g|_inf=7.251679e-03, |delta_a|=1.424169e-04
[rank=16] Iter 31: J_model=6.6003590806e-06, |g|_inf=6.455842e-03, |delta_a|=2.018524e-04
[rank=16] Iter 32: J_model=6.4048729060e-06, |g|_inf=6.194414e-03, |delta_a|=1.928991e-04
[rank=16] Iter 33: J_model=5.5668656407e-06, |g|_inf=6.879893e-03, |delta_a|=2.175770e-03
[rank=16] Iter 34: J_model=5.2640603515e-06, |g|_inf=9.435854e-03, |delta_a|=3.685477e-04
[rank=16] Iter 35: J_model=5.0461951900e-06, |g|_inf=9.447008e-04, |delta_a|=3.512173e-04
[rank=16] Iter 36: J_model=5.0103861787e-06, |g|_inf=1.037547e-03, |delta_a|=2.800516e-04
[rank=16] Iter 37: J_model=5.0066129297e-06, |g|_inf=1.565428e-03, |delta_a|=1.006155e-04
[rank=16] Iter 38: J_model=4.9676907464e-06, |g|_inf=3.481585e-03, |delta_a|=2.182838e-04
[rank=16] Iter 39: J_model=4.9008092421e-06, |g|_inf=3.233311e-03, |delta_a|=1.243472e-04
[rank=16] Iter 40: J_model=4.8845870749e-06, |g|_inf=1.967685e-03, |delta_a|=4.007066e-05
[rank=16] Iter 41: J_model=4.8684561890e-06, |g|_inf=2.437082e-03, |delta_a|=9.603741e-05
[rank=16] Iter 42: J_model=4.8470680783e-06, |g|_inf=9.469771e-04, |delta_a|=1.287756e-05
[rank=16] Iter 43: J_model=4.7712286226e-06, |g|_inf=2.368997e-03, |delta_a|=1.421620e-04
[rank=16] Iter 44: J_model=4.7696252262e-06, |g|_inf=2.419190e-03, |delta_a|=9.672444e-06
[rank=16] Iter 45: J_model=4.7459525513e-06, |g|_inf=2.541837e-03, |delta_a|=4.404045e-05
[rank=16] Iter 46: J_model=4.5628113304e-06, |g|_inf=3.264339e-03, |delta_a|=3.165757e-04
[rank=16] Iter 47: J_model=4.3532712829e-06, |g|_inf=5.898515e-03, |delta_a|=9.247797e-04
[rank=16] Iter 48: J_model=4.2853675781e-06, |g|_inf=5.900066e-03, |delta_a|=1.924232e-04
[rank=16] Iter 49: J_model=4.1784075302e-06, |g|_inf=2.410786e-03, |delta_a|=2.797253e-04
[rank=16] Iter 50: J_model=4.0654097594e-06, |g|_inf=1.930775e-03, |delta_a|=2.429618e-04
[rank=16] Iter 51: J_model=4.0206982616e-06, |g|_inf=2.664815e-03, |delta_a|=1.521377e-04
[rank=16] Iter 52: J_model=3.9576761721e-06, |g|_inf=1.576460e-03, |delta_a|=2.792509e-04
[rank=16] Iter 53: J_model=3.9502957992e-06, |g|_inf=1.858768e-03, |delta_a|=1.218438e-04
[rank=16] Iter 54: J_model=3.9474573338e-06, |g|_inf=1.026898e-03, |delta_a|=1.151105e-04
[rank=16] Iter 55: J_model=3.9437778233e-06, |g|_inf=7.847881e-04, |delta_a|=1.881428e-05
[rank=16] Iter 56: J_model=3.9260541940e-06, |g|_inf=4.857200e-04, |delta_a|=1.099740e-04
[rank=16] Iter 57: J_model=3.9218464671e-06, |g|_inf=9.343795e-04, |delta_a|=3.185707e-05
[rank=16] Iter 58: J_model=3.9195673605e-06, |g|_inf=1.116230e-03, |delta_a|=3.368774e-05
[rank=16] Iter 59: J_model=3.9123584930e-06, |g|_inf=5.469973e-04, |delta_a|=2.219209e-05
[rank=16] Iter 60: J_model=3.8983797640e-06, |g|_inf=8.982831e-04, |delta_a|=4.567202e-05
[rank=16] Iter 61: J_model=3.8896420913e-06, |g|_inf=1.164897e-03, |delta_a|=2.930729e-05
[rank=16] Iter 62: J_model=3.8889089344e-06, |g|_inf=2.113419e-03, |delta_a|=1.308208e-05
[rank=16] Iter 63: J_model=3.8879449682e-06, |g|_inf=4.513875e-03, |delta_a|=9.811913e-06
[rank=16] Iter 64: J_model=3.8805543937e-06, |g|_inf=9.949857e-04, |delta_a|=1.587581e-05
[rank=16] Iter 65: J_model=3.8791281495e-06, |g|_inf=1.717814e-03, |delta_a|=1.381865e-05
[rank=16] Iter 66: J_model=3.8777585955e-06, |g|_inf=6.605979e-04, |delta_a|=9.338897e-06
[rank=16] Iter 67: J_model=3.8775553236e-06, |g|_inf=1.020881e-03, |delta_a|=2.014853e-06
[rank=16] Iter 68: J_model=3.8766276295e-06, |g|_inf=1.790362e-03, |delta_a|=9.995606e-06
[rank=16] Iter 69: J_model=3.8756800326e-06, |g|_inf=1.899204e-03, |delta_a|=8.751849e-06
[rank=16] Iter 70: J_model=3.8731403849e-06, |g|_inf=1.588271e-03, |delta_a|=4.437105e-05
[rank=16] Iter 71: J_model=3.8726610974e-06, |g|_inf=9.020682e-04, |delta_a|=5.600881e-07
[rank=16] Iter 72: J_model=3.8719558867e-06, |g|_inf=9.796476e-04, |delta_a|=9.952499e-07
[rank=16] Iter 73: J_model=3.8715333925e-06, |g|_inf=4.473378e-03, |delta_a|=1.092482e-06
[rank=16] Iter 74: J_model=3.8705141269e-06, |g|_inf=1.298944e-03, |delta_a|=4.590752e-06
[rank=16] Iter 75: J_model=3.8695036269e-06, |g|_inf=3.295621e-03, |delta_a|=3.987833e-06
[rank=16] Iter 76: J_model=3.8675179862e-06, |g|_inf=6.473908e-04, |delta_a|=3.318206e-06
[rank=16] Iter 77: J_model=3.8659953865e-06, |g|_inf=3.546481e-03, |delta_a|=7.879691e-06
[rank=16] Iter 78: J_model=3.8651538606e-06, |g|_inf=3.051657e-03, |delta_a|=2.206486e-06
[rank=16] Iter 79: J_model=3.8622702851e-06, |g|_inf=4.356568e-03, |delta_a|=1.226923e-05
[rank=16] Iter 80: J_model=3.8607176863e-06, |g|_inf=8.550710e-03, |delta_a|=6.245813e-06
[rank=16] Iter 81: J_model=3.8599585071e-06, |g|_inf=5.512358e-03, |delta_a|=3.217569e-06
[rank=16] Iter 82: J_model=3.8588888118e-06, |g|_inf=4.586945e-03, |delta_a|=5.874131e-06
[rank=16] Iter 83: J_model=3.8588565323e-06, |g|_inf=1.551277e-03, |delta_a|=2.830420e-07
[rank=16] Iter 84: J_model=3.8587782066e-06, |g|_inf=1.148168e-03, |delta_a|=1.098681e-06
[rank=16] Iter 85: J_model=3.8584231484e-06, |g|_inf=3.410861e-03, |delta_a|=5.112637e-06
[rank=16] Iter 86: J_model=3.8583226103e-06, |g|_inf=3.263025e-03, |delta_a|=1.702440e-06
[rank=16] Iter 87: J_model=3.8582831328e-06, |g|_inf=1.703815e-03, |delta_a|=3.349882e-07
[rank=16] Iter 88: J_model=3.8581861719e-06, |g|_inf=5.693199e-03, |delta_a|=1.178637e-06
[rank=16] Iter 89: J_model=3.8580706593e-06, |g|_inf=9.484894e-03, |delta_a|=8.359077e-07
[rank=16] Iter 90: J_model=3.8579255014e-06, |g|_inf=2.094169e-03, |delta_a|=3.289876e-07
[rank=16] Iter 91: J_model=3.8578431492e-06, |g|_inf=4.322010e-03, |delta_a|=3.845830e-07
[rank=16] Iter 92: J_model=3.8576424824e-06, |g|_inf=1.506060e-03, |delta_a|=9.546490e-07
[rank=16] Iter 93: J_model=3.8575478085e-06, |g|_inf=6.561135e-03, |delta_a|=5.913958e-07
[rank=16] Iter 94: J_model=3.8574981268e-06, |g|_inf=6.070846e-03, |delta_a|=3.987037e-07
[rank=16] Iter 95: J_model=3.8573536406e-06, |g|_inf=1.528994e-03, |delta_a|=1.225615e-07
[rank=16] Iter 96: J_model=3.8559093377e-06, |g|_inf=4.948036e-03, |delta_a|=1.647129e-06
[rank=16] Iter 97: J_model=3.8556242995e-06, |g|_inf=1.144794e-02, |delta_a|=7.016604e-07
[rank=16] Iter 98: J_model=3.8554456513e-06, |g|_inf=8.605816e-03, |delta_a|=3.694731e-07
[rank=16] Iter 99: J_model=3.8552975778e-06, |g|_inf=5.412767e-03, |delta_a|=8.237098e-07
[rank=16] Iter 100: J_model=3.8552626592e-06, |g|_inf=3.499971e-03, |delta_a|=5.249225e-07
[rank=16] Iter 101: J_model=3.8551577453e-06, |g|_inf=8.714519e-04, |delta_a|=2.941891e-07
[rank=16] Iter 102: J_model=3.8550691227e-06, |g|_inf=5.181492e-03, |delta_a|=6.901462e-07
[rank=16] Iter 103: J_model=3.8547988235e-06, |g|_inf=2.136251e-03, |delta_a|=1.058479e-06
[rank=16] Iter 104: J_model=3.8547353164e-06, |g|_inf=6.532968e-03, |delta_a|=5.419427e-07
[rank=16] Iter 105: J_model=3.8545962250e-06, |g|_inf=4.624021e-03, |delta_a|=3.329809e-07
[rank=16] Iter 106: J_model=3.8543576886e-06, |g|_inf=1.769997e-03, |delta_a|=8.084455e-07
[rank=16] Iter 107: J_model=3.8542427946e-06, |g|_inf=6.601462e-03, |delta_a|=1.682237e-06
[rank=16] Iter 108: J_model=3.8538983004e-06, |g|_inf=8.847448e-04, |delta_a|=6.019466e-07
[rank=16] Iter 109: J_model=3.8536743108e-06, |g|_inf=6.643914e-03, |delta_a|=2.076792e-06
[rank=16] Iter 110: J_model=3.8535368122e-06, |g|_inf=1.685023e-03, |delta_a|=8.469923e-07
[rank=16] Iter 111: J_model=3.8535275224e-06, |g|_inf=7.127945e-04, |delta_a|=2.766477e-07
[rank=16] Iter 112: J_model=3.8534970775e-06, |g|_inf=8.791996e-04, |delta_a|=4.832197e-07
[rank=16] Iter 113: J_model=3.8534247522e-06, |g|_inf=1.697893e-03, |delta_a|=1.285565e-06
[rank=16] Iter 114: J_model=3.8533499258e-06, |g|_inf=4.312092e-03, |delta_a|=1.617346e-06
[rank=16] Iter 115: J_model=3.8532915240e-06, |g|_inf=1.982061e-03, |delta_a|=1.421335e-06
[rank=16] Iter 116: J_model=3.8532712955e-06, |g|_inf=1.447638e-03, |delta_a|=3.907376e-07
[rank=16] Iter 117: J_model=3.8531573682e-06, |g|_inf=8.206681e-03, |delta_a|=1.653246e-06
[rank=16] Iter 118: J_model=3.8526968903e-06, |g|_inf=1.256845e-02, |delta_a|=2.189953e-06
[rank=16] Iter 119: J_model=3.8525773924e-06, |g|_inf=5.921908e-03, |delta_a|=2.582713e-07
[rank=16] Iter 120: J_model=3.8525045946e-06, |g|_inf=2.042451e-03, |delta_a|=4.629758e-07
[rank=16] Iter 121: J_model=3.8524798236e-06, |g|_inf=7.425132e-03, |delta_a|=3.273452e-07
[rank=16] Iter 122: J_model=3.8524708153e-06, |g|_inf=1.332805e-02, |delta_a|=1.824151e-07
[rank=16] Iter 123: J_model=3.8523587529e-06, |g|_inf=1.496087e-02, |delta_a|=1.597005e-07
[rank=16] Iter 124: J_model=3.8517314648e-06, |g|_inf=3.779986e-03, |delta_a|=1.611722e-06
[rank=16] Iter 125: J_model=3.8517299922e-06, |g|_inf=1.575248e-03, |delta_a|=2.474553e-16
[rank=16] Iter 126: J_model=3.8517298038e-06, |g|_inf=1.467734e-03, |delta_a|=1.078587e-18
[rank=16] Iter 127: J_model=3.8517296978e-06, |g|_inf=1.127432e-03, |delta_a|=1.753507e-20
[rank=16] Iter 128: J_model=3.8517296656e-06, |g|_inf=8.611012e-04, |delta_a|=8.824426e-20
[rank=16] Iter 129: J_model=3.8517296656e-06, |g|_inf=8.611012e-04, |delta_a|=7.696472e-21
[rank=16] Stop: CONVERGENCE: RELATIVE REDUCTION OF F <= FACTR*EPSMCH (steps=129)
rank= 16 | steps=129 | J_model=3.8517296656e-06 | J_ref=4.2376271486e-06 | CONVERGENCE: RELATIVE REDUCTION OF F <= FACTR*EPSMCH
