
--- 2026-09-24T18:22:42 | rank=30, k=10, grid=128x128, T=20, dt=0.005, method=L-BFGS-B, max_steps=200, tol=1e-15, gtol=1e-15, ftol=1e-14, maxcor=10, maxls=30 ---
[rank=30] Initial: J_model=4.3065392007e-03
[rank=30] Iter 1: J_model=3.6984179707e-03, |g|_inf=1.528988e+00, |delta_a|=1.231039e-02
[rank=30] Iter 2: J_model=1.2050859193e-03, |g|_inf=8.733147e-01, |delta_a|=2.023286e-03
[rank=30] Iter 3: J_model=2.3575186891e-05, |g|_inf=3.737825e-02, |delta_a|=2.740803e-03
[rank=30] Iter 4: J_model=2.0779192349e-05, |g|_inf=1.185809e-02, |delta_a|=1.188455e-04
[rank=30] Iter 5: J_model=2.0384633342e-05, |g|_inf=5.545791e-03, |delta_a|=4.580733e-05
[rank=30] Iter 6: J_model=2.0247761355e-05, |g|_inf=2.254109e-03, |delta_a|=4.181992e-05
[rank=30] Iter 7: J_model=2.0239521829e-05, |g|_inf=2.266197e-03, |delta_a|=7.881077e-06
[rank=30] Iter 8: J_model=2.0223634787e-05, |g|_inf=2.235055e-03, |delta_a|=3.449042e-05
[rank=30] Iter 9: J_model=2.0192867788e-05, |g|_inf=2.229700e-03, |delta_a|=1.600556e-05
[rank=30] Iter 10: J_model=2.0007158253e-05, |g|_inf=2.624955e-03, |delta_a|=1.815542e-04
[rank=30] Iter 11: J_model=1.9955986983e-05, |g|_inf=2.284296e-03, |delta_a|=6.198136e-05
[rank=30] Iter 12: J_model=1.9911005960e-05, |g|_inf=3.904660e-03, |delta_a|=1.540695e-04
[rank=30] Iter 13: J_model=1.9838988150e-05, |g|_inf=3.084171e-03, |delta_a|=3.724145e-05
[rank=30] Iter 14: J_model=1.9383779386e-05, |g|_inf=3.512797e-03, |delta_a|=4.732447e-04
[rank=30] Iter 15: J_model=1.9345422301e-05, |g|_inf=3.308263e-03, |delta_a|=6.537301e-05
[rank=30] Iter 16: J_model=1.9026787867e-05, |g|_inf=5.103659e-03, |delta_a|=2.835291e-04
[rank=30] Iter 17: J_model=1.8051727613e-05, |g|_inf=9.313862e-03, |delta_a|=1.078020e-03
[rank=30] Iter 18: J_model=1.6833455250e-05, |g|_inf=1.173070e-02, |delta_a|=7.541838e-04
[rank=30] Iter 19: J_model=1.3637533836e-05, |g|_inf=8.923797e-03, |delta_a|=2.268933e-03
[rank=30] Iter 20: J_model=9.3630344236e-06, |g|_inf=2.080019e-02, |delta_a|=5.331795e-03
[rank=30] Iter 21: J_model=8.3025756757e-06, |g|_inf=1.484302e-02, |delta_a|=1.497950e-03
[rank=30] Iter 22: J_model=7.6288060886e-06, |g|_inf=9.540086e-03, |delta_a|=1.660973e-04
[rank=30] Iter 23: J_model=7.5097385885e-06, |g|_inf=7.233432e-03, |delta_a|=6.467175e-04
[rank=30] Iter 24: J_model=7.1485769645e-06, |g|_inf=3.508689e-03, |delta_a|=5.579259e-04
[rank=30] Iter 25: J_model=7.1478658618e-06, |g|_inf=2.636997e-03, |delta_a|=2.870108e-06
[rank=30] Iter 26: J_model=7.1277060961e-06, |g|_inf=1.855352e-03, |delta_a|=7.007894e-05
[rank=30] Iter 27: J_model=7.0737439499e-06, |g|_inf=3.444196e-03, |delta_a|=2.743431e-04
[rank=30] Iter 28: J_model=6.9842582237e-06, |g|_inf=3.096106e-03, |delta_a|=1.866053e-04
[rank=30] Iter 29: J_model=6.7734071808e-06, |g|_inf=2.278163e-03, |delta_a|=3.807066e-04
[rank=30] Iter 30: J_model=6.5932545408e-06, |g|_inf=4.370325e-03, |delta_a|=6.027506e-04
[rank=30] Iter 31: J_model=6.2647959819e-06, |g|_inf=8.711114e-03, |delta_a|=3.861485e-04
[rank=30] Iter 32: J_model=5.8979255385e-06, |g|_inf=1.806816e-03, |delta_a|=4.934777e-04
[rank=30] Iter 33: J_model=5.3873647146e-06, |g|_inf=9.489212e-03, |delta_a|=1.201505e-03
[rank=30] Iter 34: J_model=5.1537491367e-06, |g|_inf=6.131549e-03, |delta_a|=2.425976e-04
[rank=30] Iter 35: J_model=4.8499525407e-06, |g|_inf=7.322950e-03, |delta_a|=9.013438e-04
[rank=30] Iter 36: J_model=4.7499158860e-06, |g|_inf=8.521021e-03, |delta_a|=6.284588e-04
[rank=30] Iter 37: J_model=4.4410085001e-06, |g|_inf=6.279906e-03, |delta_a|=6.267749e-04
[rank=30] Iter 38: J_model=4.3475189160e-06, |g|_inf=4.007249e-03, |delta_a|=1.000438e-03
[rank=30] Iter 39: J_model=4.2565021059e-06, |g|_inf=2.692815e-03, |delta_a|=4.341839e-04
[rank=30] Iter 40: J_model=4.2556278830e-06, |g|_inf=2.589638e-03, |delta_a|=1.415812e-05
[rank=30] Iter 41: J_model=4.2466971984e-06, |g|_inf=8.297906e-04, |delta_a|=3.428742e-05
[rank=30] Iter 42: J_model=4.2446390961e-06, |g|_inf=8.751521e-04, |delta_a|=4.259056e-05
[rank=30] Iter 43: J_model=4.2330237935e-06, |g|_inf=6.908489e-04, |delta_a|=1.359108e-05
[rank=30] Iter 44: J_model=4.1974646920e-06, |g|_inf=4.767818e-03, |delta_a|=1.777326e-04
[rank=30] Iter 45: J_model=4.1614674258e-06, |g|_inf=2.374563e-03, |delta_a|=3.734394e-05
[rank=30] Iter 46: J_model=4.1404670578e-06, |g|_inf=1.837044e-03, |delta_a|=8.005889e-05
[rank=30] Iter 47: J_model=4.1003529566e-06, |g|_inf=1.425410e-03, |delta_a|=1.837855e-04
[rank=30] Iter 48: J_model=4.0970021115e-06, |g|_inf=3.000481e-03, |delta_a|=9.708570e-05
[rank=30] Iter 49: J_model=4.0940386224e-06, |g|_inf=2.919579e-03, |delta_a|=6.038975e-05
[rank=30] Iter 50: J_model=4.0807866764e-06, |g|_inf=2.268630e-03, |delta_a|=1.798028e-05
[rank=30] Iter 51: J_model=4.0792091421e-06, |g|_inf=2.902358e-03, |delta_a|=7.573033e-07
[rank=30] Iter 52: J_model=4.0639778154e-06, |g|_inf=3.676684e-03, |delta_a|=2.226207e-04
[rank=30] Iter 53: J_model=4.0283980991e-06, |g|_inf=2.134862e-03, |delta_a|=7.372065e-05
[rank=30] Iter 54: J_model=4.0163639037e-06, |g|_inf=1.081061e-03, |delta_a|=3.408136e-05
[rank=30] Iter 55: J_model=4.0104181724e-06, |g|_inf=8.462310e-04, |delta_a|=4.111083e-05
[rank=30] Iter 56: J_model=4.0080454271e-06, |g|_inf=4.947285e-04, |delta_a|=8.204441e-06
[rank=30] Iter 57: J_model=4.0074404462e-06, |g|_inf=2.353241e-04, |delta_a|=5.946821e-06
[rank=30] Iter 58: J_model=4.0070348143e-06, |g|_inf=5.909759e-04, |delta_a|=3.149312e-06
[rank=30] Iter 59: J_model=4.0069557665e-06, |g|_inf=5.800771e-04, |delta_a|=1.256090e-06
[rank=30] Iter 60: J_model=4.0067039084e-06, |g|_inf=3.610073e-04, |delta_a|=3.262844e-06
[rank=30] Iter 61: J_model=4.0064316160e-06, |g|_inf=1.033652e-03, |delta_a|=6.800158e-06
[rank=30] Iter 62: J_model=4.0062901736e-06, |g|_inf=1.508437e-03, |delta_a|=7.440735e-06
[rank=30] Iter 63: J_model=4.0061411828e-06, |g|_inf=1.542680e-04, |delta_a|=1.371059e-06
[rank=30] Iter 64: J_model=4.0060734350e-06, |g|_inf=4.812680e-04, |delta_a|=3.413226e-06
[rank=30] Iter 65: J_model=4.0057754877e-06, |g|_inf=3.245603e-03, |delta_a|=4.288842e-06
[rank=30] Iter 66: J_model=4.0055489072e-06, |g|_inf=1.086280e-01, |delta_a|=4.395673e-08
[rank=30] Iter 67: J_model=4.0052914353e-06, |g|_inf=1.470637e+00, |delta_a|=4.239663e-16
[rank=30] Stop: ABNORMAL:  (steps=67)
rank= 30 | steps=67 | J_model=4.0052914353e-06 | J_ref=4.2241463779e-06 | ABNORMAL: 
