
--- 2026-09-24T08:18:55 | rank=3, k=10, grid=128x128, T=20, dt=0.005, method=L-BFGS-B, max_steps=200, tol=1e-15, gtol=1e-15, ftol=1e-14, maxcor=10, maxls=30 ---
[rank=3] Initial: J_model=3.9270540400e-03
[rank=3] Iter 1: J_model=1.5781578682e-05, |g|_inf=8.708480e-02, |delta_a|=4.665876e-03
[rank=3] Iter 2: J_model=3.7393030620e-06, |g|_inf=1.608773e-03, |delta_a|=2.704981e-04
[rank=3] Iter 3: J_model=3.7326461616e-06, |g|_inf=8.262066e-04, |delta_a|=5.174749e-06
[rank=3] Iter 4: J_model=3.7295990038e-06, |g|_inf=2.396527e-04, |delta_a|=6.379012e-06
[rank=3] Iter 5: J_model=3.7272061525e-06, |g|_inf=4.068399e-04, |delta_a|=1.078476e-05
[rank=3] Iter 6: J_model=3.7112892591e-06, |g|_inf=1.611522e-03, |delta_a|=7.706530e-05
[rank=3] Iter 7: J_model=3.5775777837e-06, |g|_inf=6.944101e-03, |delta_a|=5.715131e-04
[rank=3] Iter 8: J_model=3.5618448563e-06, |g|_inf=8.086585e-03, |delta_a|=1.300274e-04
[rank=3] Iter 9: J_model=3.4895500277e-06, |g|_inf=7.942039e-03, |delta_a|=7.462467e-05
[rank=3] Iter 10: J_model=3.1564199583e-06, |g|_inf=2.185188e-03, |delta_a|=4.323841e-04
[rank=3] Iter 11: J_model=3.1332221321e-06, |g|_inf=2.199732e-03, |delta_a|=1.526686e-04
[rank=3] Iter 12: J_model=3.1246713788e-06, |g|_inf=1.338320e-04, |delta_a|=4.169748e-05
[rank=3] Iter 13: J_model=3.1246244749e-06, |g|_inf=4.116108e-05, |delta_a|=3.123361e-06
[rank=3] Iter 14: J_model=3.1245915557e-06, |g|_inf=4.140549e-05, |delta_a|=1.076755e-06
[rank=3] Iter 15: J_model=3.1243502512e-06, |g|_inf=2.108216e-04, |delta_a|=6.285479e-06
[rank=3] Iter 16: J_model=3.1238663597e-06, |g|_inf=4.404196e-04, |delta_a|=1.216507e-05
[rank=3] Iter 17: J_model=3.1225007375e-06, |g|_inf=8.458152e-04, |delta_a|=3.544188e-05
[rank=3] Iter 18: J_model=3.1191200438e-06, |g|_inf=1.313473e-03, |delta_a|=8.363613e-05
[rank=3] Iter 19: J_model=3.1095631276e-06, |g|_inf=1.293513e-03, |delta_a|=3.191012e-04
[rank=3] Iter 20: J_model=3.1084775297e-06, |g|_inf=1.482538e-03, |delta_a|=3.876326e-05
[rank=3] Iter 21: J_model=3.1009837014e-06, |g|_inf=1.057482e-03, |delta_a|=1.277890e-04
[rank=3] Iter 22: J_model=3.0956428346e-06, |g|_inf=7.266683e-04, |delta_a|=1.209498e-04
[rank=3] Iter 23: J_model=3.0937379087e-06, |g|_inf=1.424300e-04, |delta_a|=6.130358e-05
[rank=3] Iter 24: J_model=3.0935539532e-06, |g|_inf=1.269095e-04, |delta_a|=9.562387e-06
[rank=3] Iter 25: J_model=3.0934547405e-06, |g|_inf=1.077090e-04, |delta_a|=1.430791e-05
[rank=3] Iter 26: J_model=3.0928122047e-06, |g|_inf=5.544776e-05, |delta_a|=6.000645e-05
[rank=3] Iter 27: J_model=3.0914296873e-06, |g|_inf=6.706388e-05, |delta_a|=1.233466e-04
[rank=3] Iter 28: J_model=3.0883894941e-06, |g|_inf=5.894243e-04, |delta_a|=1.571564e-04
[rank=3] Iter 29: J_model=3.0825362942e-06, |g|_inf=5.364467e-04, |delta_a|=2.025652e-04
[rank=3] Iter 30: J_model=3.0708126658e-06, |g|_inf=3.229471e-04, |delta_a|=2.811292e-04
[rank=3] Iter 31: J_model=3.0590140381e-06, |g|_inf=5.194053e-04, |delta_a|=2.369159e-04
[rank=3] Iter 32: J_model=3.0374521978e-06, |g|_inf=7.460336e-04, |delta_a|=3.885032e-04
[rank=3] Iter 33: J_model=3.0328803999e-06, |g|_inf=2.702710e-04, |delta_a|=1.802889e-04
[rank=3] Iter 34: J_model=3.0321532333e-06, |g|_inf=4.042010e-04, |delta_a|=7.045114e-05
[rank=3] Iter 35: J_model=3.0302371695e-06, |g|_inf=6.680957e-05, |delta_a|=1.446391e-04
[rank=3] Iter 36: J_model=3.0297167292e-06, |g|_inf=1.051168e-04, |delta_a|=3.870636e-05
[rank=3] Iter 37: J_model=3.0277401019e-06, |g|_inf=2.490947e-04, |delta_a|=1.637560e-04
[rank=3] Iter 38: J_model=3.0245201269e-06, |g|_inf=4.826611e-04, |delta_a|=1.603856e-04
[rank=3] Iter 39: J_model=3.0216060421e-06, |g|_inf=4.273805e-04, |delta_a|=1.914104e-04
[rank=3] Iter 40: J_model=3.0130822567e-06, |g|_inf=1.317821e-03, |delta_a|=4.108538e-04
[rank=3] Iter 41: J_model=2.9917428764e-06, |g|_inf=2.769639e-04, |delta_a|=3.051156e-04
[rank=3] Iter 42: J_model=2.9825852898e-06, |g|_inf=1.852514e-03, |delta_a|=2.494605e-04
[rank=3] Iter 43: J_model=2.9698935117e-06, |g|_inf=3.011229e-03, |delta_a|=4.364950e-04
[rank=3] Iter 44: J_model=2.9489999614e-06, |g|_inf=1.482785e-03, |delta_a|=1.852789e-04
[rank=3] Iter 45: J_model=2.9412670400e-06, |g|_inf=3.205525e-04, |delta_a|=1.250644e-04
[rank=3] Iter 46: J_model=2.9362091267e-06, |g|_inf=5.498370e-04, |delta_a|=1.422156e-04
[rank=3] Iter 47: J_model=2.9339154296e-06, |g|_inf=5.520209e-04, |delta_a|=1.007443e-04
[rank=3] Iter 48: J_model=2.9325582952e-06, |g|_inf=2.613492e-04, |delta_a|=8.887111e-05
[rank=3] Iter 49: J_model=2.9322059204e-06, |g|_inf=1.346911e-04, |delta_a|=3.064505e-05
[rank=3] Iter 50: J_model=2.9320276124e-06, |g|_inf=5.461196e-05, |delta_a|=1.915323e-05
[rank=3] Iter 51: J_model=2.9317231399e-06, |g|_inf=8.939793e-05, |delta_a|=4.298899e-05
[rank=3] Iter 52: J_model=2.9313991207e-06, |g|_inf=1.577915e-04, |delta_a|=3.801021e-05
[rank=3] Iter 53: J_model=2.9307065140e-06, |g|_inf=1.776055e-04, |delta_a|=6.841550e-05
[rank=3] Iter 54: J_model=2.9303461615e-06, |g|_inf=1.560416e-04, |delta_a|=6.653262e-05
[rank=3] Iter 55: J_model=2.9302673839e-06, |g|_inf=2.109616e-05, |delta_a|=1.706196e-05
[rank=3] Iter 56: J_model=2.9302611912e-06, |g|_inf=2.074415e-05, |delta_a|=4.769473e-06
[rank=3] Iter 57: J_model=2.9302419991e-06, |g|_inf=2.727414e-05, |delta_a|=3.992281e-06
[rank=3] Iter 58: J_model=2.9301321934e-06, |g|_inf=7.541198e-05, |delta_a|=1.714533e-05
[rank=3] Iter 59: J_model=2.9299147103e-06, |g|_inf=1.069530e-04, |delta_a|=2.725492e-05
[rank=3] Iter 60: J_model=2.9293882855e-06, |g|_inf=2.348691e-04, |delta_a|=5.598493e-05
[rank=3] Iter 61: J_model=2.9282142639e-06, |g|_inf=5.081026e-04, |delta_a|=1.105417e-04
[rank=3] Iter 62: J_model=2.9257681053e-06, |g|_inf=7.129056e-04, |delta_a|=1.966395e-04
[rank=3] Iter 63: J_model=2.9227864420e-06, |g|_inf=1.216294e-03, |delta_a|=1.565603e-04
[rank=3] Iter 64: J_model=2.9171882506e-06, |g|_inf=1.945930e-03, |delta_a|=2.592379e-04
[rank=3] Iter 65: J_model=2.9056637627e-06, |g|_inf=2.556674e-03, |delta_a|=3.263882e-04
[rank=3] Iter 66: J_model=2.8989867813e-06, |g|_inf=1.663046e-03, |delta_a|=2.885032e-04
[rank=3] Iter 67: J_model=2.8907678294e-06, |g|_inf=4.006960e-04, |delta_a|=1.386698e-04
[rank=3] Iter 68: J_model=2.8889354007e-06, |g|_inf=5.767101e-04, |delta_a|=5.590301e-05
[rank=3] Iter 69: J_model=2.8851229788e-06, |g|_inf=6.688932e-04, |delta_a|=1.789285e-04
[rank=3] Iter 70: J_model=2.8839328426e-06, |g|_inf=5.979428e-04, |delta_a|=3.227811e-05
[rank=3] Iter 71: J_model=2.8815039136e-06, |g|_inf=4.229803e-04, |delta_a|=4.714196e-05
[rank=3] Iter 72: J_model=2.8766150119e-06, |g|_inf=4.292419e-04, |delta_a|=2.744919e-04
[rank=3] Iter 73: J_model=2.8746971080e-06, |g|_inf=5.573999e-04, |delta_a|=5.545877e-05
[rank=3] Iter 74: J_model=2.8715181909e-06, |g|_inf=6.752606e-04, |delta_a|=6.846269e-05
[rank=3] Iter 75: J_model=2.8678114685e-06, |g|_inf=3.331481e-04, |delta_a|=2.187076e-04
[rank=3] Iter 76: J_model=2.8630861172e-06, |g|_inf=5.489845e-04, |delta_a|=1.384929e-04
[rank=3] Iter 77: J_model=2.8592701892e-06, |g|_inf=9.754043e-04, |delta_a|=9.291949e-05
[rank=3] Iter 78: J_model=2.8530762774e-06, |g|_inf=1.131380e-03, |delta_a|=2.547400e-04
[rank=3] Iter 79: J_model=2.8490448488e-06, |g|_inf=7.099295e-04, |delta_a|=6.443779e-05
[rank=3] Iter 80: J_model=2.8464346347e-06, |g|_inf=1.426278e-03, |delta_a|=8.151661e-05
[rank=3] Iter 81: J_model=2.8419536034e-06, |g|_inf=1.779474e-03, |delta_a|=3.037224e-04
[rank=3] Iter 82: J_model=2.8402587799e-06, |g|_inf=1.991372e-03, |delta_a|=6.452854e-05
[rank=3] Iter 83: J_model=2.8331274280e-06, |g|_inf=1.133893e-03, |delta_a|=1.858384e-04
[rank=3] Iter 84: J_model=2.8277429306e-06, |g|_inf=1.278509e-03, |delta_a|=1.315587e-04
[rank=3] Iter 85: J_model=2.8088377790e-06, |g|_inf=4.381052e-03, |delta_a|=4.582770e-04
[rank=3] Iter 86: J_model=2.8079239313e-06, |g|_inf=2.154799e-03, |delta_a|=1.761729e-05
[rank=3] Iter 87: J_model=2.8063312101e-06, |g|_inf=1.167806e-03, |delta_a|=1.545132e-05
[rank=3] Iter 88: J_model=2.8033908425e-06, |g|_inf=5.379137e-03, |delta_a|=7.974902e-05
[rank=3] Iter 89: J_model=2.7970372731e-06, |g|_inf=4.162748e-03, |delta_a|=2.382240e-04
[rank=3] Iter 90: J_model=2.7923104986e-06, |g|_inf=2.139789e-03, |delta_a|=3.887204e-05
[rank=3] Iter 91: J_model=2.7874118912e-06, |g|_inf=1.204673e-02, |delta_a|=9.828486e-05
[rank=3] Iter 92: J_model=2.7849843718e-06, |g|_inf=2.431964e-02, |delta_a|=1.055991e-04
[rank=3] Iter 93: J_model=2.7819591799e-06, |g|_inf=1.126745e-02, |delta_a|=8.725769e-05
[rank=3] Iter 94: J_model=2.7795199903e-06, |g|_inf=3.725563e-03, |delta_a|=3.943314e-05
[rank=3] Iter 95: J_model=2.7784047971e-06, |g|_inf=1.156185e-02, |delta_a|=6.882027e-05
[rank=3] Iter 96: J_model=2.7778680568e-06, |g|_inf=2.085284e-03, |delta_a|=2.272077e-06
[rank=3] Iter 97: J_model=2.7776437248e-06, |g|_inf=7.064628e-04, |delta_a|=2.910790e-05
[rank=3] Iter 98: J_model=2.7774451074e-06, |g|_inf=5.886666e-04, |delta_a|=1.273587e-05
[rank=3] Iter 99: J_model=2.7766504689e-06, |g|_inf=9.794744e-03, |delta_a|=3.737960e-05
[rank=3] Iter 100: J_model=2.7761015633e-06, |g|_inf=5.854123e-03, |delta_a|=1.843614e-05
[rank=3] Iter 101: J_model=2.7756484014e-06, |g|_inf=1.470275e-02, |delta_a|=4.480444e-05
[rank=3] Iter 102: J_model=2.7753503767e-06, |g|_inf=6.566409e-04, |delta_a|=1.581204e-05
[rank=3] Iter 103: J_model=2.7752668035e-06, |g|_inf=8.246577e-03, |delta_a|=1.150644e-05
[rank=3] Iter 104: J_model=2.7752084122e-06, |g|_inf=7.960897e-04, |delta_a|=3.240918e-06
[rank=3] Iter 105: J_model=2.7751786489e-06, |g|_inf=1.766239e-03, |delta_a|=1.147019e-05
[rank=3] Iter 106: J_model=2.7751398973e-06, |g|_inf=3.667896e-03, |delta_a|=8.748860e-06
[rank=3] Iter 107: J_model=2.7750813015e-06, |g|_inf=3.673446e-03, |delta_a|=1.326852e-05
[rank=3] Iter 108: J_model=2.7749986035e-06, |g|_inf=1.232325e-03, |delta_a|=2.367293e-05
[rank=3] Iter 109: J_model=2.7749047745e-06, |g|_inf=2.141311e-03, |delta_a|=6.277145e-06
[rank=3] Iter 110: J_model=2.7746250240e-06, |g|_inf=1.149081e-02, |delta_a|=1.106447e-05
[rank=3] Iter 111: J_model=2.7739140201e-06, |g|_inf=1.790019e-02, |delta_a|=1.848990e-05
[rank=3] Iter 112: J_model=2.7726826277e-06, |g|_inf=6.639637e-03, |delta_a|=4.705352e-05
[rank=3] Iter 113: J_model=2.7722793403e-06, |g|_inf=2.578876e-02, |delta_a|=1.932674e-05
[rank=3] Iter 114: J_model=2.7712799936e-06, |g|_inf=6.041506e-03, |delta_a|=1.770380e-05
[rank=3] Iter 115: J_model=2.7710598917e-06, |g|_inf=1.071900e-02, |delta_a|=4.159283e-06
[rank=3] Iter 116: J_model=2.7705253372e-06, |g|_inf=5.643956e-04, |delta_a|=1.348007e-05
[rank=3] Iter 117: J_model=2.7702950365e-06, |g|_inf=2.058886e-02, |delta_a|=5.483382e-06
[rank=3] Iter 118: J_model=2.7696472357e-06, |g|_inf=4.476800e-03, |delta_a|=8.856614e-06
[rank=3] Iter 119: J_model=2.7684850852e-06, |g|_inf=1.939553e-02, |delta_a|=2.687260e-05
[rank=3] Iter 120: J_model=2.7683513574e-06, |g|_inf=4.826782e-02, |delta_a|=1.291630e-05
[rank=3] Iter 121: J_model=2.7679153125e-06, |g|_inf=2.891919e-03, |delta_a|=6.525603e-06
[rank=3] Iter 122: J_model=2.7677154218e-06, |g|_inf=1.736735e-02, |delta_a|=1.453651e-05
[rank=3] Iter 123: J_model=2.7675189788e-06, |g|_inf=3.646117e-03, |delta_a|=2.050362e-05
[rank=3] Iter 124: J_model=2.7673132775e-06, |g|_inf=6.919036e-03, |delta_a|=1.560169e-05
[rank=3] Iter 125: J_model=2.7668632505e-06, |g|_inf=5.756476e-03, |delta_a|=4.157528e-05
[rank=3] Iter 126: J_model=2.7668514972e-06, |g|_inf=1.168912e-02, |delta_a|=9.141333e-07
[rank=3] Iter 127: J_model=2.7667018209e-06, |g|_inf=7.931981e-03, |delta_a|=2.086195e-05
[rank=3] Iter 128: J_model=2.7665705257e-06, |g|_inf=1.278682e-02, |delta_a|=2.158194e-05
[rank=3] Iter 129: J_model=2.7664188831e-06, |g|_inf=1.105826e-02, |delta_a|=1.237389e-05
[rank=3] Iter 130: J_model=2.7662604978e-06, |g|_inf=1.830211e-02, |delta_a|=1.429623e-05
[rank=3] Iter 131: J_model=2.7660459537e-06, |g|_inf=1.497899e-02, |delta_a|=2.776491e-05
[rank=3] Iter 132: J_model=2.7658083242e-06, |g|_inf=3.635159e-02, |delta_a|=1.649129e-05
[rank=3] Iter 133: J_model=2.7653089092e-06, |g|_inf=2.133909e-02, |delta_a|=2.313148e-05
[rank=3] Iter 134: J_model=2.7651885420e-06, |g|_inf=1.344394e-03, |delta_a|=1.075856e-05
[rank=3] Iter 135: J_model=2.7648404872e-06, |g|_inf=8.362115e-03, |delta_a|=2.132025e-05
[rank=3] Iter 136: J_model=2.7646371777e-06, |g|_inf=1.998519e-02, |delta_a|=1.781349e-05
[rank=3] Iter 137: J_model=2.7645201734e-06, |g|_inf=3.814640e-03, |delta_a|=7.329440e-06
[rank=3] Iter 138: J_model=2.7644894810e-06, |g|_inf=1.069368e-02, |delta_a|=5.480690e-06
[rank=3] Iter 139: J_model=2.7644559205e-06, |g|_inf=1.039012e-02, |delta_a|=5.334542e-06
[rank=3] Iter 140: J_model=2.7644439951e-06, |g|_inf=9.370159e-03, |delta_a|=4.439575e-06
[rank=3] Iter 141: J_model=2.7644152856e-06, |g|_inf=1.003449e-02, |delta_a|=5.069785e-06
[rank=3] Iter 142: J_model=2.7643328693e-06, |g|_inf=5.787749e-03, |delta_a|=1.035413e-05
[rank=3] Iter 143: J_model=2.7641916633e-06, |g|_inf=8.179869e-03, |delta_a|=2.911217e-05
[rank=3] Iter 144: J_model=2.7641301609e-06, |g|_inf=2.553703e-03, |delta_a|=2.413119e-05
[rank=3] Iter 145: J_model=2.7641071539e-06, |g|_inf=1.266903e-02, |delta_a|=7.592718e-06
[rank=3] Iter 146: J_model=2.7640555622e-06, |g|_inf=6.867732e-03, |delta_a|=7.219794e-06
[rank=3] Iter 147: J_model=2.7640128768e-06, |g|_inf=4.345620e-03, |delta_a|=7.749031e-06
[rank=3] Iter 148: J_model=2.7639793749e-06, |g|_inf=7.388799e-03, |delta_a|=1.453374e-05
[rank=3] Iter 149: J_model=2.7639715039e-06, |g|_inf=8.963953e-03, |delta_a|=2.877080e-06
[rank=3] Iter 150: J_model=2.7639510145e-06, |g|_inf=3.140035e-04, |delta_a|=1.137253e-05
[rank=3] Iter 151: J_model=2.7639453794e-06, |g|_inf=2.936195e-04, |delta_a|=1.856986e-06
[rank=3] Iter 152: J_model=2.7639370545e-06, |g|_inf=3.480818e-04, |delta_a|=7.691762e-06
[rank=3] Iter 153: J_model=2.7639259792e-06, |g|_inf=1.929418e-03, |delta_a|=1.907515e-06
[rank=3] Iter 154: J_model=2.7638983985e-06, |g|_inf=2.336749e-03, |delta_a|=8.843948e-06
[rank=3] Iter 155: J_model=2.7638549844e-06, |g|_inf=1.026480e-02, |delta_a|=4.245004e-06
[rank=3] Iter 156: J_model=2.7637564619e-06, |g|_inf=6.903879e-04, |delta_a|=2.245781e-05
[rank=3] Iter 157: J_model=2.7635233475e-06, |g|_inf=1.393212e-02, |delta_a|=2.845456e-05
[rank=3] Iter 158: J_model=2.7626317277e-06, |g|_inf=8.433336e-03, |delta_a|=4.071498e-05
[rank=3] Iter 159: J_model=2.7620856985e-06, |g|_inf=1.999819e-02, |delta_a|=2.883287e-05
[rank=3] Iter 160: J_model=2.7603359237e-06, |g|_inf=4.537126e-02, |delta_a|=4.277288e-05
[rank=3] Iter 161: J_model=2.7538556161e-06, |g|_inf=1.069847e-01, |delta_a|=9.256880e-05
[rank=3] Iter 162: J_model=2.7527358622e-06, |g|_inf=6.555888e-02, |delta_a|=1.400830e-05
[rank=3] Iter 163: J_model=2.7512952599e-06, |g|_inf=1.181130e-02, |delta_a|=2.698050e-05
[rank=3] Iter 164: J_model=2.7504836968e-06, |g|_inf=1.574892e-01, |delta_a|=6.256112e-05
[rank=3] Iter 165: J_model=2.7468640770e-06, |g|_inf=5.018714e-02, |delta_a|=2.312687e-05
[rank=3] Iter 166: J_model=2.7436919584e-06, |g|_inf=1.620604e-03, |delta_a|=7.657226e-05
[rank=3] Iter 167: J_model=2.7425478885e-06, |g|_inf=5.577589e-03, |delta_a|=5.105712e-05
[rank=3] Iter 168: J_model=2.7381256801e-06, |g|_inf=6.750845e-02, |delta_a|=9.121056e-05
[rank=3] Iter 169: J_model=2.7365059980e-06, |g|_inf=3.146355e-03, |delta_a|=4.529424e-05
[rank=3] Iter 170: J_model=2.7353515423e-06, |g|_inf=5.684283e-03, |delta_a|=1.321527e-05
[rank=3] Iter 171: J_model=2.7323758237e-06, |g|_inf=4.512918e-02, |delta_a|=3.950598e-05
[rank=3] Iter 172: J_model=2.7272082164e-06, |g|_inf=5.229777e-02, |delta_a|=1.223177e-04
[rank=3] Iter 173: J_model=2.7270303556e-06, |g|_inf=8.251867e-03, |delta_a|=1.196755e-05
[rank=3] Iter 174: J_model=2.7260428937e-06, |g|_inf=2.158859e-02, |delta_a|=5.851672e-05
[rank=3] Iter 175: J_model=2.7251341343e-06, |g|_inf=2.393418e-02, |delta_a|=2.333331e-05
[rank=3] Iter 176: J_model=2.7241956582e-06, |g|_inf=5.575774e-02, |delta_a|=2.076763e-05
[rank=3] Iter 177: J_model=2.7235675133e-06, |g|_inf=1.923903e-03, |delta_a|=3.566414e-05
[rank=3] Iter 178: J_model=2.7231617520e-06, |g|_inf=2.189853e-02, |delta_a|=3.206583e-05
[rank=3] Iter 179: J_model=2.7227937808e-06, |g|_inf=4.059776e-02, |delta_a|=1.604932e-05
[rank=3] Iter 180: J_model=2.7225388705e-06, |g|_inf=8.015450e-02, |delta_a|=2.174490e-05
[rank=3] Iter 181: J_model=2.7217454352e-06, |g|_inf=8.051132e-02, |delta_a|=1.275982e-05
[rank=3] Iter 182: J_model=2.7215882151e-06, |g|_inf=3.013724e-01, |delta_a|=7.470483e-06
[rank=3] Iter 183: J_model=2.7211577079e-06, |g|_inf=4.776105e-02, |delta_a|=8.214084e-06
[rank=3] Iter 184: J_model=2.7211434573e-06, |g|_inf=3.086661e-01, |delta_a|=1.034257e-06
[rank=3] Iter 185: J_model=2.7206684788e-06, |g|_inf=2.227524e-01, |delta_a|=1.642452e-05
[rank=3] Iter 186: J_model=2.7206084465e-06, |g|_inf=4.912400e-01, |delta_a|=4.182027e-06
[rank=3] Iter 187: J_model=2.7204626126e-06, |g|_inf=1.555231e-01, |delta_a|=8.877271e-06
[rank=3] Iter 188: J_model=2.7203778666e-06, |g|_inf=3.478591e-01, |delta_a|=5.267629e-06
[rank=3] Iter 189: J_model=2.7202176114e-06, |g|_inf=1.143568e+00, |delta_a|=6.066105e-06
[rank=3] Iter 190: J_model=2.7201539580e-06, |g|_inf=1.975779e+00, |delta_a|=3.474995e-06
[rank=3] Iter 191: J_model=2.7201539577e-06, |g|_inf=1.975770e+00, |delta_a|=3.088847e-16
[rank=3] Stop: CONVERGENCE: RELATIVE REDUCTION OF F <= FACTR*EPSMCH (steps=191)
rank=  3 | steps=191 | J_model=2.7201539577e-06 | J_ref=9.7492033494e-05 | CONVERGENCE: RELATIVE REDUCTION OF F <= FACTR*EPSMCH
