
--- 2026-09-24T18:18:13 | rank=6, k=10, grid=128x128, T=20, dt=0.005, method=L-BFGS-B, max_steps=200, tol=1e-15, gtol=1e-15, ftol=1e-14, maxcor=10, maxls=30 ---
[rank=6] Initial: J_model=4.3646221562e-03
[rank=6] Iter 1: J_model=7.8811703622e-04, |g|_inf=4.161936e-01, |delta_a|=1.247295e-02
[rank=6] Iter 2: J_model=1.4202376866e-04, |g|_inf=1.971624e-01, |delta_a|=1.571293e-03
[rank=6] Iter 3: J_model=5.6155229521e-05, |g|_inf=1.293884e-01, |delta_a|=7.407787e-04
[rank=6] Iter 4: J_model=5.2333052306e-05, |g|_inf=1.480974e-01, |delta_a|=2.750450e-04
[rank=6] Iter 5: J_model=4.1631620111e-05, |g|_inf=2.860777e-01, |delta_a|=3.128587e-04
[rank=6] Iter 6: J_model=2.8083883517e-05, |g|_inf=3.003819e-02, |delta_a|=2.426994e-04
[rank=6] Iter 7: J_model=2.6255221346e-05, |g|_inf=1.244360e-02, |delta_a|=7.109954e-05
[rank=6] Iter 8: J_model=2.5798941821e-05, |g|_inf=3.959448e-03, |delta_a|=4.925632e-05
[rank=6] Iter 9: J_model=2.4294340719e-05, |g|_inf=4.034418e-03, |delta_a|=3.674192e-04
[rank=6] Iter 10: J_model=1.6326812387e-05, |g|_inf=2.112087e-02, |delta_a|=2.623930e-03
[rank=6] Iter 11: J_model=1.6064906317e-05, |g|_inf=1.487913e-02, |delta_a|=1.924844e-05
[rank=6] Iter 12: J_model=1.5994623613e-05, |g|_inf=1.478866e-02, |delta_a|=2.110572e-05
[rank=6] Iter 13: J_model=1.5703716247e-05, |g|_inf=1.417498e-02, |delta_a|=3.109524e-05
[rank=6] Iter 14: J_model=1.5703674936e-05, |g|_inf=1.386649e-02, |delta_a|=7.161207e-09
[rank=6] Iter 15: J_model=1.5666993324e-05, |g|_inf=1.892860e-01, |delta_a|=1.403005e-04
[rank=6] Iter 16: J_model=1.5298711578e-05, |g|_inf=1.852771e-01, |delta_a|=1.997963e-05
[rank=6] Iter 17: J_model=1.5105060951e-05, |g|_inf=1.479967e-01, |delta_a|=2.072047e-05
[rank=6] Iter 18: J_model=1.4977679010e-05, |g|_inf=1.656654e-01, |delta_a|=5.186298e-05
[rank=6] Iter 19: J_model=1.4569906914e-05, |g|_inf=6.917551e-02, |delta_a|=3.696689e-03
[rank=6] Iter 20: J_model=1.4293104276e-05, |g|_inf=5.512766e-02, |delta_a|=3.055671e-04
[rank=6] Iter 21: J_model=9.7043104041e-06, |g|_inf=3.022642e-02, |delta_a|=1.210351e-04
[rank=6] Iter 22: J_model=7.2151321424e-06, |g|_inf=5.199126e-02, |delta_a|=5.090414e-04
[rank=6] Iter 23: J_model=6.1515842280e-06, |g|_inf=7.629344e-03, |delta_a|=1.291078e-04
[rank=6] Iter 24: J_model=5.8595927020e-06, |g|_inf=3.159931e-03, |delta_a|=1.850569e-04
[rank=6] Iter 25: J_model=5.6816941125e-06, |g|_inf=7.792869e-03, |delta_a|=2.462610e-04
[rank=6] Iter 26: J_model=5.3289381816e-06, |g|_inf=5.499140e-03, |delta_a|=3.583906e-04
[rank=6] Iter 27: J_model=5.1156732137e-06, |g|_inf=9.905976e-03, |delta_a|=2.908649e-04
[rank=6] Iter 28: J_model=4.8892704728e-06, |g|_inf=1.547045e-02, |delta_a|=3.595850e-04
[rank=6] Iter 29: J_model=4.6563259876e-06, |g|_inf=7.119119e-03, |delta_a|=1.929430e-04
[rank=6] Iter 30: J_model=4.4089613986e-06, |g|_inf=6.268669e-03, |delta_a|=3.914017e-04
[rank=6] Iter 31: J_model=4.3064816001e-06, |g|_inf=4.927549e-03, |delta_a|=1.274157e-04
[rank=6] Iter 32: J_model=4.1933781051e-06, |g|_inf=4.397190e-03, |delta_a|=3.155545e-04
[rank=6] Iter 33: J_model=4.1270571867e-06, |g|_inf=2.559078e-03, |delta_a|=6.027477e-05
[rank=6] Iter 34: J_model=4.1239022282e-06, |g|_inf=2.267806e-03, |delta_a|=4.017656e-05
[rank=6] Iter 35: J_model=4.1018636642e-06, |g|_inf=1.640891e-03, |delta_a|=3.836926e-05
[rank=6] Iter 36: J_model=4.0822552223e-06, |g|_inf=3.527040e-03, |delta_a|=7.087491e-05
[rank=6] Iter 37: J_model=4.0378574234e-06, |g|_inf=1.124656e-02, |delta_a|=5.565752e-05
[rank=6] Iter 38: J_model=4.0297890039e-06, |g|_inf=5.368114e-03, |delta_a|=1.418880e-05
[rank=6] Iter 39: J_model=4.0246258082e-06, |g|_inf=5.734207e-03, |delta_a|=1.338610e-05
[rank=6] Iter 40: J_model=4.0221150313e-06, |g|_inf=4.547199e-03, |delta_a|=1.144761e-05
[rank=6] Iter 41: J_model=4.0075172865e-06, |g|_inf=1.402987e-02, |delta_a|=5.412972e-05
[rank=6] Iter 42: J_model=3.9773883675e-06, |g|_inf=9.951997e-03, |delta_a|=5.052719e-05
[rank=6] Iter 43: J_model=3.9753957166e-06, |g|_inf=1.379162e-02, |delta_a|=1.546973e-05
[rank=6] Iter 44: J_model=3.9741581330e-06, |g|_inf=3.433079e-03, |delta_a|=4.012201e-06
[rank=6] Iter 45: J_model=3.9657249820e-06, |g|_inf=2.675732e-02, |delta_a|=1.875581e-05
[rank=6] Iter 46: J_model=3.9622833741e-06, |g|_inf=1.070283e-02, |delta_a|=7.887683e-06
[rank=6] Iter 47: J_model=3.9573703542e-06, |g|_inf=1.473685e-02, |delta_a|=1.370706e-05
[rank=6] Iter 48: J_model=3.9540071932e-06, |g|_inf=1.722958e-02, |delta_a|=7.982258e-06
[rank=6] Iter 49: J_model=3.9451727801e-06, |g|_inf=6.699035e-03, |delta_a|=1.489143e-05
[rank=6] Iter 50: J_model=3.9363276668e-06, |g|_inf=1.001843e-02, |delta_a|=1.448465e-05
[rank=6] Iter 51: J_model=3.9293686701e-06, |g|_inf=2.966082e-03, |delta_a|=1.133756e-05
[rank=6] Iter 52: J_model=3.9175175803e-06, |g|_inf=3.648832e-03, |delta_a|=2.277964e-05
[rank=6] Iter 53: J_model=3.9100407960e-06, |g|_inf=3.027281e-03, |delta_a|=2.455074e-05
[rank=6] Iter 54: J_model=3.9014355778e-06, |g|_inf=2.822581e-03, |delta_a|=3.623140e-05
[rank=6] Iter 55: J_model=3.9001789014e-06, |g|_inf=7.191632e-03, |delta_a|=1.566134e-06
[rank=6] Iter 56: J_model=3.8962401022e-06, |g|_inf=3.819333e-03, |delta_a|=1.655028e-05
[rank=6] Iter 57: J_model=3.8937321593e-06, |g|_inf=1.919905e-03, |delta_a|=1.249042e-05
[rank=6] Iter 58: J_model=3.8901140490e-06, |g|_inf=2.335802e-03, |delta_a|=1.562946e-05
[rank=6] Iter 59: J_model=3.8862368678e-06, |g|_inf=1.828947e-03, |delta_a|=1.526556e-05
[rank=6] Iter 60: J_model=3.8812505943e-06, |g|_inf=1.097073e-03, |delta_a|=1.279336e-05
[rank=6] Iter 61: J_model=3.8766449444e-06, |g|_inf=5.556948e-04, |delta_a|=1.863959e-05
[rank=6] Iter 62: J_model=3.8712846690e-06, |g|_inf=1.707938e-03, |delta_a|=3.256926e-05
[rank=6] Iter 63: J_model=3.8692493033e-06, |g|_inf=3.239049e-03, |delta_a|=1.505031e-05
[rank=6] Iter 64: J_model=3.8669610468e-06, |g|_inf=3.344475e-03, |delta_a|=1.312894e-05
[rank=6] Iter 65: J_model=3.8646718548e-06, |g|_inf=3.039607e-03, |delta_a|=1.032097e-05
[rank=6] Iter 66: J_model=3.8634351227e-06, |g|_inf=1.746488e-03, |delta_a|=3.883381e-06
[rank=6] Iter 67: J_model=3.8613976086e-06, |g|_inf=1.545667e-03, |delta_a|=2.357366e-05
[rank=6] Iter 68: J_model=3.8582763901e-06, |g|_inf=9.880956e-04, |delta_a|=5.075822e-06
[rank=6] Iter 69: J_model=3.8574798728e-06, |g|_inf=9.120646e-04, |delta_a|=5.806881e-06
[rank=6] Iter 70: J_model=3.8563501698e-06, |g|_inf=2.366187e-03, |delta_a|=9.447850e-06
[rank=6] Iter 71: J_model=3.8552653392e-06, |g|_inf=2.400344e-03, |delta_a|=6.213701e-06
[rank=6] Iter 72: J_model=3.8534170052e-06, |g|_inf=2.756550e-03, |delta_a|=2.643057e-05
[rank=6] Iter 73: J_model=3.8459279526e-06, |g|_inf=5.522671e-03, |delta_a|=3.374979e-05
[rank=6] Iter 74: J_model=3.8458821785e-06, |g|_inf=4.883971e-03, |delta_a|=3.826117e-07
[rank=6] Iter 75: J_model=3.8366587850e-06, |g|_inf=1.877574e-03, |delta_a|=1.209811e-05
[rank=6] Iter 76: J_model=3.8302924891e-06, |g|_inf=3.430667e-03, |delta_a|=2.887020e-05
[rank=6] Iter 77: J_model=3.8251837081e-06, |g|_inf=1.326312e-03, |delta_a|=1.975306e-05
[rank=6] Iter 78: J_model=3.8206223222e-06, |g|_inf=1.301690e-03, |delta_a|=1.243887e-05
[rank=6] Iter 79: J_model=3.8183111632e-06, |g|_inf=2.244920e-03, |delta_a|=1.170182e-05
[rank=6] Iter 80: J_model=3.8178023806e-06, |g|_inf=1.800816e-03, |delta_a|=6.672318e-06
[rank=6] Iter 81: J_model=3.8167575574e-06, |g|_inf=2.072117e-03, |delta_a|=4.074819e-06
[rank=6] Iter 82: J_model=3.8157471341e-06, |g|_inf=1.680192e-03, |delta_a|=2.255775e-06
[rank=6] Iter 83: J_model=3.8149796865e-06, |g|_inf=2.738450e-03, |delta_a|=4.664200e-06
[rank=6] Iter 84: J_model=3.8113638530e-06, |g|_inf=4.487594e-03, |delta_a|=1.540589e-05
[rank=6] Iter 85: J_model=3.8093674149e-06, |g|_inf=2.759460e-03, |delta_a|=2.198307e-06
[rank=6] Iter 86: J_model=3.8079648351e-06, |g|_inf=1.735378e-03, |delta_a|=2.800881e-06
[rank=6] Iter 87: J_model=3.8074290493e-06, |g|_inf=7.376258e-04, |delta_a|=1.000782e-06
[rank=6] Iter 88: J_model=3.8062086785e-06, |g|_inf=1.329297e-03, |delta_a|=5.014473e-06
[rank=6] Iter 89: J_model=3.8055933552e-06, |g|_inf=2.159448e-03, |delta_a|=3.198002e-06
[rank=6] Iter 90: J_model=3.8042750977e-06, |g|_inf=1.271205e-03, |delta_a|=4.187049e-06
[rank=6] Iter 91: J_model=3.8033673902e-06, |g|_inf=3.456700e-03, |delta_a|=4.021466e-06
[rank=6] Iter 92: J_model=3.8017177409e-06, |g|_inf=5.665360e-04, |delta_a|=2.383763e-06
[rank=6] Iter 93: J_model=3.8008105661e-06, |g|_inf=2.938814e-03, |delta_a|=2.893334e-06
[rank=6] Iter 94: J_model=3.7999229195e-06, |g|_inf=5.521900e-03, |delta_a|=3.019646e-06
[rank=6] Iter 95: J_model=3.7988602584e-06, |g|_inf=1.350392e-03, |delta_a|=1.079070e-05
[rank=6] Iter 96: J_model=3.7971477638e-06, |g|_inf=4.780271e-03, |delta_a|=2.268766e-06
[rank=6] Iter 97: J_model=3.7968529838e-06, |g|_inf=4.191700e-04, |delta_a|=1.165247e-06
[rank=6] Iter 98: J_model=3.7964740969e-06, |g|_inf=2.253852e-03, |delta_a|=1.588447e-06
[rank=6] Iter 99: J_model=3.7961328492e-06, |g|_inf=2.833494e-03, |delta_a|=2.568459e-06
[rank=6] Iter 100: J_model=3.7955523082e-06, |g|_inf=4.582247e-03, |delta_a|=4.250652e-06
[rank=6] Iter 101: J_model=3.7943229271e-06, |g|_inf=2.644859e-03, |delta_a|=6.004180e-06
[rank=6] Iter 102: J_model=3.7938095979e-06, |g|_inf=1.953861e-03, |delta_a|=2.679453e-06
[rank=6] Iter 103: J_model=3.7930260598e-06, |g|_inf=4.754993e-03, |delta_a|=4.797052e-06
[rank=6] Iter 104: J_model=3.7922939109e-06, |g|_inf=7.333477e-03, |delta_a|=2.477087e-06
[rank=6] Iter 105: J_model=3.7919204683e-06, |g|_inf=1.598814e-02, |delta_a|=1.301679e-06
[rank=6] Iter 106: J_model=3.7912760336e-06, |g|_inf=1.937169e-02, |delta_a|=3.428599e-06
[rank=6] Iter 107: J_model=3.7908134083e-06, |g|_inf=2.435732e-02, |delta_a|=1.254308e-06
[rank=6] Iter 108: J_model=3.7901893763e-06, |g|_inf=1.600973e-02, |delta_a|=3.277815e-06
[rank=6] Iter 109: J_model=3.7901184918e-06, |g|_inf=3.782127e-02, |delta_a|=8.335342e-07
[rank=6] Iter 110: J_model=3.7897569795e-06, |g|_inf=1.473113e-03, |delta_a|=2.295589e-06
[rank=6] Iter 111: J_model=3.7896967960e-06, |g|_inf=2.212088e-02, |delta_a|=9.132721e-07
[rank=6] Iter 112: J_model=3.7896314676e-06, |g|_inf=1.224902e-02, |delta_a|=1.083056e-06
[rank=6] Iter 113: J_model=3.7896148724e-06, |g|_inf=1.271533e-02, |delta_a|=5.552576e-07
[rank=6] Iter 114: J_model=3.7896086459e-06, |g|_inf=9.326493e-04, |delta_a|=3.056833e-07
[rank=6] Iter 115: J_model=3.7896049446e-06, |g|_inf=2.872645e-03, |delta_a|=1.432656e-07
[rank=6] Iter 116: J_model=3.7895865900e-06, |g|_inf=1.572363e-02, |delta_a|=4.935828e-07
[rank=6] Iter 117: J_model=3.7895542537e-06, |g|_inf=1.876848e-02, |delta_a|=3.324589e-07
[rank=6] Iter 118: J_model=3.7895145581e-06, |g|_inf=1.273257e-02, |delta_a|=4.724089e-07
[rank=6] Iter 119: J_model=3.7895125704e-06, |g|_inf=1.018512e-03, |delta_a|=1.180313e-07
[rank=6] Iter 120: J_model=3.7895124421e-06, |g|_inf=1.050553e-03, |delta_a|=1.575849e-08
[rank=6] Iter 121: J_model=3.7895120818e-06, |g|_inf=3.246029e-03, |delta_a|=2.418069e-08
[rank=6] Iter 122: J_model=3.7895110735e-06, |g|_inf=6.962177e-03, |delta_a|=4.277772e-08
[rank=6] Iter 123: J_model=3.7895087137e-06, |g|_inf=1.262327e-02, |delta_a|=7.361926e-08
[rank=6] Iter 124: J_model=3.7895031528e-06, |g|_inf=1.869570e-02, |delta_a|=1.380203e-07
[rank=6] Iter 125: J_model=3.7894867509e-06, |g|_inf=1.260375e-02, |delta_a|=4.833707e-07
[rank=6] Iter 126: J_model=3.7894744108e-06, |g|_inf=2.428942e-02, |delta_a|=3.765683e-07
[rank=6] Iter 127: J_model=3.7894727207e-06, |g|_inf=1.596145e-02, |delta_a|=9.896288e-08
[rank=6] Iter 128: J_model=3.7894698431e-06, |g|_inf=1.751123e-02, |delta_a|=1.300389e-07
[rank=6] Iter 129: J_model=3.7894623753e-06, |g|_inf=1.012802e-02, |delta_a|=1.070587e-07
[rank=6] Iter 130: J_model=3.7894491099e-06, |g|_inf=3.449474e-02, |delta_a|=7.389185e-07
[rank=6] Iter 131: J_model=3.7894236010e-06, |g|_inf=3.106701e-02, |delta_a|=2.822262e-07
[rank=6] Iter 132: J_model=3.7894198105e-06, |g|_inf=4.742387e-03, |delta_a|=1.208911e-07
[rank=6] Iter 133: J_model=3.7894114670e-06, |g|_inf=1.742685e-03, |delta_a|=2.312338e-07
[rank=6] Iter 134: J_model=3.7894076623e-06, |g|_inf=9.449750e-03, |delta_a|=1.733465e-07
[rank=6] Iter 135: J_model=3.7894053288e-06, |g|_inf=7.129438e-03, |delta_a|=2.371361e-07
[rank=6] Iter 136: J_model=3.7894026398e-06, |g|_inf=1.327656e-02, |delta_a|=4.547131e-08
[rank=6] Iter 137: J_model=3.7893866583e-06, |g|_inf=1.689733e-03, |delta_a|=3.792565e-07
[rank=6] Iter 138: J_model=3.7893750698e-06, |g|_inf=2.674969e-02, |delta_a|=3.379460e-07
[rank=6] Iter 139: J_model=3.7893693366e-06, |g|_inf=2.681149e-03, |delta_a|=2.074019e-07
[rank=6] Iter 140: J_model=3.7893667307e-06, |g|_inf=2.113361e-03, |delta_a|=7.016112e-08
[rank=6] Iter 141: J_model=3.7893641485e-06, |g|_inf=1.253705e-03, |delta_a|=1.150962e-07
[rank=6] Iter 142: J_model=3.7893630611e-06, |g|_inf=4.498663e-03, |delta_a|=1.105840e-07
[rank=6] Iter 143: J_model=3.7893629133e-06, |g|_inf=7.015219e-04, |delta_a|=3.960052e-08
[rank=6] Iter 144: J_model=3.7893628756e-06, |g|_inf=7.137798e-04, |delta_a|=3.776115e-09
[rank=6] Iter 145: J_model=3.7893550636e-06, |g|_inf=1.795325e-02, |delta_a|=2.529981e-07
[rank=6] Iter 146: J_model=3.7893478884e-06, |g|_inf=1.963546e-03, |delta_a|=2.695483e-07
[rank=6] Iter 147: J_model=3.7893451468e-06, |g|_inf=1.492603e-02, |delta_a|=2.246207e-07
[rank=6] Iter 148: J_model=3.7893414370e-06, |g|_inf=9.824303e-04, |delta_a|=1.271679e-07
[rank=6] Iter 149: J_model=3.7893399355e-06, |g|_inf=8.358080e-03, |delta_a|=9.571348e-08
[rank=6] Iter 150: J_model=3.7893345086e-06, |g|_inf=9.338958e-03, |delta_a|=1.139412e-07
[rank=6] Iter 151: J_model=3.7892410071e-06, |g|_inf=6.064885e-02, |delta_a|=6.559391e-07
[rank=6] Iter 152: J_model=3.7891896441e-06, |g|_inf=9.180126e-03, |delta_a|=2.513145e-07
[rank=6] Iter 153: J_model=3.7890956599e-06, |g|_inf=1.817789e-01, |delta_a|=1.516106e-06
[rank=6] Iter 154: J_model=3.7890620417e-06, |g|_inf=9.709535e-02, |delta_a|=1.841977e-07
[rank=6] Iter 155: J_model=3.7890542666e-06, |g|_inf=4.361552e-02, |delta_a|=1.330853e-07
[rank=6] Iter 156: J_model=3.7890366500e-06, |g|_inf=2.594897e-02, |delta_a|=2.088784e-07
[rank=6] Iter 157: J_model=3.7890233591e-06, |g|_inf=5.499639e-02, |delta_a|=4.275680e-07
[rank=6] Iter 158: J_model=3.7890157327e-06, |g|_inf=2.508457e-02, |delta_a|=1.247016e-07
[rank=6] Iter 159: J_model=3.7890064402e-06, |g|_inf=9.539069e-03, |delta_a|=2.310857e-07
[rank=6] Iter 160: J_model=3.7889914433e-06, |g|_inf=3.112663e-02, |delta_a|=3.540309e-07
[rank=6] Iter 161: J_model=3.7889696677e-06, |g|_inf=4.982119e-02, |delta_a|=2.509773e-07
[rank=6] Iter 162: J_model=3.7889567179e-06, |g|_inf=9.495574e-03, |delta_a|=1.638552e-07
[rank=6] Iter 163: J_model=3.7889131254e-06, |g|_inf=1.645570e-02, |delta_a|=3.355236e-07
[rank=6] Iter 164: J_model=3.7889042483e-06, |g|_inf=3.607769e-02, |delta_a|=1.046073e-07
[rank=6] Iter 165: J_model=3.7887598533e-06, |g|_inf=2.323836e-01, |delta_a|=1.085650e-06
[rank=6] Iter 166: J_model=3.7885164411e-06, |g|_inf=5.283062e-02, |delta_a|=1.398733e-06
[rank=6] Iter 167: J_model=3.7884421390e-06, |g|_inf=1.217919e-01, |delta_a|=2.722676e-07
[rank=6] Iter 168: J_model=3.7883728635e-06, |g|_inf=7.989216e-02, |delta_a|=6.529599e-07
[rank=6] Iter 169: J_model=3.7883057488e-06, |g|_inf=5.083472e-02, |delta_a|=6.033400e-07
[rank=6] Iter 170: J_model=3.7882519456e-06, |g|_inf=8.988621e-02, |delta_a|=6.842167e-07
[rank=6] Iter 171: J_model=3.7882440943e-06, |g|_inf=5.163392e-02, |delta_a|=1.086470e-07
[rank=6] Iter 172: J_model=3.7882381712e-06, |g|_inf=8.036021e-03, |delta_a|=9.086521e-08
[rank=6] Iter 173: J_model=3.7882367161e-06, |g|_inf=2.809942e-03, |delta_a|=7.290702e-08
[rank=6] Iter 174: J_model=3.7882350212e-06, |g|_inf=9.116916e-04, |delta_a|=2.636072e-08
[rank=6] Iter 175: J_model=3.7882244075e-06, |g|_inf=1.946379e-02, |delta_a|=9.658992e-08
[rank=6] Iter 176: J_model=3.7882022781e-06, |g|_inf=5.442938e-02, |delta_a|=1.481951e-07
[rank=6] Iter 177: J_model=3.7881466180e-06, |g|_inf=8.129161e-02, |delta_a|=2.346715e-07
[rank=6] Iter 178: J_model=3.7880079628e-06, |g|_inf=1.183499e-01, |delta_a|=7.424809e-07
[rank=6] Iter 179: J_model=3.7879597843e-06, |g|_inf=2.412535e-02, |delta_a|=1.881626e-07
[rank=6] Iter 180: J_model=3.7878656872e-06, |g|_inf=1.151931e-01, |delta_a|=6.084740e-07
[rank=6] Iter 181: J_model=3.7876871385e-06, |g|_inf=1.595935e-01, |delta_a|=1.000364e-06
[rank=6] Iter 182: J_model=3.7874563850e-06, |g|_inf=5.994499e-02, |delta_a|=1.055766e-06
[rank=6] Iter 183: J_model=3.7872823545e-06, |g|_inf=1.202325e-01, |delta_a|=2.211863e-06
[rank=6] Iter 184: J_model=3.7872483232e-06, |g|_inf=2.582652e-02, |delta_a|=3.538475e-07
[rank=6] Iter 185: J_model=3.7871721710e-06, |g|_inf=1.131355e-02, |delta_a|=1.597789e-07
[rank=6] Iter 186: J_model=3.7870093908e-06, |g|_inf=3.366293e-02, |delta_a|=8.405847e-07
[rank=6] Iter 187: J_model=3.7869853654e-06, |g|_inf=4.269689e-02, |delta_a|=6.324049e-07
[rank=6] Iter 188: J_model=3.7869804168e-06, |g|_inf=2.015766e-02, |delta_a|=3.325331e-07
[rank=6] Iter 189: J_model=3.7869687538e-06, |g|_inf=1.470727e-02, |delta_a|=4.134904e-07
[rank=6] Iter 190: J_model=3.7869674681e-06, |g|_inf=2.657310e-03, |delta_a|=7.175898e-08
[rank=6] Iter 191: J_model=3.7869672416e-06, |g|_inf=7.468856e-04, |delta_a|=1.894734e-08
[rank=6] Iter 192: J_model=3.7869669889e-06, |g|_inf=3.022461e-03, |delta_a|=9.268310e-09
[rank=6] Iter 193: J_model=3.7869656807e-06, |g|_inf=9.942499e-03, |delta_a|=3.141849e-08
[rank=6] Iter 194: J_model=3.7869631567e-06, |g|_inf=1.938580e-02, |delta_a|=4.910641e-08
[rank=6] Iter 195: J_model=3.7869571806e-06, |g|_inf=3.399020e-02, |delta_a|=9.652715e-08
[rank=6] Iter 196: J_model=3.7869463257e-06, |g|_inf=4.517019e-02, |delta_a|=1.231366e-07
[rank=6] Iter 197: J_model=3.7869275529e-06, |g|_inf=2.130551e-02, |delta_a|=2.714183e-07
[rank=6] Iter 198: J_model=3.7869191873e-06, |g|_inf=5.405836e-02, |delta_a|=3.093177e-07
[rank=6] Iter 199: J_model=3.7869139577e-06, |g|_inf=4.613781e-03, |delta_a|=1.307125e-07
[rank=6] Iter 200: J_model=3.7869065566e-06, |g|_inf=1.879545e-02, |delta_a|=1.879152e-07
[rank=6] Stop: STOP: TOTAL NO. OF ITERATIONS REACHED LIMIT (steps=200)
rank=  6 | steps=200 | J_model=3.7869065566e-06 | J_ref=7.0115822554e-06 | STOP: TOTAL NO. OF ITERATIONS REACHED LIMIT
