
--- 2026-09-24T18:18:26 | rank=22, k=10, grid=128x128, T=20, dt=0.005, method=L-BFGS-B, max_steps=200, tol=1e-15, gtol=1e-15, ftol=1e-14, maxcor=10, maxls=30 ---
[rank=22] Initial: J_model=4.3163710337e-03
[rank=22] Iter 1: J_model=4.2981749497e-03, |g|_inf=1.651329e+00, |delta_a|=1.511259e-04
[rank=22] Iter 2: J_model=2.7700389250e-03, |g|_inf=1.320043e+00, |delta_a|=1.009211e-03
[rank=22] Iter 3: J_model=9.9782180608e-05, |g|_inf=2.141789e-01, |delta_a|=4.812219e-03
[rank=22] Iter 4: J_model=7.0826680001e-06, |g|_inf=2.180999e-02, |delta_a|=7.974942e-04
[rank=22] Iter 5: J_model=5.0593007657e-06, |g|_inf=1.406894e-02, |delta_a|=8.771975e-05
[rank=22] Iter 6: J_model=4.2225245356e-06, |g|_inf=3.463997e-03, |delta_a|=9.915521e-05
[rank=22] Iter 7: J_model=4.1727578027e-06, |g|_inf=1.035992e-03, |delta_a|=2.055487e-05
[rank=22] Iter 8: J_model=4.1676710439e-06, |g|_inf=1.641606e-03, |delta_a|=1.171779e-05
[rank=22] Iter 9: J_model=4.1613096391e-06, |g|_inf=1.056155e-03, |delta_a|=8.442464e-06
[rank=22] Iter 10: J_model=4.1510643280e-06, |g|_inf=8.830846e-04, |delta_a|=1.039788e-05
[rank=22] Iter 11: J_model=4.1005534213e-06, |g|_inf=2.337128e-03, |delta_a|=9.705635e-05
[rank=22] Iter 12: J_model=4.0740457408e-06, |g|_inf=2.471192e-03, |delta_a|=5.802742e-05
[rank=22] Iter 13: J_model=4.0675106221e-06, |g|_inf=3.492068e-03, |delta_a|=4.440535e-05
[rank=22] Iter 14: J_model=4.0341490057e-06, |g|_inf=3.134709e-03, |delta_a|=1.675962e-05
[rank=22] Iter 15: J_model=3.9965247611e-06, |g|_inf=2.683742e-03, |delta_a|=9.629388e-05
[rank=22] Iter 16: J_model=3.9861692724e-06, |g|_inf=1.511406e-03, |delta_a|=2.453978e-05
[rank=22] Iter 17: J_model=3.9810491096e-06, |g|_inf=2.345519e-03, |delta_a|=1.479536e-05
[rank=22] Iter 18: J_model=3.9793364124e-06, |g|_inf=1.346751e-03, |delta_a|=1.323516e-05
[rank=22] Iter 19: J_model=3.9742487548e-06, |g|_inf=3.590997e-04, |delta_a|=5.607284e-06
[rank=22] Iter 20: J_model=3.9730326007e-06, |g|_inf=3.098673e-04, |delta_a|=3.732959e-06
[rank=22] Iter 21: J_model=3.9716785033e-06, |g|_inf=5.289317e-04, |delta_a|=6.380900e-06
[rank=22] Iter 22: J_model=3.9677708883e-06, |g|_inf=4.075022e-03, |delta_a|=2.476777e-05
[rank=22] Iter 23: J_model=3.9658987799e-06, |g|_inf=1.453441e-01, |delta_a|=3.090747e-07
[rank=22] Iter 24: J_model=3.9651867039e-06, |g|_inf=1.120319e-03, |delta_a|=1.182191e-07
[rank=22] Iter 25: J_model=3.9631981637e-06, |g|_inf=6.984544e-02, |delta_a|=3.638224e-06
[rank=22] Iter 26: J_model=3.9594792601e-06, |g|_inf=8.905959e-03, |delta_a|=5.810083e-06
[rank=22] Iter 27: J_model=3.9594561195e-06, |g|_inf=3.708336e-03, |delta_a|=1.669310e-08
[rank=22] Iter 28: J_model=3.9593491817e-06, |g|_inf=2.548902e-02, |delta_a|=1.978016e-07
[rank=22] Iter 29: J_model=3.9588134424e-06, |g|_inf=3.997799e+00, |delta_a|=6.122950e-06
[rank=22] Stop: ABNORMAL:  (steps=29)
rank= 22 | steps=29 | J_model=3.9588134424e-06 | J_ref=4.2522425367e-06 | ABNORMAL: 
