
--- 2026-09-24T18:16:12 | rank=13, k=10, grid=128x128, T=20, dt=0.005, method=L-BFGS-B, max_steps=200, tol=1e-15, gtol=1e-15, ftol=1e-14, maxcor=10, maxls=30 ---
[rank=13] Initial: J_model=4.3255418954e-03
[rank=13] Iter 1: J_model=4.2959981614e-03, |g|_inf=1.646491e+00, |delta_a|=5.045377e-05
[rank=13] Iter 2: J_model=1.8907147801e-03, |g|_inf=1.093160e+00, |delta_a|=1.708900e-03
[rank=13] Iter 3: J_model=8.9529448272e-06, |g|_inf=3.219864e-02, |delta_a|=3.484781e-03
[rank=13] Iter 4: J_model=5.3920014816e-06, |g|_inf=1.753993e-02, |delta_a|=1.162470e-04
[rank=13] Iter 5: J_model=3.9498165672e-06, |g|_inf=4.380376e-03, |delta_a|=1.150920e-04
[rank=13] Iter 6: J_model=3.8291905755e-06, |g|_inf=1.504198e-03, |delta_a|=3.946034e-05
[rank=13] Iter 7: J_model=3.8264512291e-06, |g|_inf=1.010824e-03, |delta_a|=7.911308e-06
[rank=13] Iter 8: J_model=3.8245549441e-06, |g|_inf=3.582028e-04, |delta_a|=3.097256e-06
[rank=13] Iter 9: J_model=3.8230723996e-06, |g|_inf=3.525974e-04, |delta_a|=5.580538e-06
[rank=13] Iter 10: J_model=3.8186872406e-06, |g|_inf=8.835762e-04, |delta_a|=2.047235e-05
[rank=13] Iter 11: J_model=3.8135573468e-06, |g|_inf=1.125564e-03, |delta_a|=3.967368e-05
[rank=13] Iter 12: J_model=3.8109263561e-06, |g|_inf=4.779053e-04, |delta_a|=1.299739e-05
[rank=13] Iter 13: J_model=3.8096200792e-06, |g|_inf=2.438313e-04, |delta_a|=4.024185e-06
[rank=13] Iter 14: J_model=3.8090671220e-06, |g|_inf=2.530583e-04, |delta_a|=4.621508e-06
[rank=13] Iter 15: J_model=3.8087893331e-06, |g|_inf=3.265554e-04, |delta_a|=3.839606e-06
[rank=13] Iter 16: J_model=3.8076967719e-06, |g|_inf=3.373351e-04, |delta_a|=1.912360e-05
[rank=13] Iter 17: J_model=3.8073419220e-06, |g|_inf=4.259416e-04, |delta_a|=9.991393e-06
[rank=13] Iter 18: J_model=3.8068596422e-06, |g|_inf=1.416665e-04, |delta_a|=1.111489e-05
[rank=13] Iter 19: J_model=3.8065779363e-06, |g|_inf=8.054034e-05, |delta_a|=2.163802e-06
[rank=13] Iter 20: J_model=3.8063246845e-06, |g|_inf=1.741276e-04, |delta_a|=3.001639e-06
[rank=13] Iter 21: J_model=3.8058696041e-06, |g|_inf=3.077225e-04, |delta_a|=6.574962e-06
[rank=13] Iter 22: J_model=3.8046707028e-06, |g|_inf=5.000298e-04, |delta_a|=2.137383e-05
[rank=13] Iter 23: J_model=3.8028976615e-06, |g|_inf=5.415160e-04, |delta_a|=4.117477e-05
[rank=13] Iter 24: J_model=3.8024507882e-06, |g|_inf=7.897470e-04, |delta_a|=1.197646e-05
[rank=13] Iter 25: J_model=3.8010847381e-06, |g|_inf=3.801521e-04, |delta_a|=2.768186e-05
[rank=13] Iter 26: J_model=3.8005185234e-06, |g|_inf=6.427066e-05, |delta_a|=5.213893e-06
[rank=13] Iter 27: J_model=3.8004706765e-06, |g|_inf=6.549180e-05, |delta_a|=3.769551e-06
[rank=13] Iter 28: J_model=3.8003396642e-06, |g|_inf=7.746231e-05, |delta_a|=6.432366e-06
[rank=13] Iter 29: J_model=3.7997840530e-06, |g|_inf=1.842516e-04, |delta_a|=2.388539e-05
[rank=13] Iter 30: J_model=3.7986542250e-06, |g|_inf=3.716548e-04, |delta_a|=4.723672e-05
[rank=13] Iter 31: J_model=3.7871339121e-06, |g|_inf=1.961126e-03, |delta_a|=2.157634e-04
[rank=13] Iter 32: J_model=3.7871307538e-06, |g|_inf=1.973308e-03, |delta_a|=2.947454e-07
[rank=13] Iter 33: J_model=3.7846691187e-06, |g|_inf=1.250846e-03, |delta_a|=3.591620e-06
[rank=13] Iter 34: J_model=3.7827348148e-06, |g|_inf=9.270620e-04, |delta_a|=2.006888e-05
[rank=13] Iter 35: J_model=3.7756769924e-06, |g|_inf=8.921996e-04, |delta_a|=9.265247e-06
[rank=13] Iter 36: J_model=3.7752048020e-06, |g|_inf=4.192663e-04, |delta_a|=6.011190e-07
[rank=13] Iter 37: J_model=3.7745185730e-06, |g|_inf=4.293962e-03, |delta_a|=2.249921e-06
[rank=13] Iter 38: J_model=3.7738419617e-06, |g|_inf=4.760254e-03, |delta_a|=3.294235e-06
[rank=13] Iter 39: J_model=3.7737363954e-06, |g|_inf=7.106942e-04, |delta_a|=2.019046e-06
[rank=13] Iter 40: J_model=3.7735889894e-06, |g|_inf=6.930769e-04, |delta_a|=6.903431e-07
[rank=13] Iter 41: J_model=3.7730905978e-06, |g|_inf=6.598768e-04, |delta_a|=2.145719e-06
[rank=13] Iter 42: J_model=3.7702426118e-06, |g|_inf=8.265023e-04, |delta_a|=2.265332e-06
[rank=13] Iter 43: J_model=3.7702407107e-06, |g|_inf=3.400548e-04, |delta_a|=1.648405e-08
[rank=13] Iter 44: J_model=3.7701198827e-06, |g|_inf=2.292705e-03, |delta_a|=1.959221e-06
[rank=13] Iter 45: J_model=3.7700851126e-06, |g|_inf=5.781898e-03, |delta_a|=1.661849e-06
[rank=13] Iter 46: J_model=3.7700733069e-06, |g|_inf=1.350884e-03, |delta_a|=1.830076e-07
[rank=13] Iter 47: J_model=3.7700577926e-06, |g|_inf=1.353036e-03, |delta_a|=2.100389e-07
[rank=13] Iter 48: J_model=3.7699759493e-06, |g|_inf=3.271748e-03, |delta_a|=1.575132e-06
[rank=13] Iter 49: J_model=3.7699616313e-06, |g|_inf=1.581234e-03, |delta_a|=3.198534e-07
[rank=13] Iter 50: J_model=3.7699260939e-06, |g|_inf=4.552776e-03, |delta_a|=1.770145e-06
[rank=13] Iter 51: J_model=3.7699085524e-06, |g|_inf=6.295808e-04, |delta_a|=3.203747e-07
[rank=13] Iter 52: J_model=3.7698722914e-06, |g|_inf=3.242390e-03, |delta_a|=6.431360e-07
[rank=13] Iter 53: J_model=3.7698484632e-06, |g|_inf=6.753926e-03, |delta_a|=4.717751e-07
[rank=13] Iter 54: J_model=3.7698192090e-06, |g|_inf=3.895907e-04, |delta_a|=8.486025e-07
[rank=13] Iter 55: J_model=3.7698096401e-06, |g|_inf=7.281339e-03, |delta_a|=2.517839e-07
[rank=13] Iter 56: J_model=3.7697871825e-06, |g|_inf=4.798245e-03, |delta_a|=2.411394e-07
[rank=13] Iter 57: J_model=3.7697595290e-06, |g|_inf=2.881992e-03, |delta_a|=9.923708e-07
[rank=13] Iter 58: J_model=3.7697462696e-06, |g|_inf=2.560764e-03, |delta_a|=3.153875e-07
[rank=13] Iter 59: J_model=3.7697389337e-06, |g|_inf=3.210773e-03, |delta_a|=2.265213e-07
[rank=13] Iter 60: J_model=3.7697226923e-06, |g|_inf=5.294248e-03, |delta_a|=9.522215e-07
[rank=13] Iter 61: J_model=3.7696842211e-06, |g|_inf=2.395196e-03, |delta_a|=5.174049e-07
[rank=13] Iter 62: J_model=3.7696637215e-06, |g|_inf=3.004422e-03, |delta_a|=3.660504e-07
[rank=13] Iter 63: J_model=3.7696275884e-06, |g|_inf=3.726853e-03, |delta_a|=6.478978e-07
[rank=13] Iter 64: J_model=3.7696095277e-06, |g|_inf=3.969772e-03, |delta_a|=6.078887e-07
[rank=13] Iter 65: J_model=3.7695970489e-06, |g|_inf=3.050445e-04, |delta_a|=5.963377e-07
[rank=13] Iter 66: J_model=3.7695920770e-06, |g|_inf=1.017772e-03, |delta_a|=5.883501e-07
[rank=13] Iter 67: J_model=3.7695903302e-06, |g|_inf=2.892935e-03, |delta_a|=6.763606e-07
[rank=13] Iter 68: J_model=3.7695885553e-06, |g|_inf=7.207814e-04, |delta_a|=1.959941e-07
[rank=13] Iter 69: J_model=3.7695843661e-06, |g|_inf=2.356975e-04, |delta_a|=1.598782e-07
[rank=13] Iter 70: J_model=3.7695686387e-06, |g|_inf=1.547308e-03, |delta_a|=6.814292e-07
[rank=13] Iter 71: J_model=3.7695631459e-06, |g|_inf=3.867176e-03, |delta_a|=7.073564e-07
[rank=13] Iter 72: J_model=3.7695605654e-06, |g|_inf=1.899502e-03, |delta_a|=1.847318e-07
[rank=13] Iter 73: J_model=3.7695556804e-06, |g|_inf=1.519011e-03, |delta_a|=1.027222e-07
[rank=13] Iter 74: J_model=3.7695357815e-06, |g|_inf=2.445000e-03, |delta_a|=6.001538e-07
[rank=13] Iter 75: J_model=3.7695315589e-06, |g|_inf=6.042203e-04, |delta_a|=9.705550e-08
[rank=13] Iter 76: J_model=3.7695254684e-06, |g|_inf=5.551708e-03, |delta_a|=3.812138e-07
[rank=13] Iter 77: J_model=3.7695151643e-06, |g|_inf=2.334499e-03, |delta_a|=2.023044e-07
[rank=13] Iter 78: J_model=3.7695064246e-06, |g|_inf=1.523956e-03, |delta_a|=4.293376e-07
[rank=13] Iter 79: J_model=3.7694819068e-06, |g|_inf=1.490016e-03, |delta_a|=9.647022e-07
[rank=13] Iter 80: J_model=3.7694773008e-06, |g|_inf=2.579412e-03, |delta_a|=2.389157e-07
[rank=13] Iter 81: J_model=3.7694416323e-06, |g|_inf=8.559711e-03, |delta_a|=3.150297e-06
[rank=13] Iter 82: J_model=3.7694183123e-06, |g|_inf=2.325231e-03, |delta_a|=2.871795e-07
[rank=13] Iter 83: J_model=3.7694081495e-06, |g|_inf=1.520023e-03, |delta_a|=2.849497e-07
[rank=13] Iter 84: J_model=3.7693602072e-06, |g|_inf=2.422581e-03, |delta_a|=1.822668e-06
[rank=13] Iter 85: J_model=3.7693599219e-06, |g|_inf=1.874552e-03, |delta_a|=9.724713e-09
[rank=13] Iter 86: J_model=3.7693474124e-06, |g|_inf=3.121942e-03, |delta_a|=8.584217e-07
[rank=13] Iter 87: J_model=3.7693389381e-06, |g|_inf=3.867613e-04, |delta_a|=3.629003e-07
[rank=13] Iter 88: J_model=3.7693340690e-06, |g|_inf=3.457885e-03, |delta_a|=6.525876e-07
[rank=13] Iter 89: J_model=3.7693265481e-06, |g|_inf=1.786282e-03, |delta_a|=6.783291e-07
[rank=13] Iter 90: J_model=3.7693192103e-06, |g|_inf=4.764333e-04, |delta_a|=7.989532e-07
[rank=13] Iter 91: J_model=3.7693086719e-06, |g|_inf=8.198693e-04, |delta_a|=1.083311e-06
[rank=13] Iter 92: J_model=3.7692845151e-06, |g|_inf=1.064918e-02, |delta_a|=1.502736e-06
[rank=13] Iter 93: J_model=3.7692667159e-06, |g|_inf=1.807612e-03, |delta_a|=1.074358e-06
[rank=13] Iter 94: J_model=3.7692591063e-06, |g|_inf=4.873647e-03, |delta_a|=6.216437e-07
[rank=13] Iter 95: J_model=3.7692341307e-06, |g|_inf=7.717917e-03, |delta_a|=2.594557e-07
[rank=13] Iter 96: J_model=3.7690812338e-06, |g|_inf=9.086137e-04, |delta_a|=1.119427e-06
[rank=13] Iter 97: J_model=3.7690741014e-06, |g|_inf=1.468044e-02, |delta_a|=2.297784e-07
[rank=13] Iter 98: J_model=3.7690166923e-06, |g|_inf=8.907204e-03, |delta_a|=6.531822e-07
[rank=13] Iter 99: J_model=3.7690009672e-06, |g|_inf=2.452240e-03, |delta_a|=2.690017e-07
[rank=13] Iter 100: J_model=3.7689855103e-06, |g|_inf=1.098819e-02, |delta_a|=3.956127e-07
[rank=13] Iter 101: J_model=3.7689675083e-06, |g|_inf=4.366676e-03, |delta_a|=2.023761e-07
[rank=13] Iter 102: J_model=3.7689225882e-06, |g|_inf=3.343912e-03, |delta_a|=3.951856e-07
[rank=13] Iter 103: J_model=3.7688476863e-06, |g|_inf=8.264870e-03, |delta_a|=1.223630e-06
[rank=13] Iter 104: J_model=3.7688069332e-06, |g|_inf=5.540974e-03, |delta_a|=3.780442e-07
[rank=13] Iter 105: J_model=3.7687487713e-06, |g|_inf=8.708981e-03, |delta_a|=6.268636e-07
[rank=13] Iter 106: J_model=3.7687437239e-06, |g|_inf=1.031639e-02, |delta_a|=1.418433e-06
[rank=13] Iter 107: J_model=3.7686476970e-06, |g|_inf=8.349887e-04, |delta_a|=8.179933e-07
[rank=13] Iter 108: J_model=3.7686353131e-06, |g|_inf=1.577924e-02, |delta_a|=3.792393e-07
[rank=13] Iter 109: J_model=3.7686155014e-06, |g|_inf=2.840489e-03, |delta_a|=3.055722e-07
[rank=13] Iter 110: J_model=3.7685967075e-06, |g|_inf=2.649558e-03, |delta_a|=1.751275e-07
[rank=13] Iter 111: J_model=3.7685653001e-06, |g|_inf=1.201470e-02, |delta_a|=5.616089e-07
[rank=13] Iter 112: J_model=3.7684946585e-06, |g|_inf=8.620426e-03, |delta_a|=1.051663e-06
[rank=13] Iter 113: J_model=3.7684392130e-06, |g|_inf=2.739093e-03, |delta_a|=1.319306e-06
[rank=13] Iter 114: J_model=3.7683751618e-06, |g|_inf=8.404125e-03, |delta_a|=2.016884e-06
[rank=13] Iter 115: J_model=3.7683072552e-06, |g|_inf=7.829230e-03, |delta_a|=2.206342e-06
[rank=13] Iter 116: J_model=3.7681835411e-06, |g|_inf=1.715858e-02, |delta_a|=5.342903e-06
[rank=13] Iter 117: J_model=3.7681535416e-06, |g|_inf=1.226673e-02, |delta_a|=8.859617e-07
[rank=13] Iter 118: J_model=3.7681302052e-06, |g|_inf=6.790301e-03, |delta_a|=8.911904e-07
[rank=13] Iter 119: J_model=3.7681213392e-06, |g|_inf=1.569800e-03, |delta_a|=3.040908e-07
[rank=13] Iter 120: J_model=3.7680314378e-06, |g|_inf=1.210478e-02, |delta_a|=2.570175e-06
[rank=13] Iter 121: J_model=3.7680083983e-06, |g|_inf=1.579173e-02, |delta_a|=6.680068e-07
[rank=13] Iter 122: J_model=3.7679899321e-06, |g|_inf=6.750281e-03, |delta_a|=1.091098e-06
[rank=13] Iter 123: J_model=3.7679836623e-06, |g|_inf=5.077186e-03, |delta_a|=7.321352e-07
[rank=13] Iter 124: J_model=3.7679795372e-06, |g|_inf=4.857330e-03, |delta_a|=8.787095e-07
[rank=13] Iter 125: J_model=3.7679787686e-06, |g|_inf=1.801562e-02, |delta_a|=3.550028e-08
[rank=13] Iter 126: J_model=3.7679716102e-06, |g|_inf=1.122143e-03, |delta_a|=6.412402e-07
[rank=13] Iter 127: J_model=3.7679586574e-06, |g|_inf=7.199466e-03, |delta_a|=1.317120e-07
[rank=13] Iter 128: J_model=3.7679179108e-06, |g|_inf=4.969818e-03, |delta_a|=1.200676e-06
[rank=13] Iter 129: J_model=3.7679120118e-06, |g|_inf=1.825103e-02, |delta_a|=1.448093e-07
[rank=13] Iter 130: J_model=3.7679029286e-06, |g|_inf=1.350231e-02, |delta_a|=7.814645e-07
[rank=13] Iter 131: J_model=3.7679005959e-06, |g|_inf=7.860345e-03, |delta_a|=2.500848e-07
[rank=13] Iter 132: J_model=3.7678878978e-06, |g|_inf=1.145136e-03, |delta_a|=3.367930e-07
[rank=13] Iter 133: J_model=3.7678878978e-06, |g|_inf=1.145136e-03, |delta_a|=1.694066e-21
[rank=13] Stop: CONVERGENCE: RELATIVE REDUCTION OF F <= FACTR*EPSMCH (steps=133)
rank= 13 | steps=133 | J_model=3.7678878978e-06 | J_ref=4.2169744133e-06 | CONVERGENCE: RELATIVE REDUCTION OF F <= FACTR*EPSMCH
