
--- 2026-09-24T18:15:19 | rank=11, k=10, grid=128x128, T=20, dt=0.005, method=L-BFGS-B, max_steps=200, tol=1e-15, gtol=1e-15, ftol=1e-14, maxcor=10, maxls=30 ---
[rank=11] Initial: J_model=4.3328544060e-03
[rank=11] Iter 1: J_model=9.9314291855e-05, |g|_inf=1.761177e-01, |delta_a|=6.624839e-03
[rank=11] Iter 2: J_model=2.4318584044e-05, |g|_inf=5.619882e-02, |delta_a|=5.991104e-04
[rank=11] Iter 3: J_model=1.1681340077e-05, |g|_inf=2.857091e-02, |delta_a|=2.840465e-04
[rank=11] Iter 4: J_model=7.0981148216e-06, |g|_inf=4.003716e-03, |delta_a|=2.523653e-04
[rank=11] Iter 5: J_model=6.9789939339e-06, |g|_inf=2.053479e-03, |delta_a|=3.065024e-05
[rank=11] Iter 6: J_model=6.9318163545e-06, |g|_inf=2.930128e-03, |delta_a|=5.267035e-05
[rank=11] Iter 7: J_model=6.8711874566e-06, |g|_inf=1.869549e-03, |delta_a|=1.602178e-05
[rank=11] Iter 8: J_model=6.7264394942e-06, |g|_inf=1.963775e-03, |delta_a|=6.514323e-05
[rank=11] Iter 9: J_model=6.3612625809e-06, |g|_inf=5.582426e-03, |delta_a|=2.443977e-04
[rank=11] Iter 10: J_model=5.9375218458e-06, |g|_inf=9.213145e-03, |delta_a|=4.178992e-04
[rank=11] Iter 11: J_model=5.5996278781e-06, |g|_inf=1.102458e-02, |delta_a|=4.723566e-04
[rank=11] Iter 12: J_model=5.2331446970e-06, |g|_inf=4.256928e-03, |delta_a|=9.291704e-05
[rank=11] Iter 13: J_model=5.1315394743e-06, |g|_inf=4.299872e-03, |delta_a|=4.392285e-04
[rank=11] Iter 14: J_model=5.0654553676e-06, |g|_inf=9.704351e-04, |delta_a|=1.487861e-04
[rank=11] Iter 15: J_model=5.0587487587e-06, |g|_inf=9.696532e-04, |delta_a|=9.850336e-06
[rank=11] Iter 16: J_model=5.0128225158e-06, |g|_inf=1.580156e-03, |delta_a|=8.827515e-05
[rank=11] Iter 17: J_model=4.9265250149e-06, |g|_inf=3.355017e-03, |delta_a|=1.711478e-04
[rank=11] Iter 18: J_model=4.7227765183e-06, |g|_inf=5.596971e-03, |delta_a|=3.807079e-04
[rank=11] Iter 19: J_model=4.3504704042e-06, |g|_inf=7.347038e-03, |delta_a|=7.063975e-04
[rank=11] Iter 20: J_model=3.9875606205e-06, |g|_inf=4.772758e-03, |delta_a|=9.533764e-04
[rank=11] Iter 21: J_model=3.8391154045e-06, |g|_inf=4.120315e-03, |delta_a|=4.727947e-04
[rank=11] Iter 22: J_model=3.7920023364e-06, |g|_inf=1.546492e-03, |delta_a|=1.160104e-04
[rank=11] Iter 23: J_model=3.7760656975e-06, |g|_inf=1.072689e-03, |delta_a|=1.514795e-04
[rank=11] Iter 24: J_model=3.7722101736e-06, |g|_inf=5.726926e-04, |delta_a|=2.252207e-05
[rank=11] Iter 25: J_model=3.7705518216e-06, |g|_inf=6.836020e-04, |delta_a|=3.265076e-05
[rank=11] Iter 26: J_model=3.7694986793e-06, |g|_inf=1.476146e-04, |delta_a|=6.154492e-06
[rank=11] Iter 27: J_model=3.7693149211e-06, |g|_inf=1.442306e-04, |delta_a|=2.895445e-06
[rank=11] Iter 28: J_model=3.7682527205e-06, |g|_inf=3.749431e-04, |delta_a|=1.086932e-05
[rank=11] Iter 29: J_model=3.7662782080e-06, |g|_inf=6.323746e-04, |delta_a|=2.369854e-05
[rank=11] Iter 30: J_model=3.7634492970e-06, |g|_inf=9.345066e-04, |delta_a|=3.580594e-05
[rank=11] Iter 31: J_model=3.7630647933e-06, |g|_inf=1.688525e-04, |delta_a|=5.340781e-05
[rank=11] Iter 32: J_model=3.7608481948e-06, |g|_inf=3.341932e-04, |delta_a|=2.891889e-05
[rank=11] Iter 33: J_model=3.7596803810e-06, |g|_inf=8.507146e-04, |delta_a|=1.971188e-05
[rank=11] Iter 34: J_model=3.7594848902e-06, |g|_inf=1.524205e-03, |delta_a|=1.030222e-05
[rank=11] Iter 35: J_model=3.7583541934e-06, |g|_inf=1.453198e-03, |delta_a|=9.166798e-06
[rank=11] Iter 36: J_model=3.7565937829e-06, |g|_inf=1.278346e-03, |delta_a|=1.320239e-05
[rank=11] Iter 37: J_model=3.7560348938e-06, |g|_inf=1.446583e-03, |delta_a|=5.083176e-06
[rank=11] Iter 38: J_model=3.7550439291e-06, |g|_inf=1.395174e-03, |delta_a|=2.959973e-06
[rank=11] Iter 39: J_model=3.7532797962e-06, |g|_inf=9.768178e-04, |delta_a|=6.459387e-06
[rank=11] Iter 40: J_model=3.7525298198e-06, |g|_inf=4.598984e-04, |delta_a|=1.469926e-05
[rank=11] Iter 41: J_model=3.7518207573e-06, |g|_inf=2.591925e-04, |delta_a|=3.398438e-06
[rank=11] Iter 42: J_model=3.7515080011e-06, |g|_inf=1.959864e-04, |delta_a|=4.910518e-06
[rank=11] Iter 43: J_model=3.7513911049e-06, |g|_inf=1.923252e-04, |delta_a|=2.767960e-06
[rank=11] Iter 44: J_model=3.7512807360e-06, |g|_inf=1.246884e-04, |delta_a|=1.156088e-06
[rank=11] Iter 45: J_model=3.7510174869e-06, |g|_inf=1.736366e-04, |delta_a|=7.174302e-06
[rank=11] Iter 46: J_model=3.7509290875e-06, |g|_inf=1.503560e-04, |delta_a|=1.918774e-06
[rank=11] Iter 47: J_model=3.7508002830e-06, |g|_inf=1.084178e-04, |delta_a|=3.165871e-06
[rank=11] Iter 48: J_model=3.7503811800e-06, |g|_inf=1.096127e-04, |delta_a|=8.875381e-06
[rank=11] Iter 49: J_model=3.7498156438e-06, |g|_inf=2.189725e-04, |delta_a|=1.296678e-05
[rank=11] Iter 50: J_model=3.7492956956e-06, |g|_inf=3.244152e-04, |delta_a|=1.077279e-05
[rank=11] Iter 51: J_model=3.7489976636e-06, |g|_inf=4.099331e-04, |delta_a|=1.322557e-05
[rank=11] Iter 52: J_model=3.7486058940e-06, |g|_inf=1.754603e-04, |delta_a|=6.841502e-06
[rank=11] Iter 53: J_model=3.7484309335e-06, |g|_inf=8.904024e-05, |delta_a|=2.752302e-06
[rank=11] Iter 54: J_model=3.7483620013e-06, |g|_inf=9.926598e-05, |delta_a|=6.008007e-06
[rank=11] Iter 55: J_model=3.7482303225e-06, |g|_inf=1.516014e-04, |delta_a|=1.896298e-06
[rank=11] Iter 56: J_model=3.7480083102e-06, |g|_inf=1.153862e-04, |delta_a|=3.161682e-06
[rank=11] Iter 57: J_model=3.7475951720e-06, |g|_inf=3.364561e-04, |delta_a|=1.949476e-05
[rank=11] Iter 58: J_model=3.7471877827e-06, |g|_inf=2.875590e-04, |delta_a|=1.363779e-05
[rank=11] Iter 59: J_model=3.7468564285e-06, |g|_inf=1.823981e-04, |delta_a|=7.490882e-06
[rank=11] Iter 60: J_model=3.7466757596e-06, |g|_inf=1.275392e-04, |delta_a|=7.249889e-06
[rank=11] Iter 61: J_model=3.7466086604e-06, |g|_inf=4.537629e-05, |delta_a|=2.811736e-06
[rank=11] Iter 62: J_model=3.7465953688e-06, |g|_inf=3.791785e-05, |delta_a|=8.726642e-07
[rank=11] Iter 63: J_model=3.7465917634e-06, |g|_inf=3.496038e-05, |delta_a|=6.574244e-07
[rank=11] Iter 64: J_model=3.7465891632e-06, |g|_inf=1.625261e-05, |delta_a|=1.316322e-07
[rank=11] Iter 65: J_model=3.7465871618e-06, |g|_inf=1.076027e-05, |delta_a|=3.751715e-07
[rank=11] Iter 66: J_model=3.7465854251e-06, |g|_inf=1.125251e-05, |delta_a|=3.868041e-07
[rank=11] Iter 67: J_model=3.7465813872e-06, |g|_inf=1.285237e-05, |delta_a|=4.688069e-07
[rank=11] Iter 68: J_model=3.7465675335e-06, |g|_inf=2.798744e-05, |delta_a|=1.678712e-06
[rank=11] Iter 69: J_model=3.7465423295e-06, |g|_inf=3.285408e-05, |delta_a|=2.949445e-06
[rank=11] Iter 70: J_model=3.7464883563e-06, |g|_inf=9.913183e-05, |delta_a|=8.718461e-06
[rank=11] Iter 71: J_model=3.7464634760e-06, |g|_inf=4.963659e-05, |delta_a|=4.338184e-06
[rank=11] Iter 72: J_model=3.7464088295e-06, |g|_inf=3.883874e-05, |delta_a|=4.651339e-06
[rank=11] Iter 73: J_model=3.7463662979e-06, |g|_inf=9.969701e-05, |delta_a|=9.845434e-06
[rank=11] Iter 74: J_model=3.7462639495e-06, |g|_inf=6.077735e-05, |delta_a|=7.046480e-06
[rank=11] Iter 75: J_model=3.7461482003e-06, |g|_inf=9.231144e-05, |delta_a|=1.086500e-05
[rank=11] Iter 76: J_model=3.7461316554e-06, |g|_inf=9.178589e-05, |delta_a|=1.391387e-06
[rank=11] Iter 77: J_model=3.7460857216e-06, |g|_inf=8.292675e-05, |delta_a|=4.300472e-06
[rank=11] Iter 78: J_model=3.7460684697e-06, |g|_inf=1.407373e-04, |delta_a|=3.694774e-06
[rank=11] Iter 79: J_model=3.7460443691e-06, |g|_inf=4.421572e-05, |delta_a|=1.005189e-06
[rank=11] Iter 80: J_model=3.7460227088e-06, |g|_inf=3.935266e-05, |delta_a|=2.337254e-06
[rank=11] Iter 81: J_model=3.7460057065e-06, |g|_inf=4.759440e-05, |delta_a|=3.776725e-06
[rank=11] Iter 82: J_model=3.7460005161e-06, |g|_inf=5.906681e-05, |delta_a|=2.685116e-06
[rank=11] Iter 83: J_model=3.7459834606e-06, |g|_inf=3.875769e-05, |delta_a|=2.373149e-06
[rank=11] Iter 84: J_model=3.7459661203e-06, |g|_inf=8.355004e-05, |delta_a|=1.470405e-06
[rank=11] Iter 85: J_model=3.7459545049e-06, |g|_inf=7.367751e-05, |delta_a|=1.191296e-06
[rank=11] Iter 86: J_model=3.7459278620e-06, |g|_inf=1.962060e-04, |delta_a|=2.571647e-06
[rank=11] Iter 87: J_model=3.7458851582e-06, |g|_inf=2.735987e-04, |delta_a|=4.603398e-06
[rank=11] Iter 88: J_model=3.7458218273e-06, |g|_inf=3.243439e-04, |delta_a|=6.823880e-06
[rank=11] Iter 89: J_model=3.7457516759e-06, |g|_inf=2.629875e-04, |delta_a|=6.183832e-06
[rank=11] Iter 90: J_model=3.7456751876e-06, |g|_inf=2.114421e-04, |delta_a|=4.201035e-06
[rank=11] Iter 91: J_model=3.7456197054e-06, |g|_inf=7.095100e-05, |delta_a|=3.311652e-06
[rank=11] Iter 92: J_model=3.7456015697e-06, |g|_inf=6.035406e-05, |delta_a|=3.598154e-06
[rank=11] Iter 93: J_model=3.7455932226e-06, |g|_inf=5.368314e-05, |delta_a|=1.133609e-06
[rank=11] Iter 94: J_model=3.7455783135e-06, |g|_inf=3.367664e-05, |delta_a|=7.631543e-07
[rank=11] Iter 95: J_model=3.7455598786e-06, |g|_inf=4.642594e-05, |delta_a|=8.273537e-07
[rank=11] Iter 96: J_model=3.7454980961e-06, |g|_inf=7.644605e-05, |delta_a|=3.070725e-06
[rank=11] Iter 97: J_model=3.7453705464e-06, |g|_inf=1.637982e-04, |delta_a|=9.040885e-06
[rank=11] Iter 98: J_model=3.7452225915e-06, |g|_inf=2.994188e-04, |delta_a|=7.452160e-06
[rank=11] Iter 99: J_model=3.7450742787e-06, |g|_inf=3.492263e-04, |delta_a|=6.586030e-06
[rank=11] Iter 100: J_model=3.7448100149e-06, |g|_inf=6.479481e-04, |delta_a|=1.359986e-05
[rank=11] Iter 101: J_model=3.7446613741e-06, |g|_inf=2.646695e-04, |delta_a|=8.672285e-06
[rank=11] Iter 102: J_model=3.7444036189e-06, |g|_inf=7.331031e-04, |delta_a|=2.316323e-05
[rank=11] Iter 103: J_model=3.7437944095e-06, |g|_inf=3.764818e-04, |delta_a|=4.872613e-06
[rank=11] Iter 104: J_model=3.7435342223e-06, |g|_inf=1.473652e-04, |delta_a|=5.629027e-06
[rank=11] Iter 105: J_model=3.7432016421e-06, |g|_inf=2.449871e-04, |delta_a|=1.055816e-05
[rank=11] Iter 106: J_model=3.7430271651e-06, |g|_inf=2.629516e-04, |delta_a|=5.492847e-06
[rank=11] Iter 107: J_model=3.7428034108e-06, |g|_inf=8.261661e-04, |delta_a|=1.361308e-05
[rank=11] Iter 108: J_model=3.7426697357e-06, |g|_inf=6.260058e-04, |delta_a|=9.734600e-06
[rank=11] Iter 109: J_model=3.7425082901e-06, |g|_inf=1.248523e-04, |delta_a|=8.896445e-06
[rank=11] Iter 110: J_model=3.7424833235e-06, |g|_inf=4.277876e-05, |delta_a|=3.118367e-06
[rank=11] Iter 111: J_model=3.7424712817e-06, |g|_inf=7.157143e-05, |delta_a|=1.119460e-06
[rank=11] Iter 112: J_model=3.7424652239e-06, |g|_inf=3.213220e-05, |delta_a|=9.348900e-07
[rank=11] Iter 113: J_model=3.7424620875e-06, |g|_inf=5.443904e-05, |delta_a|=1.493614e-06
[rank=11] Iter 114: J_model=3.7424605775e-06, |g|_inf=5.114079e-05, |delta_a|=1.026895e-06
[rank=11] Iter 115: J_model=3.7424591871e-06, |g|_inf=2.817858e-06, |delta_a|=3.522706e-07
[rank=11] Iter 116: J_model=3.7424591715e-06, |g|_inf=1.944632e-06, |delta_a|=1.460051e-08
[rank=11] Iter 117: J_model=3.7424591483e-06, |g|_inf=9.022445e-07, |delta_a|=4.484637e-08
[rank=11] Iter 118: J_model=3.7424591343e-06, |g|_inf=5.580176e-06, |delta_a|=5.179715e-08
[rank=11] Iter 119: J_model=3.7424591078e-06, |g|_inf=1.671006e-06, |delta_a|=5.455694e-08
[rank=11] Iter 120: J_model=3.7424590868e-06, |g|_inf=2.103219e-06, |delta_a|=4.810035e-08
[rank=11] Iter 121: J_model=3.7424590684e-06, |g|_inf=1.394813e-06, |delta_a|=3.605977e-08
[rank=11] Iter 122: J_model=3.7424590658e-06, |g|_inf=1.484205e-06, |delta_a|=6.046169e-08
[rank=11] Stop: CONVERGENCE: RELATIVE REDUCTION OF F <= FACTR*EPSMCH (steps=122)
rank= 11 | steps=122 | J_model=3.7424590658e-06 | J_ref=4.2068293972e-06 | CONVERGENCE: RELATIVE REDUCTION OF F <= FACTR*EPSMCH
