
--- 2026-09-25T22:38:45 | rank=14, k=10, grid=128x128, T=20, dt=0.005, method=L-BFGS-B, max_steps=200, tol=1e-15, gtol=1e-15, ftol=1e-14, maxcor=10, maxls=30 ---
[rank=14] Initial: J_model=4.3104618820e-03
[rank=14] Iter 1: J_model=4.3099606375e-03, |g|_inf=1.374952e+02, |delta_a|=5.805508e-10
[rank=14] Iter 2: J_model=4.3099465273e-03, |g|_inf=4.566295e+01, |delta_a|=5.912338e-11
[rank=14] Iter 3: J_model=4.3099465273e-03, |g|_inf=4.562050e+01, |delta_a|=3.210231e-20
[rank=14] Iter 4: J_model=4.3099465228e-03, |g|_inf=4.784671e+01, |delta_a|=1.888658e-15
[rank=14] Iter 5: J_model=4.3099464784e-03, |g|_inf=9.339060e+00, |delta_a|=4.678529e-13
[rank=14] Iter 6: J_model=4.3099036189e-03, |g|_inf=2.707541e+02, |delta_a|=3.896762e-09
[rank=14] Iter 7: J_model=4.3098020805e-03, |g|_inf=3.128377e+02, |delta_a|=1.287097e-08
[rank=14] Iter 8: J_model=4.3097932779e-03, |g|_inf=3.345344e+02, |delta_a|=1.281028e-09
[rank=14] Iter 9: J_model=4.3097399844e-03, |g|_inf=6.568801e+02, |delta_a|=1.387826e-08
[rank=14] Iter 10: J_model=4.3097003890e-03, |g|_inf=5.106832e+02, |delta_a|=7.270991e-09
[rank=14] Iter 11: J_model=4.3096975606e-03, |g|_inf=3.941502e+02, |delta_a|=1.714414e-09
[rank=14] Iter 12: J_model=4.3096903914e-03, |g|_inf=4.066186e+02, |delta_a|=3.058083e-09
[rank=14] Iter 13: J_model=4.3096868459e-03, |g|_inf=3.773784e+02, |delta_a|=1.049685e-09
[rank=14] Iter 14: J_model=4.3096622117e-03, |g|_inf=3.204532e+02, |delta_a|=6.941587e-09
[rank=14] Iter 15: J_model=4.3095184633e-03, |g|_inf=2.552685e+02, |delta_a|=3.291421e-08
[rank=14] Iter 16: J_model=4.3094126596e-03, |g|_inf=2.933896e+02, |delta_a|=1.794196e-08
[rank=14] Iter 17: J_model=4.3093396212e-03, |g|_inf=4.135656e+02, |delta_a|=2.981068e-08
[rank=14] Iter 18: J_model=4.3092770525e-03, |g|_inf=2.718006e+02, |delta_a|=9.458799e-09
[rank=14] Iter 19: J_model=4.3092163728e-03, |g|_inf=3.520167e+02, |delta_a|=1.585669e-08
[rank=14] Iter 20: J_model=4.3090784774e-03, |g|_inf=1.389919e+02, |delta_a|=1.557974e-08
[rank=14] Iter 21: J_model=4.3089998295e-03, |g|_inf=2.390483e+02, |delta_a|=2.059953e-08
[rank=14] Iter 22: J_model=4.3088734058e-03, |g|_inf=1.457849e+02, |delta_a|=1.526891e-08
[rank=14] Iter 23: J_model=4.3087531621e-03, |g|_inf=1.631459e+02, |delta_a|=2.230015e-08
[rank=14] Iter 24: J_model=4.3085266615e-03, |g|_inf=7.061659e+01, |delta_a|=2.967938e-08
[rank=14] Iter 25: J_model=4.3083954949e-03, |g|_inf=1.284635e+02, |delta_a|=3.587549e-08
[rank=14] Iter 26: J_model=4.3081978234e-03, |g|_inf=6.822530e+01, |delta_a|=3.687445e-08
[rank=14] Iter 27: J_model=4.3078436446e-03, |g|_inf=7.769106e+01, |delta_a|=8.913099e-08
[rank=14] Iter 28: J_model=4.2974784710e-03, |g|_inf=1.646399e+00, |delta_a|=1.078428e-05
[rank=14] Iter 29: J_model=4.2961487615e-03, |g|_inf=1.646248e+00, |delta_a|=4.393443e-06
[rank=14] Iter 30: J_model=1.5785006438e-03, |g|_inf=9.571818e-01, |delta_a|=7.983014e-03
[rank=14] Iter 31: J_model=5.8375694771e-04, |g|_inf=3.428745e-01, |delta_a|=9.895055e-03
[rank=14] Iter 32: J_model=2.6325445389e-04, |g|_inf=1.033199e-01, |delta_a|=1.570360e-03
[rank=14] Iter 33: J_model=2.1347596371e-04, |g|_inf=1.003485e-01, |delta_a|=1.360541e-03
[rank=14] Iter 34: J_model=8.0705436100e-05, |g|_inf=8.206512e-02, |delta_a|=8.860378e-03
[rank=14] Iter 35: J_model=3.6476409294e-05, |g|_inf=4.682212e-02, |delta_a|=2.198292e-03
[rank=14] Iter 36: J_model=9.6907874250e-06, |g|_inf=1.208200e-02, |delta_a|=3.842600e-03
[rank=14] Iter 37: J_model=9.3769085280e-06, |g|_inf=7.025177e-03, |delta_a|=5.367696e-04
[rank=14] Iter 38: J_model=9.0566553526e-06, |g|_inf=4.137539e-03, |delta_a|=2.769574e-04
[rank=14] Iter 39: J_model=8.8166835363e-06, |g|_inf=3.930681e-03, |delta_a|=1.007935e-04
[rank=14] Iter 40: J_model=7.8345743885e-06, |g|_inf=9.845193e-03, |delta_a|=4.090150e-04
[rank=14] Iter 41: J_model=6.4609388800e-06, |g|_inf=1.291455e-02, |delta_a|=6.824572e-04
[rank=14] Iter 42: J_model=5.0282027932e-06, |g|_inf=1.248207e-02, |delta_a|=8.803415e-04
[rank=14] Iter 43: J_model=4.6558878735e-06, |g|_inf=1.104715e-02, |delta_a|=1.038394e-03
[rank=14] Iter 44: J_model=4.1624115007e-06, |g|_inf=2.736101e-03, |delta_a|=4.134885e-04
[rank=14] Iter 45: J_model=4.1196717134e-06, |g|_inf=1.706830e-03, |delta_a|=1.424356e-04
[rank=14] Iter 46: J_model=4.1175610912e-06, |g|_inf=1.333268e-03, |delta_a|=5.274820e-05
[rank=14] Iter 47: J_model=4.1084960154e-06, |g|_inf=7.916509e-04, |delta_a|=7.192626e-05
[rank=14] Iter 48: J_model=4.1057708219e-06, |g|_inf=5.359397e-04, |delta_a|=9.367542e-06
[rank=14] Iter 49: J_model=4.1024910998e-06, |g|_inf=2.841896e-04, |delta_a|=1.229811e-05
[rank=14] Iter 50: J_model=4.1010211648e-06, |g|_inf=1.112084e-03, |delta_a|=6.834635e-05
[rank=14] Iter 51: J_model=4.0864448769e-06, |g|_inf=6.314819e-04, |delta_a|=1.344008e-04
[rank=14] Iter 52: J_model=4.0722492637e-06, |g|_inf=1.105013e-03, |delta_a|=3.594548e-05
[rank=14] Iter 53: J_model=4.0503595346e-06, |g|_inf=1.237177e-03, |delta_a|=8.130256e-05
[rank=14] Iter 54: J_model=3.9799255853e-06, |g|_inf=2.223841e-03, |delta_a|=3.704431e-04
[rank=14] Iter 55: J_model=3.9366756197e-06, |g|_inf=1.969215e-03, |delta_a|=4.602245e-04
[rank=14] Iter 56: J_model=3.9213979085e-06, |g|_inf=2.737792e-03, |delta_a|=3.548834e-04
[rank=14] Iter 57: J_model=3.9056164360e-06, |g|_inf=3.625901e-03, |delta_a|=1.449380e-04
[rank=14] Iter 58: J_model=3.8799740839e-06, |g|_inf=2.286634e-03, |delta_a|=8.978092e-05
[rank=14] Iter 59: J_model=3.8759310618e-06, |g|_inf=2.331918e-03, |delta_a|=3.108258e-04
[rank=14] Iter 60: J_model=3.8758984945e-06, |g|_inf=1.523064e-03, |delta_a|=2.481436e-08
[rank=14] Iter 61: J_model=3.8758279773e-06, |g|_inf=1.865610e-03, |delta_a|=1.241639e-07
[rank=14] Iter 62: J_model=3.8756866539e-06, |g|_inf=1.086979e-02, |delta_a|=5.626234e-05
[rank=14] Iter 63: J_model=3.8703918063e-06, |g|_inf=1.279166e-03, |delta_a|=3.646840e-05
[rank=14] Iter 64: J_model=3.8674531375e-06, |g|_inf=1.892808e-03, |delta_a|=1.299862e-05
[rank=14] Iter 65: J_model=3.8604980568e-06, |g|_inf=1.346809e-03, |delta_a|=1.471191e-05
[rank=14] Iter 66: J_model=3.8564326902e-06, |g|_inf=8.631705e-04, |delta_a|=1.589798e-05
[rank=14] Iter 67: J_model=3.8559305671e-06, |g|_inf=2.156743e-03, |delta_a|=9.095552e-06
[rank=14] Iter 68: J_model=3.8559012880e-06, |g|_inf=3.905287e-04, |delta_a|=7.536996e-08
[rank=14] Iter 69: J_model=3.8557467154e-06, |g|_inf=1.693011e-04, |delta_a|=1.913982e-06
[rank=14] Iter 70: J_model=3.8556494978e-06, |g|_inf=1.558872e-03, |delta_a|=3.763248e-06
[rank=14] Iter 71: J_model=3.8556306326e-06, |g|_inf=2.745217e-04, |delta_a|=1.802842e-07
[rank=14] Iter 72: J_model=3.8556187611e-06, |g|_inf=2.112961e-04, |delta_a|=7.183647e-07
[rank=14] Iter 73: J_model=3.8555964074e-06, |g|_inf=4.819773e-04, |delta_a|=2.222190e-06
[rank=14] Iter 74: J_model=3.8555842638e-06, |g|_inf=4.268641e-04, |delta_a|=1.563280e-06
[rank=14] Iter 75: J_model=3.8555453177e-06, |g|_inf=9.952817e-04, |delta_a|=1.128622e-06
[rank=14] Iter 76: J_model=3.8554789115e-06, |g|_inf=2.177328e-03, |delta_a|=1.862249e-06
[rank=14] Iter 77: J_model=3.8553800820e-06, |g|_inf=5.630221e-03, |delta_a|=1.855167e-06
[rank=14] Iter 78: J_model=3.8552374007e-06, |g|_inf=2.278722e-03, |delta_a|=1.348637e-06
[rank=14] Iter 79: J_model=3.8552203201e-06, |g|_inf=1.076417e-04, |delta_a|=3.209051e-07
[rank=14] Iter 80: J_model=3.8551683553e-06, |g|_inf=5.129555e-03, |delta_a|=1.896885e-06
[rank=14] Iter 81: J_model=3.8551480984e-06, |g|_inf=1.033714e-03, |delta_a|=3.365065e-07
[rank=14] Iter 82: J_model=3.8551265752e-06, |g|_inf=6.274248e-04, |delta_a|=9.845145e-07
[rank=14] Iter 83: J_model=3.8551209054e-06, |g|_inf=1.833833e-03, |delta_a|=2.154298e-07
[rank=14] Iter 84: J_model=3.8551061482e-06, |g|_inf=4.617565e-03, |delta_a|=4.328960e-07
[rank=14] Iter 85: J_model=3.8550956277e-06, |g|_inf=2.155141e-03, |delta_a|=6.701899e-07
[rank=14] Iter 86: J_model=3.8550882435e-06, |g|_inf=1.078397e-03, |delta_a|=2.477115e-07
[rank=14] Iter 87: J_model=3.8550862855e-06, |g|_inf=2.398477e-03, |delta_a|=9.784260e-08
[rank=14] Iter 88: J_model=3.8550753325e-06, |g|_inf=4.816615e-03, |delta_a|=4.919232e-07
[rank=14] Iter 89: J_model=3.8550399217e-06, |g|_inf=2.875187e-03, |delta_a|=1.525806e-06
[rank=14] Iter 90: J_model=3.8550272124e-06, |g|_inf=2.278422e-04, |delta_a|=7.394972e-07
[rank=14] Iter 91: J_model=3.8550052949e-06, |g|_inf=2.604273e-03, |delta_a|=2.005112e-06
[rank=14] Iter 92: J_model=3.8550000285e-06, |g|_inf=8.939770e-04, |delta_a|=2.586472e-07
[rank=14] Iter 93: J_model=3.8549752756e-06, |g|_inf=2.775546e-04, |delta_a|=1.169330e-06
[rank=14] Iter 94: J_model=3.8549612360e-06, |g|_inf=3.392794e-03, |delta_a|=1.027965e-06
[rank=14] Iter 95: J_model=3.8549491930e-06, |g|_inf=1.721289e-03, |delta_a|=6.424354e-07
[rank=14] Iter 96: J_model=3.8549486838e-06, |g|_inf=2.296873e-03, |delta_a|=1.177294e-07
[rank=14] Iter 97: J_model=3.8549422078e-06, |g|_inf=1.762780e-03, |delta_a|=1.850507e-07
[rank=14] Iter 98: J_model=3.8549212272e-06, |g|_inf=1.810218e-03, |delta_a|=1.450760e-06
[rank=14] Iter 99: J_model=3.8549108280e-06, |g|_inf=2.653155e-04, |delta_a|=4.076829e-07
[rank=14] Iter 100: J_model=3.8548795839e-06, |g|_inf=4.520645e-03, |delta_a|=7.337663e-07
[rank=14] Iter 101: J_model=3.8548498297e-06, |g|_inf=8.077198e-03, |delta_a|=8.282026e-07
[rank=14] Iter 102: J_model=3.8548359900e-06, |g|_inf=5.057611e-03, |delta_a|=3.891010e-07
[rank=14] Iter 103: J_model=3.8548217742e-06, |g|_inf=1.068800e-03, |delta_a|=6.384313e-07
[rank=14] Iter 104: J_model=3.8548119538e-06, |g|_inf=7.883838e-03, |delta_a|=4.502876e-07
[rank=14] Iter 105: J_model=3.8548101111e-06, |g|_inf=6.931429e-03, |delta_a|=6.351425e-10
[rank=14] Iter 106: J_model=3.8547768186e-06, |g|_inf=6.648444e-03, |delta_a|=4.617521e-07
[rank=14] Iter 107: J_model=3.8547713551e-06, |g|_inf=9.781039e-03, |delta_a|=5.117448e-07
[rank=14] Iter 108: J_model=3.8547291749e-06, |g|_inf=1.526141e-03, |delta_a|=1.199969e-06
[rank=14] Iter 109: J_model=3.8547250555e-06, |g|_inf=1.343605e-02, |delta_a|=1.010663e-06
[rank=14] Iter 110: J_model=3.8546897545e-06, |g|_inf=6.513014e-03, |delta_a|=1.821228e-06
[rank=14] Iter 111: J_model=3.8546561869e-06, |g|_inf=4.251443e-03, |delta_a|=8.758598e-07
[rank=14] Iter 112: J_model=3.8545568301e-06, |g|_inf=3.594464e-03, |delta_a|=1.036372e-06
[rank=14] Iter 113: J_model=3.8544501823e-06, |g|_inf=7.005710e-03, |delta_a|=3.631836e-06
[rank=14] Iter 114: J_model=3.8544271506e-06, |g|_inf=2.666964e-03, |delta_a|=5.067268e-07
[rank=14] Iter 115: J_model=3.8544172155e-06, |g|_inf=1.972628e-03, |delta_a|=1.926513e-07
[rank=14] Iter 116: J_model=3.8544105058e-06, |g|_inf=3.184587e-03, |delta_a|=9.032425e-07
[rank=14] Iter 117: J_model=3.8544002840e-06, |g|_inf=1.290278e-03, |delta_a|=8.126189e-08
[rank=14] Iter 118: J_model=3.8543578975e-06, |g|_inf=1.483338e-03, |delta_a|=7.057845e-07
[rank=14] Iter 119: J_model=3.8543561796e-06, |g|_inf=2.363987e-04, |delta_a|=2.331376e-07
[rank=14] Iter 120: J_model=3.8543291601e-06, |g|_inf=5.061407e-04, |delta_a|=9.665266e-07
[rank=14] Iter 121: J_model=3.8543275145e-06, |g|_inf=3.017861e-03, |delta_a|=3.064117e-07
[rank=14] Iter 122: J_model=3.8542443279e-06, |g|_inf=7.529600e-03, |delta_a|=9.501085e-07
[rank=14] Iter 123: J_model=3.8541603981e-06, |g|_inf=1.340971e-02, |delta_a|=1.522894e-06
[rank=14] Iter 124: J_model=3.8541340095e-06, |g|_inf=1.704336e-04, |delta_a|=3.399533e-09
[rank=14] Iter 125: J_model=3.8541340034e-06, |g|_inf=1.668889e-04, |delta_a|=1.901474e-20
[rank=14] Stop: CONVERGENCE: RELATIVE REDUCTION OF F <= FACTR*EPSMCH (steps=125)
rank= 14 | steps=125 | J_model=3.8541340034e-06 | J_ref=4.2421546534e-06 | CONVERGENCE: RELATIVE REDUCTION OF F <= FACTR*EPSMCH
