
--- 2026-09-24T18:19:18 | rank=25, k=10, grid=128x128, T=20, dt=0.005, method=L-BFGS-B, max_steps=200, tol=1e-15, gtol=1e-15, ftol=1e-14, maxcor=10, maxls=30 ---
[rank=25] Initial: J_model=4.3113751609e-03
[rank=25] Iter 1: J_model=1.3140621364e-03, |g|_inf=7.020504e-01, |delta_a|=3.602340e-02
[rank=25] Iter 2: J_model=5.8169111272e-04, |g|_inf=4.247806e-01, |delta_a|=1.030985e-03
[rank=25] Iter 3: J_model=1.5099777949e-04, |g|_inf=1.768770e-02, |delta_a|=1.608535e-03
[rank=25] Iter 4: J_model=1.5008094241e-04, |g|_inf=1.025940e-02, |delta_a|=5.592357e-05
[rank=25] Iter 5: J_model=1.4925454851e-04, |g|_inf=6.311978e-03, |delta_a|=1.125617e-04
[rank=25] Iter 6: J_model=1.4899732845e-04, |g|_inf=6.345377e-03, |delta_a|=4.881315e-05
[rank=25] Iter 7: J_model=1.4659893673e-04, |g|_inf=1.261162e-02, |delta_a|=5.673306e-04
[rank=25] Iter 8: J_model=1.4294465020e-04, |g|_inf=2.043955e-02, |delta_a|=1.062000e-03
[rank=25] Iter 9: J_model=1.3764705592e-04, |g|_inf=2.548427e-02, |delta_a|=2.052015e-03
[rank=25] Iter 10: J_model=1.3523648512e-04, |g|_inf=3.352245e-02, |delta_a|=1.659832e-03
[rank=25] Iter 11: J_model=1.3316310299e-04, |g|_inf=8.262227e-03, |delta_a|=3.848353e-04
[rank=25] Iter 12: J_model=1.3260905576e-04, |g|_inf=6.197377e-03, |delta_a|=7.842448e-05
[rank=25] Iter 13: J_model=1.3222290285e-04, |g|_inf=6.190619e-03, |delta_a|=9.594746e-05
[rank=25] Iter 14: J_model=1.3017113267e-04, |g|_inf=1.358893e-02, |delta_a|=4.122040e-04
[rank=25] Iter 15: J_model=1.2668357790e-04, |g|_inf=2.491379e-02, |delta_a|=7.409139e-04
[rank=25] Iter 16: J_model=1.1388868218e-04, |g|_inf=4.836401e-02, |delta_a|=2.968210e-03
[rank=25] Iter 17: J_model=8.9466848239e-05, |g|_inf=7.278395e-02, |delta_a|=6.449228e-03
[rank=25] Iter 18: J_model=5.2384574708e-05, |g|_inf=7.463068e-02, |delta_a|=1.128714e-02
[rank=25] Iter 19: J_model=3.7344678442e-05, |g|_inf=7.074644e-02, |delta_a|=4.552967e-03
[rank=25] Iter 20: J_model=2.4477669157e-05, |g|_inf=5.723351e-02, |delta_a|=4.473037e-03
[rank=25] Iter 21: J_model=1.4698662638e-05, |g|_inf=3.777863e-02, |delta_a|=1.215330e-03
[rank=25] Iter 22: J_model=1.0782962552e-05, |g|_inf=5.974300e-03, |delta_a|=1.191643e-03
[rank=25] Iter 23: J_model=1.0363259532e-05, |g|_inf=8.654599e-03, |delta_a|=7.144903e-04
[rank=25] Iter 24: J_model=1.0010983289e-05, |g|_inf=6.331526e-03, |delta_a|=2.499364e-04
[rank=25] Iter 25: J_model=9.7598319688e-06, |g|_inf=7.619757e-03, |delta_a|=9.022062e-04
[rank=25] Iter 26: J_model=9.6320080573e-06, |g|_inf=6.000821e-03, |delta_a|=1.054877e-04
[rank=25] Iter 27: J_model=9.5264361077e-06, |g|_inf=2.665863e-03, |delta_a|=2.741714e-04
[rank=25] Iter 28: J_model=9.4822945829e-06, |g|_inf=2.200430e-03, |delta_a|=1.006381e-04
[rank=25] Iter 29: J_model=9.4416032974e-06, |g|_inf=4.364345e-03, |delta_a|=9.888105e-05
[rank=25] Iter 30: J_model=9.3460876204e-06, |g|_inf=5.472743e-03, |delta_a|=1.717758e-04
[rank=25] Iter 31: J_model=8.9565493961e-06, |g|_inf=8.245568e-03, |delta_a|=8.526120e-04
[rank=25] Iter 32: J_model=8.7456414952e-06, |g|_inf=1.035623e-02, |delta_a|=1.056168e-03
[rank=25] Iter 33: J_model=8.1969537827e-06, |g|_inf=7.002284e-03, |delta_a|=4.708830e-04
[rank=25] Iter 34: J_model=6.9304307622e-06, |g|_inf=3.630277e-03, |delta_a|=1.553314e-03
[rank=25] Iter 35: J_model=5.9711320657e-06, |g|_inf=5.156341e-03, |delta_a|=1.436275e-03
[rank=25] Iter 36: J_model=5.0235065832e-06, |g|_inf=4.876146e-03, |delta_a|=2.230345e-03
[rank=25] Iter 37: J_model=4.6552585039e-06, |g|_inf=7.437016e-03, |delta_a|=7.913498e-04
[rank=25] Iter 38: J_model=4.4200349839e-06, |g|_inf=3.070276e-03, |delta_a|=3.400455e-04
[rank=25] Iter 39: J_model=4.3253952380e-06, |g|_inf=3.623809e-03, |delta_a|=4.669697e-04
[rank=25] Iter 40: J_model=4.1531256685e-06, |g|_inf=1.960938e-03, |delta_a|=3.761355e-04
[rank=25] Iter 41: J_model=4.0480413080e-06, |g|_inf=1.933158e-03, |delta_a|=5.811113e-04
[rank=25] Iter 42: J_model=4.0174813784e-06, |g|_inf=3.160123e-03, |delta_a|=5.444212e-04
[rank=25] Iter 43: J_model=3.9660630871e-06, |g|_inf=1.251201e-03, |delta_a|=2.255336e-04
[rank=25] Iter 44: J_model=3.9658564882e-06, |g|_inf=1.261439e-03, |delta_a|=6.596916e-06
[rank=25] Iter 45: J_model=3.9650988208e-06, |g|_inf=9.242200e-04, |delta_a|=6.736533e-05
[rank=25] Iter 46: J_model=3.9611373756e-06, |g|_inf=1.375525e-03, |delta_a|=5.897481e-05
[rank=25] Iter 47: J_model=3.9560291885e-06, |g|_inf=4.797864e-04, |delta_a|=4.525711e-05
[rank=25] Iter 48: J_model=3.9543684538e-06, |g|_inf=9.842608e-04, |delta_a|=2.152243e-05
[rank=25] Iter 49: J_model=3.9532095703e-06, |g|_inf=5.661713e-04, |delta_a|=2.559742e-06
[rank=25] Iter 50: J_model=3.9524817128e-06, |g|_inf=1.431083e-03, |delta_a|=1.015437e-05
[rank=25] Iter 51: J_model=3.9522188568e-06, |g|_inf=1.006644e-03, |delta_a|=3.819458e-05
[rank=25] Iter 52: J_model=3.9495065649e-06, |g|_inf=7.024151e-04, |delta_a|=3.799516e-05
[rank=25] Iter 53: J_model=3.9405805016e-06, |g|_inf=2.641928e-03, |delta_a|=7.291286e-05
[rank=25] Iter 54: J_model=3.9394573594e-06, |g|_inf=1.034333e-03, |delta_a|=2.739820e-05
[rank=25] Iter 55: J_model=3.9348954091e-06, |g|_inf=8.640494e-04, |delta_a|=2.991623e-05
[rank=25] Iter 56: J_model=3.9347083343e-06, |g|_inf=8.195657e-04, |delta_a|=2.872765e-06
[rank=25] Iter 57: J_model=3.9329761106e-06, |g|_inf=5.901258e-04, |delta_a|=2.662160e-05
[rank=25] Iter 58: J_model=3.9325913414e-06, |g|_inf=4.526022e-04, |delta_a|=9.134813e-06
[rank=25] Iter 59: J_model=3.9311963856e-06, |g|_inf=8.498567e-04, |delta_a|=1.478740e-05
[rank=25] Iter 60: J_model=3.9311135451e-06, |g|_inf=8.476265e-04, |delta_a|=7.350026e-06
[rank=25] Iter 61: J_model=3.9308804967e-06, |g|_inf=5.060504e-04, |delta_a|=4.766510e-06
[rank=25] Iter 62: J_model=3.9301774309e-06, |g|_inf=1.016830e-03, |delta_a|=6.035075e-06
[rank=25] Iter 63: J_model=3.9293098449e-06, |g|_inf=4.967233e-03, |delta_a|=1.841048e-05
[rank=25] Iter 64: J_model=3.9289574540e-06, |g|_inf=5.977188e-04, |delta_a|=3.775185e-06
[rank=25] Iter 65: J_model=3.9283302089e-06, |g|_inf=4.616091e-04, |delta_a|=2.363981e-06
[rank=25] Iter 66: J_model=3.9236087855e-06, |g|_inf=7.294022e-04, |delta_a|=5.331658e-05
[rank=25] Iter 67: J_model=3.9232301810e-06, |g|_inf=1.006312e-03, |delta_a|=2.536525e-05
[rank=25] Iter 68: J_model=3.9222381963e-06, |g|_inf=1.849993e-03, |delta_a|=5.718854e-06
[rank=25] Iter 69: J_model=3.9209831031e-06, |g|_inf=3.718602e-03, |delta_a|=1.579844e-05
[rank=25] Iter 70: J_model=3.9200495721e-06, |g|_inf=5.978238e-03, |delta_a|=9.536868e-07
[rank=25] Iter 71: J_model=3.9200446532e-06, |g|_inf=6.802745e-04, |delta_a|=1.025837e-08
[rank=25] Iter 72: J_model=3.9198861662e-06, |g|_inf=6.584690e-03, |delta_a|=5.306762e-07
[rank=25] Iter 73: J_model=3.9196425594e-06, |g|_inf=6.726181e-03, |delta_a|=8.901268e-07
[rank=25] Iter 74: J_model=3.9193391457e-06, |g|_inf=4.283573e-03, |delta_a|=5.130273e-07
[rank=25] Iter 75: J_model=3.9193348407e-06, |g|_inf=4.322048e-03, |delta_a|=4.293542e-09
[rank=25] Iter 76: J_model=3.9192280271e-06, |g|_inf=2.110940e-01, |delta_a|=3.889867e-07
[rank=25] Iter 77: J_model=3.9191701809e-06, |g|_inf=9.060620e-02, |delta_a|=6.915545e-08
[rank=25] Iter 78: J_model=3.9189710267e-06, |g|_inf=2.813744e+00, |delta_a|=2.501406e-19
[rank=25] Stop: ABNORMAL:  (steps=78)
rank= 25 | steps=78 | J_model=3.9189710267e-06 | J_ref=4.2183706062e-06 | ABNORMAL: 
