
--- 2026-09-24T23:25:54 | rank=31, k=10, grid=128x128, T=20, dt=0.005, method=L-BFGS-B, max_steps=200, tol=1e-15, gtol=1e-15, ftol=1e-14, maxcor=10, maxls=30 ---
[rank=31] Initial: J_model=4.3086444856e-03
[rank=31] Iter 1: J_model=2.2222917710e-04, |g|_inf=2.900026e-01, |delta_a|=7.818547e-03
[rank=31] Iter 2: J_model=4.4245203130e-05, |g|_inf=6.416054e-02, |delta_a|=9.521241e-04
[rank=31] Iter 3: J_model=2.2819341799e-05, |g|_inf=3.585014e-02, |delta_a|=3.403741e-04
[rank=31] Iter 4: J_model=1.4398052727e-05, |g|_inf=7.665092e-03, |delta_a|=3.554309e-04
[rank=31] Iter 5: J_model=1.4248798543e-05, |g|_inf=1.003840e-02, |delta_a|=6.208584e-05
[rank=31] Iter 6: J_model=1.4056810317e-05, |g|_inf=4.622464e-03, |delta_a|=2.173590e-05
[rank=31] Iter 7: J_model=1.3680650473e-05, |g|_inf=4.614330e-03, |delta_a|=7.173805e-05
[rank=31] Iter 8: J_model=1.2684505277e-05, |g|_inf=1.577612e-02, |delta_a|=2.600195e-04
[rank=31] Iter 9: J_model=1.0903676445e-05, |g|_inf=2.712539e-02, |delta_a|=5.684619e-04
[rank=31] Iter 10: J_model=7.8338795994e-06, |g|_inf=3.481272e-02, |delta_a|=1.333174e-03
[rank=31] Iter 11: J_model=6.2304823153e-06, |g|_inf=2.098214e-02, |delta_a|=1.254098e-03
[rank=31] Iter 12: J_model=5.4355353000e-06, |g|_inf=6.813496e-03, |delta_a|=1.778290e-04
[rank=31] Iter 13: J_model=5.3167813055e-06, |g|_inf=1.064974e-03, |delta_a|=1.408062e-04
[rank=31] Iter 14: J_model=5.3098622750e-06, |g|_inf=6.585350e-04, |delta_a|=4.592301e-05
[rank=31] Iter 15: J_model=5.3063335006e-06, |g|_inf=6.165280e-04, |delta_a|=6.950604e-05
[rank=31] Iter 16: J_model=5.2965825153e-06, |g|_inf=1.810238e-03, |delta_a|=3.844584e-05
[rank=31] Iter 17: J_model=5.2953316456e-06, |g|_inf=2.146692e-03, |delta_a|=1.758425e-05
[rank=31] Iter 18: J_model=5.2737339220e-06, |g|_inf=5.939708e-03, |delta_a|=2.544402e-05
[rank=31] Iter 19: J_model=5.2364312551e-06, |g|_inf=3.151515e-03, |delta_a|=1.145574e-04
[rank=31] Iter 20: J_model=5.1892811670e-06, |g|_inf=5.991647e-03, |delta_a|=6.507408e-05
[rank=31] Iter 21: J_model=5.1471889400e-06, |g|_inf=4.864815e-03, |delta_a|=1.384346e-04
[rank=31] Iter 22: J_model=5.1102470421e-06, |g|_inf=3.208812e-03, |delta_a|=4.863950e-05
[rank=31] Iter 23: J_model=5.0570705338e-06, |g|_inf=3.017452e-03, |delta_a|=1.467081e-04
[rank=31] Iter 24: J_model=4.9775388082e-06, |g|_inf=3.881931e-03, |delta_a|=2.242558e-04
[rank=31] Iter 25: J_model=4.8665586154e-06, |g|_inf=3.635886e-03, |delta_a|=1.840495e-04
[rank=31] Iter 26: J_model=4.7406925947e-06, |g|_inf=6.134820e-03, |delta_a|=7.105299e-04
[rank=31] Iter 27: J_model=4.6601731709e-06, |g|_inf=2.745724e-03, |delta_a|=1.924675e-04
[rank=31] Iter 28: J_model=4.6205418871e-06, |g|_inf=1.750298e-03, |delta_a|=2.480842e-04
[rank=31] Iter 29: J_model=4.5932185658e-06, |g|_inf=1.008002e-03, |delta_a|=3.365910e-05
[rank=31] Iter 30: J_model=4.5599573135e-06, |g|_inf=2.682768e-03, |delta_a|=1.844259e-04
[rank=31] Iter 31: J_model=4.5293927677e-06, |g|_inf=3.036946e-03, |delta_a|=2.490223e-04
[rank=31] Iter 32: J_model=4.5231308429e-06, |g|_inf=5.059473e-03, |delta_a|=4.147367e-04
[rank=31] Iter 33: J_model=4.4600167498e-06, |g|_inf=2.278755e-03, |delta_a|=1.475161e-04
[rank=31] Iter 34: J_model=4.3808633252e-06, |g|_inf=1.783876e-03, |delta_a|=1.634062e-04
[rank=31] Iter 35: J_model=4.3429880181e-06, |g|_inf=1.353979e-03, |delta_a|=7.136255e-05
[rank=31] Iter 36: J_model=4.1743902203e-06, |g|_inf=3.571534e-03, |delta_a|=6.216571e-04
[rank=31] Iter 37: J_model=4.1304421864e-06, |g|_inf=2.941573e-03, |delta_a|=1.856851e-04
[rank=31] Iter 38: J_model=4.0930108240e-06, |g|_inf=1.040290e-03, |delta_a|=1.561906e-04
[rank=31] Iter 39: J_model=4.0733601485e-06, |g|_inf=1.258141e-03, |delta_a|=4.963210e-05
[rank=31] Iter 40: J_model=4.0730841951e-06, |g|_inf=9.200709e-04, |delta_a|=5.009582e-06
[rank=31] Iter 41: J_model=4.0720156752e-06, |g|_inf=6.950660e-04, |delta_a|=1.624337e-05
[rank=31] Iter 42: J_model=4.0718053431e-06, |g|_inf=7.988752e-04, |delta_a|=2.305128e-05
[rank=31] Iter 43: J_model=4.0704752847e-06, |g|_inf=8.641843e-04, |delta_a|=9.517787e-06
[rank=31] Iter 44: J_model=4.0697991463e-06, |g|_inf=4.304071e-04, |delta_a|=5.340974e-06
[rank=31] Iter 45: J_model=4.0686677090e-06, |g|_inf=5.101568e-04, |delta_a|=1.566648e-05
[rank=31] Iter 46: J_model=4.0664800530e-06, |g|_inf=7.382846e-04, |delta_a|=2.094242e-05
[rank=31] Iter 47: J_model=4.0631412404e-06, |g|_inf=5.756569e-04, |delta_a|=1.995868e-05
[rank=31] Iter 48: J_model=4.0495483681e-06, |g|_inf=2.125542e-03, |delta_a|=1.952330e-04
[rank=31] Iter 49: J_model=4.0428641882e-06, |g|_inf=1.269361e-03, |delta_a|=1.170816e-05
[rank=31] Iter 50: J_model=4.0421083805e-06, |g|_inf=9.961424e-04, |delta_a|=2.751783e-05
[rank=31] Iter 51: J_model=4.0354200901e-06, |g|_inf=1.163263e-03, |delta_a|=1.893977e-05
[rank=31] Iter 52: J_model=4.0343179199e-06, |g|_inf=6.599631e-04, |delta_a|=1.186419e-05
[rank=31] Iter 53: J_model=4.0308406964e-06, |g|_inf=4.240694e-04, |delta_a|=1.363148e-05
[rank=31] Iter 54: J_model=4.0298045902e-06, |g|_inf=2.358539e-03, |delta_a|=1.061352e-04
[rank=31] Iter 55: J_model=4.0290498564e-06, |g|_inf=2.393272e-03, |delta_a|=5.435049e-06
[rank=31] Iter 56: J_model=4.0205389031e-06, |g|_inf=1.199833e-03, |delta_a|=2.342803e-05
[rank=31] Iter 57: J_model=4.0093736392e-06, |g|_inf=2.541755e-04, |delta_a|=8.299784e-05
[rank=31] Iter 58: J_model=4.0066943070e-06, |g|_inf=5.395401e-03, |delta_a|=2.642417e-05
[rank=31] Iter 59: J_model=4.0031719738e-06, |g|_inf=2.642103e-03, |delta_a|=3.754963e-05
[rank=31] Iter 60: J_model=4.0016920216e-06, |g|_inf=1.408480e-03, |delta_a|=1.260922e-05
[rank=31] Iter 61: J_model=4.0004338195e-06, |g|_inf=1.210051e-03, |delta_a|=1.983703e-05
[rank=31] Iter 62: J_model=3.9978346372e-06, |g|_inf=8.483202e-04, |delta_a|=1.413569e-05
[rank=31] Iter 63: J_model=3.9970011341e-06, |g|_inf=7.616065e-04, |delta_a|=5.218128e-06
[rank=31] Iter 64: J_model=3.9964942581e-06, |g|_inf=8.762402e-04, |delta_a|=6.799589e-06
[rank=31] Iter 65: J_model=3.9959723773e-06, |g|_inf=7.177097e-04, |delta_a|=3.639056e-06
[rank=31] Iter 66: J_model=3.9959695659e-06, |g|_inf=6.854439e-04, |delta_a|=1.959559e-08
[rank=31] Iter 67: J_model=3.9958628135e-06, |g|_inf=5.469694e-04, |delta_a|=1.344203e-06
[rank=31] Iter 68: J_model=3.9956327816e-06, |g|_inf=2.900537e-03, |delta_a|=2.811559e-06
[rank=31] Iter 69: J_model=3.9956276055e-06, |g|_inf=2.290351e-03, |delta_a|=2.558214e-19
[rank=31] Iter 70: J_model=3.9956210901e-06, |g|_inf=8.607791e-04, |delta_a|=1.568869e-08
[rank=31] Iter 71: J_model=3.9956164674e-06, |g|_inf=2.411951e-04, |delta_a|=4.174230e-09
[rank=31] Iter 72: J_model=3.9956161960e-06, |g|_inf=8.254419e-04, |delta_a|=7.320135e-09
[rank=31] Iter 73: J_model=3.9955657899e-06, |g|_inf=6.709920e-04, |delta_a|=1.206592e-07
[rank=31] Iter 74: J_model=3.9953902956e-06, |g|_inf=7.538571e-04, |delta_a|=9.112622e-07
[rank=31] Iter 75: J_model=3.9951370664e-06, |g|_inf=5.782035e-04, |delta_a|=1.073841e-06
[rank=31] Iter 76: J_model=3.9948916977e-06, |g|_inf=3.521058e-04, |delta_a|=1.084447e-06
[rank=31] Iter 77: J_model=3.9948309781e-06, |g|_inf=3.892451e-03, |delta_a|=4.208326e-07
[rank=31] Iter 78: J_model=3.9948304871e-06, |g|_inf=1.296533e-03, |delta_a|=3.195228e-07
[rank=31] Iter 79: J_model=3.9948232962e-06, |g|_inf=2.054686e-03, |delta_a|=8.020609e-08
[rank=31] Iter 80: J_model=3.9947743046e-06, |g|_inf=6.944879e-04, |delta_a|=2.604785e-07
[rank=31] Iter 81: J_model=3.9946582096e-06, |g|_inf=1.718153e-03, |delta_a|=8.429748e-07
[rank=31] Iter 82: J_model=3.9946233754e-06, |g|_inf=2.499142e-04, |delta_a|=2.097401e-07
[rank=31] Iter 83: J_model=3.9946223471e-06, |g|_inf=3.935590e-04, |delta_a|=3.748706e-16
[rank=31] Iter 84: J_model=3.9946078884e-06, |g|_inf=1.436175e-03, |delta_a|=2.131172e-07
[rank=31] Iter 85: J_model=3.9946023945e-06, |g|_inf=4.308683e-04, |delta_a|=8.490339e-17
[rank=31] Iter 86: J_model=3.9945693676e-06, |g|_inf=1.104743e-03, |delta_a|=3.265322e-07
[rank=31] Stop: ABNORMAL:  (steps=86)
rank= 31 | steps=86 | J_model=3.9945693676e-06 | J_ref=4.2124533386e-06 | ABNORMAL: 
