
--- 2026-09-24T18:16:03 | rank=12, k=10, grid=128x128, T=20, dt=0.005, method=L-BFGS-B, max_steps=200, tol=1e-15, gtol=1e-15, ftol=1e-14, maxcor=10, maxls=30 ---
[rank=12] Initial: J_model=4.3300103027e-03
[rank=12] Iter 1: J_model=4.2879912411e-03, |g|_inf=1.645173e+00, |delta_a|=1.503274e-04
[rank=12] Iter 2: J_model=3.6851030456e-03, |g|_inf=1.527815e+00, |delta_a|=3.745726e-04
[rank=12] Iter 3: J_model=2.7072562698e-04, |g|_inf=3.650499e-01, |delta_a|=5.912251e-03
[rank=12] Iter 4: J_model=2.8684963403e-05, |g|_inf=7.515247e-02, |delta_a|=1.165821e-03
[rank=12] Iter 5: J_model=1.1510480443e-05, |g|_inf=4.027584e-02, |delta_a|=2.873086e-04
[rank=12] Iter 6: J_model=3.9694362672e-06, |g|_inf=6.305862e-03, |delta_a|=3.384128e-04
[rank=12] Iter 7: J_model=3.9091620746e-06, |g|_inf=1.598476e-03, |delta_a|=1.848207e-05
[rank=12] Iter 8: J_model=3.9030241441e-06, |g|_inf=5.891448e-04, |delta_a|=1.165108e-05
[rank=12] Iter 9: J_model=3.9016637174e-06, |g|_inf=5.019124e-04, |delta_a|=2.939510e-06
[rank=12] Iter 10: J_model=3.9007522992e-06, |g|_inf=4.853576e-04, |delta_a|=4.024675e-06
[rank=12] Iter 11: J_model=3.8992577467e-06, |g|_inf=6.010572e-04, |delta_a|=5.850102e-06
[rank=12] Iter 12: J_model=3.8897959652e-06, |g|_inf=1.541497e-03, |delta_a|=4.535776e-05
[rank=12] Iter 13: J_model=3.8793121912e-06, |g|_inf=1.169481e-03, |delta_a|=3.278283e-05
[rank=12] Iter 14: J_model=3.8791991986e-06, |g|_inf=8.644741e-04, |delta_a|=1.392813e-05
[rank=12] Iter 15: J_model=3.8756227664e-06, |g|_inf=7.595859e-04, |delta_a|=7.865912e-06
[rank=12] Iter 16: J_model=3.8724370834e-06, |g|_inf=9.891057e-04, |delta_a|=1.008827e-05
[rank=12] Iter 17: J_model=3.8708086162e-06, |g|_inf=1.219760e-03, |delta_a|=2.267210e-05
[rank=12] Iter 18: J_model=3.8686100921e-06, |g|_inf=1.794354e-03, |delta_a|=9.943798e-06
[rank=12] Iter 19: J_model=3.8641567576e-06, |g|_inf=1.287244e-03, |delta_a|=6.701976e-06
[rank=12] Iter 20: J_model=3.8540009310e-06, |g|_inf=7.038300e-04, |delta_a|=4.392703e-05
[rank=12] Iter 21: J_model=3.8457597710e-06, |g|_inf=4.223048e-03, |delta_a|=4.044321e-05
[rank=12] Iter 22: J_model=3.8445871995e-06, |g|_inf=2.675680e-03, |delta_a|=1.010743e-05
[rank=12] Iter 23: J_model=3.8432644843e-06, |g|_inf=7.669410e-04, |delta_a|=1.019518e-06
[rank=12] Iter 24: J_model=3.8401604998e-06, |g|_inf=2.474839e-04, |delta_a|=7.642981e-06
[rank=12] Iter 25: J_model=3.8375921077e-06, |g|_inf=5.937732e-04, |delta_a|=1.245865e-05
[rank=12] Iter 26: J_model=3.8343727797e-06, |g|_inf=8.330189e-04, |delta_a|=1.989452e-05
[rank=12] Iter 27: J_model=3.8273046056e-06, |g|_inf=1.497070e-03, |delta_a|=4.620288e-05
[rank=12] Iter 28: J_model=3.8258020839e-06, |g|_inf=1.495972e-03, |delta_a|=1.474519e-05
[rank=12] Iter 29: J_model=3.8242558348e-06, |g|_inf=1.534131e-03, |delta_a|=6.819591e-05
[rank=12] Iter 30: J_model=3.8138411302e-06, |g|_inf=2.432711e-03, |delta_a|=3.062001e-05
[rank=12] Iter 31: J_model=3.8136297761e-06, |g|_inf=2.537851e-03, |delta_a|=1.169115e-07
[rank=12] Iter 32: J_model=3.8136233691e-06, |g|_inf=2.133593e-03, |delta_a|=6.733668e-11
[rank=12] Iter 33: J_model=3.8112910356e-06, |g|_inf=5.424202e-02, |delta_a|=1.706049e-06
[rank=12] Iter 34: J_model=3.8065860422e-06, |g|_inf=7.413421e-03, |delta_a|=4.697211e-06
[rank=12] Iter 35: J_model=3.8057988764e-06, |g|_inf=1.566042e-02, |delta_a|=1.381054e-06
[rank=12] Iter 36: J_model=3.8056006541e-06, |g|_inf=5.511567e-03, |delta_a|=3.258537e-07
[rank=12] Iter 37: J_model=3.8050039554e-06, |g|_inf=1.472480e-03, |delta_a|=8.150683e-07
[rank=12] Iter 38: J_model=3.8044404665e-06, |g|_inf=6.372516e-03, |delta_a|=7.098368e-07
[rank=12] Iter 39: J_model=3.8039928913e-06, |g|_inf=1.673979e-02, |delta_a|=6.359570e-07
[rank=12] Iter 40: J_model=3.8029145848e-06, |g|_inf=1.489129e-02, |delta_a|=1.334000e-06
[rank=12] Iter 41: J_model=3.8028712128e-06, |g|_inf=1.084328e-02, |delta_a|=7.683594e-11
[rank=12] Iter 42: J_model=3.8028435700e-06, |g|_inf=5.497602e-03, |delta_a|=3.070707e-08
[rank=12] Iter 43: J_model=3.8027929616e-06, |g|_inf=1.022991e-03, |delta_a|=9.880944e-09
[rank=12] Iter 44: J_model=3.8027905525e-06, |g|_inf=6.797932e-04, |delta_a|=2.918573e-09
[rank=12] Iter 45: J_model=3.8027851749e-06, |g|_inf=1.152078e-03, |delta_a|=6.364738e-09
[rank=12] Iter 46: J_model=3.8027770169e-06, |g|_inf=1.646185e-03, |delta_a|=8.715635e-09
[rank=12] Iter 47: J_model=3.8026466849e-06, |g|_inf=9.561834e-03, |delta_a|=1.645571e-07
[rank=12] Iter 48: J_model=3.8024126382e-06, |g|_inf=2.439866e-02, |delta_a|=3.898501e-07
[rank=12] Iter 49: J_model=3.8011649575e-06, |g|_inf=3.212603e-02, |delta_a|=1.731854e-06
[rank=12] Iter 50: J_model=3.8001270927e-06, |g|_inf=1.995989e-03, |delta_a|=2.037519e-06
[rank=12] Iter 51: J_model=3.8001194977e-06, |g|_inf=3.323316e-04, |delta_a|=1.685097e-08
[rank=12] Iter 52: J_model=3.8001188833e-06, |g|_inf=2.088385e-03, |delta_a|=1.809223e-07
[rank=12] Iter 53: J_model=3.8001179311e-06, |g|_inf=1.944396e-03, |delta_a|=3.289546e-09
[rank=12] Iter 54: J_model=3.8001142083e-06, |g|_inf=1.496926e-03, |delta_a|=5.629982e-09
[rank=12] Iter 55: J_model=3.8001085625e-06, |g|_inf=1.370227e-03, |delta_a|=1.334835e-08
[rank=12] Iter 56: J_model=3.8001070089e-06, |g|_inf=8.113265e-04, |delta_a|=3.904320e-08
[rank=12] Iter 57: J_model=3.8001036130e-06, |g|_inf=3.158155e-04, |delta_a|=1.431818e-07
[rank=12] Iter 58: J_model=3.8001031614e-06, |g|_inf=3.627730e-04, |delta_a|=8.404137e-10
[rank=12] Iter 59: J_model=3.8001006063e-06, |g|_inf=1.112066e-03, |delta_a|=8.533091e-09
[rank=12] Iter 60: J_model=3.8000961408e-06, |g|_inf=1.552216e-03, |delta_a|=1.347617e-08
[rank=12] Iter 61: J_model=3.8000911373e-06, |g|_inf=1.605077e-03, |delta_a|=1.270071e-08
[rank=12] Iter 62: J_model=3.7996354254e-06, |g|_inf=2.789668e-03, |delta_a|=1.110140e-06
[rank=12] Iter 63: J_model=3.7993971779e-06, |g|_inf=3.830299e-03, |delta_a|=1.373874e-06
[rank=12] Iter 64: J_model=3.7993892047e-06, |g|_inf=3.148013e-03, |delta_a|=2.246828e-19
[rank=12] Iter 65: J_model=3.7993844431e-06, |g|_inf=6.958793e-03, |delta_a|=4.787571e-07
[rank=12] Iter 66: J_model=3.7991185659e-06, |g|_inf=2.792518e-03, |delta_a|=1.224570e-06
[rank=12] Iter 67: J_model=3.7991132422e-06, |g|_inf=3.841338e-04, |delta_a|=6.898629e-08
[rank=12] Iter 68: J_model=3.7990475125e-06, |g|_inf=1.092257e-03, |delta_a|=1.844576e-07
[rank=12] Iter 69: J_model=3.7989246692e-06, |g|_inf=1.581663e-03, |delta_a|=4.554870e-07
[rank=12] Iter 70: J_model=3.7989234268e-06, |g|_inf=1.365825e-03, |delta_a|=7.514198e-09
[rank=12] Iter 71: J_model=3.7989218459e-06, |g|_inf=5.597552e-04, |delta_a|=3.316985e-09
[rank=12] Stop: ABNORMAL:  (steps=71)
rank= 12 | steps=71 | J_model=3.7989218459e-06 | J_ref=4.2291175587e-06 | ABNORMAL: 
