
--- 2026-09-24T18:16:46 | rank=10, k=10, grid=128x128, T=20, dt=0.005, method=L-BFGS-B, max_steps=200, tol=1e-15, gtol=1e-15, ftol=1e-14, maxcor=10, maxls=30 ---
[rank=10] Initial: J_model=4.3311432638e-03
[rank=10] Iter 1: J_model=2.3313005774e-03, |g|_inf=1.036347e+00, |delta_a|=9.995096e-03
[rank=10] Iter 2: J_model=1.1756034221e-03, |g|_inf=6.500583e-01, |delta_a|=1.279211e-03
[rank=10] Iter 3: J_model=1.4039587054e-04, |g|_inf=1.698429e-01, |delta_a|=2.751636e-03
[rank=10] Iter 4: J_model=5.3527888645e-05, |g|_inf=7.698194e-02, |delta_a|=6.939744e-04
[rank=10] Iter 5: J_model=4.2417192959e-05, |g|_inf=5.267465e-02, |delta_a|=8.472506e-04
[rank=10] Iter 6: J_model=2.7811156428e-05, |g|_inf=1.242026e-02, |delta_a|=4.090601e-04
[rank=10] Iter 7: J_model=2.6754632152e-05, |g|_inf=7.933175e-03, |delta_a|=8.474355e-05
[rank=10] Iter 8: J_model=2.6156516183e-05, |g|_inf=6.833090e-03, |delta_a|=6.361721e-05
[rank=10] Iter 9: J_model=2.5752293271e-05, |g|_inf=4.561128e-03, |delta_a|=4.995664e-05
[rank=10] Iter 10: J_model=2.5011158712e-05, |g|_inf=9.009278e-03, |delta_a|=8.805225e-05
[rank=10] Iter 11: J_model=2.4630649228e-05, |g|_inf=4.232040e-03, |delta_a|=7.518131e-05
[rank=10] Iter 12: J_model=2.3626608630e-05, |g|_inf=5.138305e-03, |delta_a|=3.041997e-04
[rank=10] Iter 13: J_model=2.3149633599e-05, |g|_inf=1.649450e-02, |delta_a|=1.191389e-04
[rank=10] Iter 14: J_model=2.2576881201e-05, |g|_inf=7.709766e-03, |delta_a|=9.921074e-05
[rank=10] Iter 15: J_model=2.0474848940e-05, |g|_inf=2.644815e-02, |delta_a|=9.250375e-04
[rank=10] Iter 16: J_model=1.8640588255e-05, |g|_inf=3.385263e-02, |delta_a|=1.093372e-03
[rank=10] Iter 17: J_model=1.6283018697e-05, |g|_inf=8.308417e-03, |delta_a|=4.015572e-04
[rank=10] Iter 18: J_model=1.6116286948e-05, |g|_inf=1.925175e-02, |delta_a|=4.570889e-04
[rank=10] Iter 19: J_model=1.5942022602e-05, |g|_inf=8.276789e-03, |delta_a|=5.492129e-05
[rank=10] Iter 20: J_model=1.5804251375e-05, |g|_inf=2.612289e-03, |delta_a|=6.830886e-05
[rank=10] Iter 21: J_model=1.5499706856e-05, |g|_inf=1.324163e-02, |delta_a|=2.436120e-04
[rank=10] Iter 22: J_model=1.5017509881e-05, |g|_inf=1.304182e-02, |delta_a|=3.850350e-04
[rank=10] Iter 23: J_model=1.4258925899e-05, |g|_inf=7.067182e-02, |delta_a|=4.110870e-04
[rank=10] Iter 24: J_model=1.4235831811e-05, |g|_inf=4.498795e-02, |delta_a|=3.032743e-06
[rank=10] Iter 25: J_model=1.4150975500e-05, |g|_inf=4.806588e-03, |delta_a|=3.014917e-04
[rank=10] Iter 26: J_model=1.4064026775e-05, |g|_inf=2.001950e-03, |delta_a|=4.623634e-05
[rank=10] Iter 27: J_model=1.3796692270e-05, |g|_inf=6.340906e-03, |delta_a|=1.751551e-04
[rank=10] Iter 28: J_model=1.3545415403e-05, |g|_inf=8.460757e-03, |delta_a|=1.696351e-04
[rank=10] Iter 29: J_model=1.2986653612e-05, |g|_inf=1.267788e-02, |delta_a|=3.727003e-04
[rank=10] Iter 30: J_model=1.0972325227e-05, |g|_inf=3.026518e-02, |delta_a|=2.146421e-03
[rank=10] Iter 31: J_model=8.5441328219e-06, |g|_inf=2.461392e-02, |delta_a|=1.257815e-03
[rank=10] Iter 32: J_model=6.4559927844e-06, |g|_inf=1.690664e-02, |delta_a|=3.552679e-03
[rank=10] Iter 33: J_model=5.9640070148e-06, |g|_inf=1.455002e-02, |delta_a|=3.586591e-04
[rank=10] Iter 34: J_model=5.5094849760e-06, |g|_inf=6.472593e-03, |delta_a|=5.214043e-04
[rank=10] Iter 35: J_model=5.4105085721e-06, |g|_inf=6.476839e-03, |delta_a|=1.912090e-04
[rank=10] Iter 36: J_model=5.1121202568e-06, |g|_inf=6.615206e-03, |delta_a|=8.226628e-04
[rank=10] Iter 37: J_model=5.1016679297e-06, |g|_inf=3.983456e-03, |delta_a|=8.504119e-05
[rank=10] Iter 38: J_model=5.0955681130e-06, |g|_inf=2.667948e-03, |delta_a|=1.517751e-05
[rank=10] Iter 39: J_model=5.0611545074e-06, |g|_inf=3.223617e-03, |delta_a|=5.760713e-05
[rank=10] Iter 40: J_model=5.0567718374e-06, |g|_inf=3.744401e-03, |delta_a|=8.583535e-05
[rank=10] Iter 41: J_model=4.9986393927e-06, |g|_inf=2.976895e-03, |delta_a|=1.710737e-04
[rank=10] Iter 42: J_model=4.9772249936e-06, |g|_inf=8.453280e-03, |delta_a|=4.167790e-05
[rank=10] Iter 43: J_model=4.9720276086e-06, |g|_inf=1.380873e-03, |delta_a|=2.826175e-05
[rank=10] Iter 44: J_model=4.9706787507e-06, |g|_inf=1.313211e-03, |delta_a|=1.813229e-06
[rank=10] Iter 45: J_model=4.9563292446e-06, |g|_inf=9.735373e-04, |delta_a|=6.954406e-05
[rank=10] Iter 46: J_model=4.9274149508e-06, |g|_inf=3.027334e-03, |delta_a|=1.188239e-04
[rank=10] Iter 47: J_model=4.9196355217e-06, |g|_inf=2.888017e-03, |delta_a|=1.004790e-05
[rank=10] Iter 48: J_model=4.9189464040e-06, |g|_inf=1.033567e-02, |delta_a|=3.871805e-06
[rank=10] Iter 49: J_model=4.9143587894e-06, |g|_inf=4.614558e-03, |delta_a|=6.579508e-06
[rank=10] Iter 50: J_model=4.9136094720e-06, |g|_inf=9.978731e-03, |delta_a|=2.188022e-06
[rank=10] Iter 51: J_model=4.9118621987e-06, |g|_inf=1.045981e-02, |delta_a|=2.019947e-05
[rank=10] Iter 52: J_model=4.9085998182e-06, |g|_inf=2.008165e-03, |delta_a|=3.400058e-05
[rank=10] Iter 53: J_model=4.9068537034e-06, |g|_inf=3.442779e-03, |delta_a|=9.582195e-06
[rank=10] Iter 54: J_model=4.9057223090e-06, |g|_inf=4.735298e-03, |delta_a|=1.088694e-05
[rank=10] Iter 55: J_model=4.9047005630e-06, |g|_inf=5.614077e-03, |delta_a|=9.616208e-06
[rank=10] Iter 56: J_model=4.9026995557e-06, |g|_inf=6.410769e-03, |delta_a|=1.355204e-05
[rank=10] Iter 57: J_model=4.8965358143e-06, |g|_inf=1.260436e-02, |delta_a|=3.431054e-05
[rank=10] Iter 58: J_model=4.8914336441e-06, |g|_inf=4.136338e-03, |delta_a|=6.490850e-05
[rank=10] Iter 59: J_model=4.8801424171e-06, |g|_inf=2.231264e-03, |delta_a|=7.986710e-05
[rank=10] Iter 60: J_model=4.8718010851e-06, |g|_inf=3.598185e-03, |delta_a|=3.479622e-05
[rank=10] Iter 61: J_model=4.8605516585e-06, |g|_inf=4.913644e-03, |delta_a|=1.010819e-04
[rank=10] Iter 62: J_model=4.7988661329e-06, |g|_inf=5.606644e-03, |delta_a|=1.337504e-04
[rank=10] Iter 63: J_model=4.4775827731e-06, |g|_inf=1.088279e-02, |delta_a|=1.205885e-03
[rank=10] Iter 64: J_model=4.2938544234e-06, |g|_inf=8.144214e-03, |delta_a|=1.176977e-03
[rank=10] Iter 65: J_model=4.1707945157e-06, |g|_inf=7.293143e-03, |delta_a|=1.809031e-03
[rank=10] Iter 66: J_model=4.0350512770e-06, |g|_inf=4.565504e-03, |delta_a|=7.792929e-04
[rank=10] Iter 67: J_model=4.0294286179e-06, |g|_inf=4.712512e-03, |delta_a|=3.583134e-05
[rank=10] Iter 68: J_model=4.0063769065e-06, |g|_inf=5.214767e-03, |delta_a|=1.905672e-04
[rank=10] Iter 69: J_model=3.9373125541e-06, |g|_inf=4.285011e-03, |delta_a|=3.483621e-04
[rank=10] Iter 70: J_model=3.8699022874e-06, |g|_inf=1.259964e-03, |delta_a|=7.157646e-05
[rank=10] Iter 71: J_model=3.8648494914e-06, |g|_inf=1.106059e-03, |delta_a|=3.478234e-05
[rank=10] Iter 72: J_model=3.8578423887e-06, |g|_inf=8.268580e-04, |delta_a|=5.761515e-05
[rank=10] Iter 73: J_model=3.8506760757e-06, |g|_inf=5.564001e-04, |delta_a|=1.330144e-05
[rank=10] Iter 74: J_model=3.8339376117e-06, |g|_inf=6.308960e-04, |delta_a|=4.069704e-05
[rank=10] Iter 75: J_model=3.8181401359e-06, |g|_inf=1.112855e-03, |delta_a|=5.186601e-05
[rank=10] Iter 76: J_model=3.8048346866e-06, |g|_inf=1.247488e-03, |delta_a|=6.798677e-05
[rank=10] Iter 77: J_model=3.8004157436e-06, |g|_inf=1.584188e-03, |delta_a|=5.153888e-05
[rank=10] Iter 78: J_model=3.7995545000e-06, |g|_inf=5.966407e-03, |delta_a|=3.496724e-05
[rank=10] Iter 79: J_model=3.7932909655e-06, |g|_inf=1.548777e-03, |delta_a|=1.840605e-05
[rank=10] Iter 80: J_model=3.7932580302e-06, |g|_inf=2.298101e-03, |delta_a|=7.878359e-07
[rank=10] Iter 81: J_model=3.7910504724e-06, |g|_inf=4.417924e-04, |delta_a|=6.567287e-06
[rank=10] Iter 82: J_model=3.7903830284e-06, |g|_inf=2.396155e-03, |delta_a|=8.120361e-06
[rank=10] Iter 83: J_model=3.7901733828e-06, |g|_inf=1.207058e-03, |delta_a|=1.412864e-06
[rank=10] Iter 84: J_model=3.7900354476e-06, |g|_inf=6.313051e-04, |delta_a|=5.476222e-07
[rank=10] Iter 85: J_model=3.7899719056e-06, |g|_inf=4.543441e-04, |delta_a|=8.721992e-07
[rank=10] Iter 86: J_model=3.7899061994e-06, |g|_inf=4.466684e-04, |delta_a|=8.031156e-07
[rank=10] Iter 87: J_model=3.7894572394e-06, |g|_inf=2.274040e-04, |delta_a|=5.524539e-06
[rank=10] Iter 88: J_model=3.7887025227e-06, |g|_inf=3.708513e-04, |delta_a|=1.138222e-05
[rank=10] Iter 89: J_model=3.7870960640e-06, |g|_inf=8.253687e-04, |delta_a|=2.305935e-05
[rank=10] Iter 90: J_model=3.7835856584e-06, |g|_inf=1.056775e-03, |delta_a|=8.210284e-05
[rank=10] Iter 91: J_model=3.7831045455e-06, |g|_inf=1.062311e-03, |delta_a|=5.163405e-06
[rank=10] Iter 92: J_model=3.7789846142e-06, |g|_inf=8.060543e-04, |delta_a|=5.206115e-05
[rank=10] Iter 93: J_model=3.7762472119e-06, |g|_inf=5.777707e-04, |delta_a|=2.754602e-05
[rank=10] Iter 94: J_model=3.7750591098e-06, |g|_inf=8.509571e-04, |delta_a|=2.017321e-05
[rank=10] Iter 95: J_model=3.7737884868e-06, |g|_inf=9.427926e-04, |delta_a|=1.329289e-05
[rank=10] Iter 96: J_model=3.7703144405e-06, |g|_inf=3.954206e-04, |delta_a|=1.305831e-05
[rank=10] Iter 97: J_model=3.7685105654e-06, |g|_inf=3.861516e-04, |delta_a|=1.329410e-05
[rank=10] Iter 98: J_model=3.7659414373e-06, |g|_inf=8.442906e-04, |delta_a|=2.123900e-05
[rank=10] Iter 99: J_model=3.7653306159e-06, |g|_inf=1.093034e-03, |delta_a|=8.827007e-06
[rank=10] Iter 100: J_model=3.7595006586e-06, |g|_inf=2.515280e-03, |delta_a|=2.844899e-05
[rank=10] Iter 101: J_model=3.7576846066e-06, |g|_inf=3.743234e-03, |delta_a|=4.420648e-06
[rank=10] Iter 102: J_model=3.7570678491e-06, |g|_inf=3.148024e-03, |delta_a|=9.654708e-07
[rank=10] Iter 103: J_model=3.7525255365e-06, |g|_inf=5.031297e-03, |delta_a|=6.344280e-06
[rank=10] Iter 104: J_model=3.7506187076e-06, |g|_inf=3.647456e-03, |delta_a|=6.663323e-06
[rank=10] Iter 105: J_model=3.7488042287e-06, |g|_inf=2.592469e-03, |delta_a|=2.985954e-06
[rank=10] Iter 106: J_model=3.7474668248e-06, |g|_inf=1.620323e-03, |delta_a|=2.680032e-06
[rank=10] Iter 107: J_model=3.7468811119e-06, |g|_inf=7.601994e-04, |delta_a|=1.800116e-06
[rank=10] Iter 108: J_model=3.7462722626e-06, |g|_inf=5.888544e-03, |delta_a|=1.237346e-05
[rank=10] Iter 109: J_model=3.7453239583e-06, |g|_inf=2.958739e-03, |delta_a|=1.956545e-06
[rank=10] Iter 110: J_model=3.7452214411e-06, |g|_inf=7.506174e-04, |delta_a|=1.410351e-07
[rank=10] Iter 111: J_model=3.7445303996e-06, |g|_inf=8.619120e-03, |delta_a|=2.380174e-06
[rank=10] Iter 112: J_model=3.7442127373e-06, |g|_inf=8.098045e-03, |delta_a|=1.460434e-06
[rank=10] Iter 113: J_model=3.7436372084e-06, |g|_inf=1.472066e-02, |delta_a|=2.819072e-06
[rank=10] Iter 114: J_model=3.7427552517e-06, |g|_inf=4.331260e-03, |delta_a|=3.617664e-06
[rank=10] Iter 115: J_model=3.7426689398e-06, |g|_inf=1.081539e-02, |delta_a|=4.953171e-07
[rank=10] Iter 116: J_model=3.7423810744e-06, |g|_inf=1.274659e-02, |delta_a|=1.263529e-06
[rank=10] Iter 117: J_model=3.7420362928e-06, |g|_inf=2.769870e-02, |delta_a|=1.885283e-06
[rank=10] Iter 118: J_model=3.7415575998e-06, |g|_inf=3.567892e-02, |delta_a|=2.691737e-06
[rank=10] Iter 119: J_model=3.7414719760e-06, |g|_inf=4.114982e-02, |delta_a|=1.270018e-06
[rank=10] Iter 120: J_model=3.7411088775e-06, |g|_inf=1.021210e-02, |delta_a|=1.322797e-06
[rank=10] Iter 121: J_model=3.7410580297e-06, |g|_inf=2.803511e-03, |delta_a|=2.921283e-07
[rank=10] Iter 122: J_model=3.7409892171e-06, |g|_inf=1.636909e-02, |delta_a|=7.133736e-07
[rank=10] Iter 123: J_model=3.7409644988e-06, |g|_inf=1.911315e-02, |delta_a|=2.402656e-07
[rank=10] Iter 124: J_model=3.7408624628e-06, |g|_inf=1.890773e-02, |delta_a|=8.832315e-07
[rank=10] Iter 125: J_model=3.7408606329e-06, |g|_inf=1.934438e-02, |delta_a|=7.052608e-08
[rank=10] Iter 126: J_model=3.7407814540e-06, |g|_inf=9.621120e-03, |delta_a|=7.736142e-07
[rank=10] Iter 127: J_model=3.7407312689e-06, |g|_inf=2.174307e-02, |delta_a|=1.082112e-06
[rank=10] Iter 128: J_model=3.7406354278e-06, |g|_inf=5.610264e-03, |delta_a|=8.023793e-07
[rank=10] Iter 129: J_model=3.7406046673e-06, |g|_inf=1.144684e-02, |delta_a|=6.252487e-07
[rank=10] Iter 130: J_model=3.7405380835e-06, |g|_inf=1.451050e-02, |delta_a|=1.574405e-06
[rank=10] Iter 131: J_model=3.7405358284e-06, |g|_inf=1.087969e-02, |delta_a|=5.865550e-07
[rank=10] Iter 132: J_model=3.7405069142e-06, |g|_inf=3.968688e-03, |delta_a|=4.354572e-07
[rank=10] Iter 133: J_model=3.7405037991e-06, |g|_inf=5.219388e-03, |delta_a|=1.890494e-07
[rank=10] Iter 134: J_model=3.7404953897e-06, |g|_inf=4.242699e-03, |delta_a|=3.544958e-07
[rank=10] Iter 135: J_model=3.7404863684e-06, |g|_inf=5.173348e-04, |delta_a|=2.130807e-07
[rank=10] Iter 136: J_model=3.7404747439e-06, |g|_inf=1.279432e-03, |delta_a|=5.564899e-07
[rank=10] Iter 137: J_model=3.7404534550e-06, |g|_inf=4.606605e-04, |delta_a|=6.225742e-07
[rank=10] Iter 138: J_model=3.7404229803e-06, |g|_inf=1.069368e-03, |delta_a|=8.925018e-07
[rank=10] Iter 139: J_model=3.7403953272e-06, |g|_inf=1.686918e-02, |delta_a|=1.033808e-06
[rank=10] Iter 140: J_model=3.7403723497e-06, |g|_inf=2.420488e-03, |delta_a|=7.774829e-07
[rank=10] Iter 141: J_model=3.7403670625e-06, |g|_inf=4.210166e-03, |delta_a|=7.795545e-08
[rank=10] Iter 142: J_model=3.7403372650e-06, |g|_inf=6.267018e-03, |delta_a|=6.768325e-07
[rank=10] Iter 143: J_model=3.7402918388e-06, |g|_inf=6.236325e-03, |delta_a|=1.150410e-06
[rank=10] Iter 144: J_model=3.7402848367e-06, |g|_inf=2.944838e-03, |delta_a|=1.344816e-07
[rank=10] Iter 145: J_model=3.7402685635e-06, |g|_inf=7.080995e-03, |delta_a|=7.539000e-07
[rank=10] Iter 146: J_model=3.7402278192e-06, |g|_inf=5.407972e-03, |delta_a|=9.311793e-07
[rank=10] Iter 147: J_model=3.7402116651e-06, |g|_inf=1.203137e-02, |delta_a|=4.074976e-07
[rank=10] Iter 148: J_model=3.7401998587e-06, |g|_inf=6.091489e-03, |delta_a|=4.243539e-07
[rank=10] Iter 149: J_model=3.7401877041e-06, |g|_inf=4.355390e-03, |delta_a|=2.798318e-07
[rank=10] Iter 150: J_model=3.7401414078e-06, |g|_inf=7.518680e-03, |delta_a|=1.066030e-06
[rank=10] Iter 151: J_model=3.7400694627e-06, |g|_inf=6.382863e-03, |delta_a|=1.212231e-06
[rank=10] Iter 152: J_model=3.7400418830e-06, |g|_inf=1.908280e-02, |delta_a|=1.768880e-06
[rank=10] Iter 153: J_model=3.7400221294e-06, |g|_inf=3.792868e-03, |delta_a|=2.873393e-07
[rank=10] Iter 154: J_model=3.7400109663e-06, |g|_inf=2.538986e-03, |delta_a|=6.413559e-07
[rank=10] Iter 155: J_model=3.7399981317e-06, |g|_inf=4.455699e-03, |delta_a|=5.557549e-07
[rank=10] Iter 156: J_model=3.7399783546e-06, |g|_inf=4.611305e-03, |delta_a|=6.538452e-07
[rank=10] Iter 157: J_model=3.7398912432e-06, |g|_inf=4.543594e-03, |delta_a|=1.137460e-06
[rank=10] Iter 158: J_model=3.7398843262e-06, |g|_inf=1.139282e-02, |delta_a|=3.701901e-07
[rank=10] Iter 159: J_model=3.7397755181e-06, |g|_inf=1.447278e-02, |delta_a|=8.632884e-07
[rank=10] Iter 160: J_model=3.7394234714e-06, |g|_inf=2.797710e-03, |delta_a|=3.359704e-06
[rank=10] Iter 161: J_model=3.7393748983e-06, |g|_inf=1.699394e-02, |delta_a|=4.547679e-07
[rank=10] Iter 162: J_model=3.7392144589e-06, |g|_inf=1.205380e-04, |delta_a|=1.145200e-06
[rank=10] Iter 163: J_model=3.7392009493e-06, |g|_inf=8.915620e-03, |delta_a|=2.843794e-07
[rank=10] Iter 164: J_model=3.7391890456e-06, |g|_inf=9.260130e-03, |delta_a|=2.681797e-07
[rank=10] Iter 165: J_model=3.7391850509e-06, |g|_inf=9.739691e-03, |delta_a|=1.104236e-07
[rank=10] Iter 166: J_model=3.7391456894e-06, |g|_inf=1.566266e-02, |delta_a|=1.193543e-06
[rank=10] Iter 167: J_model=3.7391105738e-06, |g|_inf=7.078244e-03, |delta_a|=3.330722e-07
[rank=10] Iter 168: J_model=3.7390681009e-06, |g|_inf=1.829334e-02, |delta_a|=1.433492e-06
[rank=10] Iter 169: J_model=3.7390382184e-06, |g|_inf=3.145089e-03, |delta_a|=5.864088e-07
[rank=10] Iter 170: J_model=3.7390179803e-06, |g|_inf=6.218935e-03, |delta_a|=5.023572e-07
[rank=10] Iter 171: J_model=3.7390080029e-06, |g|_inf=8.493754e-03, |delta_a|=3.458225e-07
[rank=10] Iter 172: J_model=3.7389889316e-06, |g|_inf=3.766303e-03, |delta_a|=7.160186e-07
[rank=10] Iter 173: J_model=3.7389817688e-06, |g|_inf=7.100542e-03, |delta_a|=5.548199e-07
[rank=10] Iter 174: J_model=3.7389699412e-06, |g|_inf=9.084463e-04, |delta_a|=4.755927e-07
[rank=10] Iter 175: J_model=3.7389646969e-06, |g|_inf=4.290898e-03, |delta_a|=6.122223e-07
[rank=10] Iter 176: J_model=3.7389583284e-06, |g|_inf=9.973340e-04, |delta_a|=3.371336e-07
[rank=10] Iter 177: J_model=3.7389558595e-06, |g|_inf=1.572019e-03, |delta_a|=3.990588e-07
[rank=10] Iter 178: J_model=3.7389540222e-06, |g|_inf=2.331576e-03, |delta_a|=2.022753e-07
[rank=10] Iter 179: J_model=3.7389530407e-06, |g|_inf=4.672826e-04, |delta_a|=1.832621e-07
[rank=10] Iter 180: J_model=3.7389520979e-06, |g|_inf=2.540137e-04, |delta_a|=1.466155e-07
[rank=10] Iter 181: J_model=3.7389493823e-06, |g|_inf=4.723454e-04, |delta_a|=3.382408e-07
[rank=10] Iter 182: J_model=3.7389448329e-06, |g|_inf=9.594412e-04, |delta_a|=2.792846e-07
[rank=10] Iter 183: J_model=3.7389342057e-06, |g|_inf=6.130885e-04, |delta_a|=4.788249e-07
[rank=10] Iter 184: J_model=3.7389212545e-06, |g|_inf=7.009227e-04, |delta_a|=4.500976e-07
[rank=10] Iter 185: J_model=3.7389091325e-06, |g|_inf=3.674026e-03, |delta_a|=5.271031e-07
[rank=10] Iter 186: J_model=3.7388926728e-06, |g|_inf=4.246935e-04, |delta_a|=6.220653e-07
[rank=10] Iter 187: J_model=3.7388614479e-06, |g|_inf=1.088223e-03, |delta_a|=2.108350e-07
[rank=10] Iter 188: J_model=3.7388063412e-06, |g|_inf=4.190524e-03, |delta_a|=9.824616e-07
[rank=10] Iter 189: J_model=3.7387816590e-06, |g|_inf=6.877140e-03, |delta_a|=1.001706e-06
[rank=10] Iter 190: J_model=3.7387749598e-06, |g|_inf=9.792270e-04, |delta_a|=2.787160e-07
[rank=10] Iter 191: J_model=3.7387662167e-06, |g|_inf=7.133068e-03, |delta_a|=9.027471e-07
[rank=10] Iter 192: J_model=3.7387633044e-06, |g|_inf=4.560870e-04, |delta_a|=2.350752e-07
[rank=10] Iter 193: J_model=3.7387614676e-06, |g|_inf=1.308056e-03, |delta_a|=1.957858e-07
[rank=10] Iter 194: J_model=3.7387592211e-06, |g|_inf=4.602936e-03, |delta_a|=6.125325e-07
[rank=10] Iter 195: J_model=3.7387580313e-06, |g|_inf=1.159144e-03, |delta_a|=8.405177e-08
[rank=10] Iter 196: J_model=3.7387574294e-06, |g|_inf=2.487504e-04, |delta_a|=1.596435e-07
[rank=10] Iter 197: J_model=3.7387571098e-06, |g|_inf=4.253039e-04, |delta_a|=2.174374e-07
[rank=10] Iter 198: J_model=3.7387570495e-06, |g|_inf=8.726069e-05, |delta_a|=7.264879e-08
[rank=10] Iter 199: J_model=3.7387570067e-06, |g|_inf=1.499505e-04, |delta_a|=3.159243e-08
[rank=10] Iter 200: J_model=3.7387569412e-06, |g|_inf=8.436627e-05, |delta_a|=4.267253e-08
[rank=10] Stop: STOP: TOTAL NO. OF ITERATIONS REACHED LIMIT (steps=200)
rank= 10 | steps=200 | J_model=3.7387569412e-06 | J_ref=4.2118716705e-06 | STOP: TOTAL NO. OF ITERATIONS REACHED LIMIT
