
--- 2026-09-24T18:17:37 | rank=19, k=10, grid=128x128, T=20, dt=0.005, method=L-BFGS-B, max_steps=200, tol=1e-15, gtol=1e-15, ftol=1e-14, maxcor=10, maxls=30 ---
[rank=19] Initial: J_model=4.3202483576e-03
[rank=19] Iter 1: J_model=3.7007519105e-03, |g|_inf=1.526552e+00, |delta_a|=1.227120e-02
[rank=19] Iter 2: J_model=1.2711863000e-03, |g|_inf=8.931929e-01, |delta_a|=1.951252e-03
[rank=19] Iter 3: J_model=5.1689634199e-05, |g|_inf=4.679945e-02, |delta_a|=2.781932e-03
[rank=19] Iter 4: J_model=4.4166464076e-05, |g|_inf=2.335109e-02, |delta_a|=1.854570e-04
[rank=19] Iter 5: J_model=4.2062447336e-05, |g|_inf=8.998797e-03, |delta_a|=1.211559e-04
[rank=19] Iter 6: J_model=4.1113362213e-05, |g|_inf=8.065261e-03, |delta_a|=1.136151e-04
[rank=19] Iter 7: J_model=4.0528262443e-05, |g|_inf=7.807635e-03, |delta_a|=1.024978e-04
[rank=19] Iter 8: J_model=3.8666328058e-05, |g|_inf=1.329777e-02, |delta_a|=3.811684e-04
[rank=19] Iter 9: J_model=3.4656595800e-05, |g|_inf=2.080455e-02, |delta_a|=9.322359e-04
[rank=19] Iter 10: J_model=2.8584292564e-05, |g|_inf=2.652536e-02, |delta_a|=1.675479e-03
[rank=19] Iter 11: J_model=2.6773363466e-05, |g|_inf=3.715904e-02, |delta_a|=7.047499e-04
[rank=19] Iter 12: J_model=2.2948409932e-05, |g|_inf=1.122028e-02, |delta_a|=9.753435e-04
[rank=19] Iter 13: J_model=2.2384183664e-05, |g|_inf=2.181729e-03, |delta_a|=2.529804e-04
[rank=19] Iter 14: J_model=2.2331535849e-05, |g|_inf=2.173996e-03, |delta_a|=5.622691e-05
[rank=19] Iter 15: J_model=2.2212871683e-05, |g|_inf=7.621163e-03, |delta_a|=5.075519e-04
[rank=19] Iter 16: J_model=2.1794730344e-05, |g|_inf=5.316145e-03, |delta_a|=7.357701e-05
[rank=19] Iter 17: J_model=2.0657189173e-05, |g|_inf=6.323762e-03, |delta_a|=3.798837e-04
[rank=19] Iter 18: J_model=1.8604215083e-05, |g|_inf=1.363511e-02, |delta_a|=1.029890e-03
[rank=19] Iter 19: J_model=1.3046698009e-05, |g|_inf=2.692204e-02, |delta_a|=3.615162e-03
[rank=19] Iter 20: J_model=8.4624000190e-06, |g|_inf=2.162532e-02, |delta_a|=4.340993e-03
[rank=19] Iter 21: J_model=5.8159828476e-06, |g|_inf=1.743640e-02, |delta_a|=1.921643e-03
[rank=19] Iter 22: J_model=4.3824270577e-06, |g|_inf=1.163661e-02, |delta_a|=2.061108e-03
[rank=19] Iter 23: J_model=4.1085636971e-06, |g|_inf=4.042100e-03, |delta_a|=8.140838e-04
[rank=19] Iter 24: J_model=4.0291824928e-06, |g|_inf=1.515865e-03, |delta_a|=2.623721e-04
[rank=19] Iter 25: J_model=4.0210410440e-06, |g|_inf=8.196443e-04, |delta_a|=2.514966e-04
[rank=19] Iter 26: J_model=4.0038000513e-06, |g|_inf=2.090451e-03, |delta_a|=1.467973e-04
[rank=19] Iter 27: J_model=3.9909870816e-06, |g|_inf=8.464933e-04, |delta_a|=1.286947e-04
[rank=19] Iter 28: J_model=3.9822550293e-06, |g|_inf=1.746074e-03, |delta_a|=5.156640e-05
[rank=19] Iter 29: J_model=3.9746104273e-06, |g|_inf=1.079514e-03, |delta_a|=1.186986e-05
[rank=19] Iter 30: J_model=3.9472587556e-06, |g|_inf=1.432740e-03, |delta_a|=6.977818e-05
[rank=19] Iter 31: J_model=3.9322008670e-06, |g|_inf=4.417497e-03, |delta_a|=1.930302e-04
[rank=19] Iter 32: J_model=3.8910681986e-06, |g|_inf=2.801799e-03, |delta_a|=4.667594e-05
[rank=19] Iter 33: J_model=3.8670130186e-06, |g|_inf=1.367866e-03, |delta_a|=1.485509e-04
[rank=19] Iter 34: J_model=3.8631803750e-06, |g|_inf=8.410243e-04, |delta_a|=2.469278e-05
[rank=19] Iter 35: J_model=3.8621279262e-06, |g|_inf=9.541034e-04, |delta_a|=1.387128e-05
[rank=19] Iter 36: J_model=3.8608758191e-06, |g|_inf=2.034816e-03, |delta_a|=5.322529e-05
[rank=19] Iter 37: J_model=3.8540222507e-06, |g|_inf=4.762816e-04, |delta_a|=2.163312e-05
[rank=19] Iter 38: J_model=3.8528406637e-06, |g|_inf=2.131462e-04, |delta_a|=1.181059e-05
[rank=19] Iter 39: J_model=3.8525808004e-06, |g|_inf=2.590153e-04, |delta_a|=2.700332e-05
[rank=19] Iter 40: J_model=3.8525785329e-06, |g|_inf=3.355967e-04, |delta_a|=1.508644e-05
[rank=19] Iter 41: J_model=3.8508954731e-06, |g|_inf=2.033679e-04, |delta_a|=1.391216e-05
[rank=19] Iter 42: J_model=3.8497023064e-06, |g|_inf=6.134766e-04, |delta_a|=3.454395e-05
[rank=19] Iter 43: J_model=3.8484040423e-06, |g|_inf=5.641550e-04, |delta_a|=2.875881e-05
[rank=19] Iter 44: J_model=3.8472397431e-06, |g|_inf=2.717091e-04, |delta_a|=1.051059e-05
[rank=19] Iter 45: J_model=3.8462603368e-06, |g|_inf=1.798974e-04, |delta_a|=1.029871e-05
[rank=19] Iter 46: J_model=3.8457187804e-06, |g|_inf=3.449081e-04, |delta_a|=3.048267e-05
[rank=19] Iter 47: J_model=3.8451146784e-06, |g|_inf=1.572646e-04, |delta_a|=1.304695e-05
[rank=19] Iter 48: J_model=3.8449079840e-06, |g|_inf=1.625485e-04, |delta_a|=4.037972e-06
[rank=19] Iter 49: J_model=3.8441912245e-06, |g|_inf=1.908536e-04, |delta_a|=1.202495e-05
[rank=19] Iter 50: J_model=3.8436376894e-06, |g|_inf=1.921742e-04, |delta_a|=9.353530e-06
[rank=19] Iter 51: J_model=3.8433830942e-06, |g|_inf=1.762800e-04, |delta_a|=4.229816e-06
[rank=19] Iter 52: J_model=3.8386103563e-06, |g|_inf=5.291904e-03, |delta_a|=1.139511e-05
[rank=19] Iter 53: J_model=3.8385439774e-06, |g|_inf=2.878436e-04, |delta_a|=1.717062e-08
[rank=19] Iter 54: J_model=3.8384212151e-06, |g|_inf=5.091969e-03, |delta_a|=5.705676e-06
[rank=19] Iter 55: J_model=3.8368108484e-06, |g|_inf=7.917066e-03, |delta_a|=2.410629e-05
[rank=19] Iter 56: J_model=3.8361975359e-06, |g|_inf=4.459547e-04, |delta_a|=9.027976e-06
[rank=19] Iter 57: J_model=3.8361608326e-06, |g|_inf=2.525777e-03, |delta_a|=2.748672e-06
[rank=19] Iter 58: J_model=3.8360791986e-06, |g|_inf=2.614996e-04, |delta_a|=1.432643e-06
[rank=19] Iter 59: J_model=3.8360715066e-06, |g|_inf=1.310595e-04, |delta_a|=8.360674e-07
[rank=19] Iter 60: J_model=3.8360275880e-06, |g|_inf=9.490258e-05, |delta_a|=9.990556e-07
[rank=19] Iter 61: J_model=3.8359261142e-06, |g|_inf=1.274118e-04, |delta_a|=1.619364e-06
[rank=19] Iter 62: J_model=3.8355827594e-06, |g|_inf=5.343570e-04, |delta_a|=1.790398e-05
[rank=19] Iter 63: J_model=3.8350668875e-06, |g|_inf=3.730924e-04, |delta_a|=2.776999e-06
[rank=19] Iter 64: J_model=3.8350609307e-06, |g|_inf=3.328466e-04, |delta_a|=2.209580e-06
[rank=19] Iter 65: J_model=3.8349129952e-06, |g|_inf=2.447977e-04, |delta_a|=2.293092e-06
[rank=19] Iter 66: J_model=3.8348533752e-06, |g|_inf=2.014543e-04, |delta_a|=9.544680e-07
[rank=19] Iter 67: J_model=3.8348314254e-06, |g|_inf=7.348780e-05, |delta_a|=1.691431e-06
[rank=19] Iter 68: J_model=3.8348194944e-06, |g|_inf=1.250019e-04, |delta_a|=9.605484e-07
[rank=19] Iter 69: J_model=3.8347987043e-06, |g|_inf=1.638501e-04, |delta_a|=6.620007e-07
[rank=19] Iter 70: J_model=3.8346929182e-06, |g|_inf=4.497086e-04, |delta_a|=7.647879e-06
[rank=19] Iter 71: J_model=3.8346720807e-06, |g|_inf=6.577508e-05, |delta_a|=1.145770e-06
[rank=19] Iter 72: J_model=3.8346658246e-06, |g|_inf=5.275218e-05, |delta_a|=7.309063e-07
[rank=19] Iter 73: J_model=3.8346445079e-06, |g|_inf=8.783888e-05, |delta_a|=4.905272e-07
[rank=19] Iter 74: J_model=3.8346276392e-06, |g|_inf=8.463348e-05, |delta_a|=8.908848e-07
[rank=19] Iter 75: J_model=3.8346102936e-06, |g|_inf=8.263426e-05, |delta_a|=1.431346e-06
[rank=19] Iter 76: J_model=3.8344923690e-06, |g|_inf=1.440435e-04, |delta_a|=5.537089e-06
[rank=19] Iter 77: J_model=3.8344432310e-06, |g|_inf=7.825076e-04, |delta_a|=7.317696e-06
[rank=19] Iter 78: J_model=3.8343015018e-06, |g|_inf=3.013391e-04, |delta_a|=3.497705e-06
[rank=19] Iter 79: J_model=3.8342263928e-06, |g|_inf=2.430838e-04, |delta_a|=2.839022e-06
[rank=19] Iter 80: J_model=3.8338547808e-06, |g|_inf=2.274890e-04, |delta_a|=8.862231e-06
[rank=19] Iter 81: J_model=3.8337002392e-06, |g|_inf=5.987879e-04, |delta_a|=7.218980e-06
[rank=19] Iter 82: J_model=3.8334205257e-06, |g|_inf=1.274643e-04, |delta_a|=8.117745e-06
[rank=19] Iter 83: J_model=3.8333927945e-06, |g|_inf=6.433194e-04, |delta_a|=3.961619e-06
[rank=19] Iter 84: J_model=3.8332913927e-06, |g|_inf=3.413270e-04, |delta_a|=1.016355e-05
[rank=19] Iter 85: J_model=3.8332810792e-06, |g|_inf=7.019679e-05, |delta_a|=8.438569e-07
[rank=19] Iter 86: J_model=3.8332626837e-06, |g|_inf=1.233417e-04, |delta_a|=1.852207e-06
[rank=19] Iter 87: J_model=3.8332529838e-06, |g|_inf=5.359086e-05, |delta_a|=2.797510e-07
[rank=19] Iter 88: J_model=3.8332326937e-06, |g|_inf=6.630418e-05, |delta_a|=1.071797e-06
[rank=19] Iter 89: J_model=3.8332187547e-06, |g|_inf=3.310004e-04, |delta_a|=2.687401e-06
[rank=19] Iter 90: J_model=3.8332075560e-06, |g|_inf=5.248399e-05, |delta_a|=8.259240e-07
[rank=19] Iter 91: J_model=3.8332042129e-06, |g|_inf=5.664935e-05, |delta_a|=1.990547e-07
[rank=19] Iter 92: J_model=3.8331859436e-06, |g|_inf=1.687229e-04, |delta_a|=1.620365e-06
[rank=19] Iter 93: J_model=3.8331807762e-06, |g|_inf=4.414676e-05, |delta_a|=7.587269e-07
[rank=19] Iter 94: J_model=3.8331774137e-06, |g|_inf=3.757938e-05, |delta_a|=8.594113e-07
[rank=19] Iter 95: J_model=3.8331732765e-06, |g|_inf=4.496967e-05, |delta_a|=1.002362e-06
[rank=19] Iter 96: J_model=3.8331715295e-06, |g|_inf=3.974275e-05, |delta_a|=1.050691e-06
[rank=19] Iter 97: J_model=3.8331624675e-06, |g|_inf=4.358583e-05, |delta_a|=6.260094e-07
[rank=19] Iter 98: J_model=3.8331444994e-06, |g|_inf=4.168421e-05, |delta_a|=1.292007e-06
[rank=19] Iter 99: J_model=3.8331287289e-06, |g|_inf=5.426854e-04, |delta_a|=5.651812e-06
[rank=19] Iter 100: J_model=3.8331163500e-06, |g|_inf=3.609192e-04, |delta_a|=6.512825e-07
[rank=19] Iter 101: J_model=3.8331052271e-06, |g|_inf=1.100097e-04, |delta_a|=1.227030e-06
[rank=19] Iter 102: J_model=3.8330946438e-06, |g|_inf=5.291091e-05, |delta_a|=7.024327e-07
[rank=19] Iter 103: J_model=3.8330906220e-06, |g|_inf=1.571686e-05, |delta_a|=1.094177e-06
[rank=19] Iter 104: J_model=3.8330872577e-06, |g|_inf=5.784634e-05, |delta_a|=1.156661e-06
[rank=19] Iter 105: J_model=3.8330850685e-06, |g|_inf=6.129275e-05, |delta_a|=7.517633e-07
[rank=19] Iter 106: J_model=3.8330820286e-06, |g|_inf=1.205522e-04, |delta_a|=8.437243e-07
[rank=19] Iter 107: J_model=3.8330799352e-06, |g|_inf=7.593365e-05, |delta_a|=1.781400e-07
[rank=19] Iter 108: J_model=3.8330769352e-06, |g|_inf=1.841234e-05, |delta_a|=1.009692e-06
[rank=19] Iter 109: J_model=3.8330748936e-06, |g|_inf=4.591039e-05, |delta_a|=3.604656e-07
[rank=19] Iter 110: J_model=3.8330676863e-06, |g|_inf=1.854698e-05, |delta_a|=1.816633e-06
[rank=19] Iter 111: J_model=3.8330660229e-06, |g|_inf=1.512610e-04, |delta_a|=1.135765e-06
[rank=19] Iter 112: J_model=3.8330622630e-06, |g|_inf=1.053082e-04, |delta_a|=8.164326e-07
[rank=19] Iter 113: J_model=3.8330569461e-06, |g|_inf=9.608426e-05, |delta_a|=1.533317e-06
[rank=19] Iter 114: J_model=3.8330511330e-06, |g|_inf=1.195133e-04, |delta_a|=1.648505e-06
[rank=19] Iter 115: J_model=3.8330470119e-06, |g|_inf=5.623869e-05, |delta_a|=8.394587e-07
[rank=19] Iter 116: J_model=3.8330439204e-06, |g|_inf=2.389617e-05, |delta_a|=3.237878e-07
[rank=19] Iter 117: J_model=3.8330406996e-06, |g|_inf=3.005792e-05, |delta_a|=1.149085e-06
[rank=19] Iter 118: J_model=3.8330383355e-06, |g|_inf=9.140939e-05, |delta_a|=5.340489e-07
[rank=19] Iter 119: J_model=3.8330361445e-06, |g|_inf=7.520715e-05, |delta_a|=8.260266e-07
[rank=19] Iter 120: J_model=3.8330347381e-06, |g|_inf=4.901316e-05, |delta_a|=1.280521e-06
[rank=19] Iter 121: J_model=3.8330336757e-06, |g|_inf=2.044425e-05, |delta_a|=1.449973e-06
[rank=19] Iter 122: J_model=3.8330326600e-06, |g|_inf=3.077594e-05, |delta_a|=1.049482e-06
[rank=19] Iter 123: J_model=3.8330322358e-06, |g|_inf=1.527459e-05, |delta_a|=2.625963e-07
[rank=19] Iter 124: J_model=3.8330312706e-06, |g|_inf=2.340968e-05, |delta_a|=5.839746e-07
[rank=19] Iter 125: J_model=3.8330307711e-06, |g|_inf=5.474965e-05, |delta_a|=9.734522e-07
[rank=19] Iter 126: J_model=3.8330294749e-06, |g|_inf=3.718711e-05, |delta_a|=3.448109e-07
[rank=19] Iter 127: J_model=3.8330282195e-06, |g|_inf=2.173462e-05, |delta_a|=4.998886e-07
[rank=19] Iter 128: J_model=3.8330262399e-06, |g|_inf=2.986023e-05, |delta_a|=7.919574e-07
[rank=19] Iter 129: J_model=3.8330221491e-06, |g|_inf=1.055787e-04, |delta_a|=1.114898e-06
[rank=19] Iter 130: J_model=3.8330165197e-06, |g|_inf=1.436186e-04, |delta_a|=1.431165e-06
[rank=19] Iter 131: J_model=3.8330090660e-06, |g|_inf=1.655507e-04, |delta_a|=2.298216e-06
[rank=19] Iter 132: J_model=3.8330082007e-06, |g|_inf=7.175477e-05, |delta_a|=2.576415e-07
[rank=19] Iter 133: J_model=3.8330068049e-06, |g|_inf=6.768206e-05, |delta_a|=8.213962e-07
[rank=19] Iter 134: J_model=3.8330057858e-06, |g|_inf=4.573327e-05, |delta_a|=1.106909e-06
[rank=19] Iter 135: J_model=3.8330049424e-06, |g|_inf=5.072179e-05, |delta_a|=5.914578e-07
[rank=19] Iter 136: J_model=3.8330035730e-06, |g|_inf=1.147430e-05, |delta_a|=4.200504e-07
[rank=19] Iter 137: J_model=3.8330031881e-06, |g|_inf=1.061183e-04, |delta_a|=7.357191e-07
[rank=19] Iter 138: J_model=3.8330026694e-06, |g|_inf=1.961425e-05, |delta_a|=4.248599e-07
[rank=19] Iter 139: J_model=3.8330025744e-06, |g|_inf=5.764729e-06, |delta_a|=4.417887e-07
[rank=19] Iter 140: J_model=3.8330024721e-06, |g|_inf=5.522074e-06, |delta_a|=1.311398e-07
[rank=19] Iter 141: J_model=3.8330024222e-06, |g|_inf=4.851355e-06, |delta_a|=3.653458e-18
[rank=19] Stop: ABNORMAL:  (steps=141)
rank= 19 | steps=141 | J_model=3.8330024222e-06 | J_ref=4.2228654560e-06 | ABNORMAL: 
