
--- 2026-09-24T23:40:42 | rank=55, k=10, grid=128x128, T=20, dt=0.005, method=L-BFGS-B, max_steps=200, tol=1e-15, gtol=1e-15, ftol=1e-14, maxcor=10, maxls=30 ---
[rank=55] Initial: J_model=4.3143605759e-03
[rank=55] Iter 1: J_model=1.0242742658e-03, |g|_inf=6.942353e-01, |delta_a|=3.630470e-02
[rank=55] Iter 2: J_model=5.6510004838e-04, |g|_inf=4.758389e-01, |delta_a|=7.131955e-04
[rank=55] Iter 3: J_model=1.5115220411e-04, |g|_inf=2.542090e-02, |delta_a|=1.585237e-03
[rank=55] Iter 4: J_model=1.4949175629e-04, |g|_inf=1.368973e-02, |delta_a|=7.814902e-05
[rank=55] Iter 5: J_model=1.4860707212e-04, |g|_inf=6.556715e-03, |delta_a|=1.056627e-04
[rank=55] Iter 6: J_model=1.4848704550e-04, |g|_inf=6.541394e-03, |delta_a|=2.470100e-05
[rank=55] Iter 7: J_model=1.4705528103e-04, |g|_inf=1.068290e-02, |delta_a|=3.613262e-04
[rank=55] Iter 8: J_model=1.4459744136e-04, |g|_inf=1.714341e-02, |delta_a|=7.336348e-04
[rank=55] Iter 9: J_model=1.4006124333e-04, |g|_inf=2.497663e-02, |delta_a|=1.755230e-03
[rank=55] Iter 10: J_model=1.3836773536e-04, |g|_inf=3.561523e-02, |delta_a|=9.580555e-04
[rank=55] Iter 11: J_model=1.3530461151e-04, |g|_inf=1.569770e-02, |delta_a|=1.073306e-03
[rank=55] Iter 12: J_model=1.3382801752e-04, |g|_inf=6.384821e-03, |delta_a|=3.092027e-04
[rank=55] Iter 13: J_model=1.3332489540e-04, |g|_inf=6.369615e-03, |delta_a|=8.120903e-05
[rank=55] Iter 14: J_model=1.3217414697e-04, |g|_inf=1.086934e-02, |delta_a|=2.151575e-04
[rank=55] Iter 15: J_model=1.2891241021e-04, |g|_inf=2.495598e-02, |delta_a|=6.887681e-04
[rank=55] Iter 16: J_model=1.2137580377e-04, |g|_inf=4.234934e-02, |delta_a|=1.730319e-03
[rank=55] Iter 17: J_model=1.0252421301e-04, |g|_inf=7.014865e-02, |delta_a|=4.918613e-03
[rank=55] Iter 18: J_model=8.0351203794e-05, |g|_inf=8.372243e-02, |delta_a|=9.614567e-03
[rank=55] Iter 19: J_model=4.7187375304e-05, |g|_inf=7.651143e-02, |delta_a|=6.420894e-03
[rank=55] Iter 20: J_model=1.9456956063e-05, |g|_inf=3.278963e-02, |delta_a|=4.650248e-03
[rank=55] Iter 21: J_model=1.5775594719e-05, |g|_inf=4.204851e-02, |delta_a|=3.701797e-03
[rank=55] Iter 22: J_model=1.2731008883e-05, |g|_inf=7.430535e-03, |delta_a|=6.052363e-04
[rank=55] Iter 23: J_model=1.2511504950e-05, |g|_inf=1.819388e-03, |delta_a|=3.765407e-04
[rank=55] Iter 24: J_model=1.2452912626e-05, |g|_inf=1.805325e-03, |delta_a|=7.712599e-05
[rank=55] Iter 25: J_model=1.2325416217e-05, |g|_inf=4.064764e-03, |delta_a|=6.470029e-04
[rank=55] Iter 26: J_model=1.2212864621e-05, |g|_inf=1.015391e-02, |delta_a|=3.563273e-04
[rank=55] Iter 27: J_model=1.1924454755e-05, |g|_inf=4.539870e-03, |delta_a|=1.163841e-04
[rank=55] Iter 28: J_model=1.1331569829e-05, |g|_inf=6.751766e-03, |delta_a|=7.043167e-04
[rank=55] Iter 29: J_model=1.0913547742e-05, |g|_inf=8.400774e-03, |delta_a|=2.848221e-04
[rank=55] Iter 30: J_model=8.0095488919e-06, |g|_inf=1.770077e-02, |delta_a|=3.256380e-03
[rank=55] Iter 31: J_model=6.3868102566e-06, |g|_inf=1.043661e-02, |delta_a|=1.389841e-03
[rank=55] Iter 32: J_model=5.6459721860e-06, |g|_inf=1.419708e-02, |delta_a|=1.283626e-03
[rank=55] Iter 33: J_model=5.2728901111e-06, |g|_inf=3.313080e-03, |delta_a|=4.895033e-04
[rank=55] Iter 34: J_model=5.0982388142e-06, |g|_inf=3.507627e-03, |delta_a|=3.961410e-04
[rank=55] Iter 35: J_model=4.7954028813e-06, |g|_inf=4.974164e-03, |delta_a|=7.919980e-04
[rank=55] Iter 36: J_model=4.6093269390e-06, |g|_inf=5.996226e-03, |delta_a|=8.495206e-04
[rank=55] Iter 37: J_model=4.4792538906e-06, |g|_inf=2.820727e-03, |delta_a|=7.499494e-04
[rank=55] Iter 38: J_model=4.4356869434e-06, |g|_inf=1.573792e-03, |delta_a|=2.921780e-04
[rank=55] Iter 39: J_model=4.4294103364e-06, |g|_inf=9.693019e-04, |delta_a|=8.729470e-05
[rank=55] Iter 40: J_model=4.4119452145e-06, |g|_inf=3.304170e-03, |delta_a|=1.697678e-04
[rank=55] Iter 41: J_model=4.4006811079e-06, |g|_inf=6.460931e-03, |delta_a|=2.972936e-04
[rank=55] Iter 42: J_model=4.4005391515e-06, |g|_inf=2.650783e-03, |delta_a|=1.146425e-07
[rank=55] Iter 43: J_model=4.4005384536e-06, |g|_inf=2.363114e-03, |delta_a|=3.228700e-08
[rank=55] Iter 44: J_model=4.3932556353e-06, |g|_inf=5.448442e-03, |delta_a|=8.613173e-05
[rank=55] Iter 45: J_model=4.3873513872e-06, |g|_inf=2.218544e-03, |delta_a|=2.772344e-05
[rank=55] Iter 46: J_model=4.3858476490e-06, |g|_inf=2.491181e-03, |delta_a|=3.904907e-05
[rank=55] Iter 47: J_model=4.3827237215e-06, |g|_inf=1.865757e-03, |delta_a|=7.802269e-06
[rank=55] Iter 48: J_model=4.3682616483e-06, |g|_inf=9.940442e-04, |delta_a|=5.444810e-05
[rank=55] Iter 49: J_model=4.3620682878e-06, |g|_inf=2.267894e-03, |delta_a|=1.292814e-04
[rank=55] Iter 50: J_model=4.3451677888e-06, |g|_inf=1.921430e-03, |delta_a|=4.824433e-05
[rank=55] Iter 51: J_model=4.3364952994e-06, |g|_inf=1.438222e-03, |delta_a|=1.782580e-05
[rank=55] Iter 52: J_model=4.3332652447e-06, |g|_inf=1.085761e-03, |delta_a|=5.341021e-05
[rank=55] Iter 53: J_model=4.3209450296e-06, |g|_inf=3.412511e-03, |delta_a|=3.087194e-05
[rank=55] Iter 54: J_model=4.3160016312e-06, |g|_inf=1.693532e-03, |delta_a|=4.819668e-05
[rank=55] Iter 55: J_model=4.3142083215e-06, |g|_inf=1.249659e-03, |delta_a|=4.515914e-06
[rank=55] Iter 56: J_model=4.3063062002e-06, |g|_inf=1.143264e-03, |delta_a|=4.001885e-05
[rank=55] Iter 57: J_model=4.3005158330e-06, |g|_inf=2.036637e+01, |delta_a|=2.429270e-05
[rank=55] Iter 58: J_model=4.2971170235e-06, |g|_inf=3.553766e-03, |delta_a|=4.026668e-05
[rank=55] Iter 59: J_model=4.2970955270e-06, |g|_inf=4.597149e-04, |delta_a|=1.907847e-07
[rank=55] Iter 60: J_model=4.2943261699e-06, |g|_inf=3.088748e-03, |delta_a|=1.529956e-05
[rank=55] Iter 61: J_model=4.2938093843e-06, |g|_inf=1.985205e-03, |delta_a|=1.513946e-05
[rank=55] Iter 62: J_model=4.2934071241e-06, |g|_inf=2.144293e-03, |delta_a|=1.828580e-06
[rank=55] Iter 63: J_model=4.2907696748e-06, |g|_inf=2.041816e-03, |delta_a|=7.701773e-06
[rank=55] Iter 64: J_model=4.2882936851e-06, |g|_inf=1.225947e-03, |delta_a|=2.565077e-05
[rank=55] Iter 65: J_model=4.2866366197e-06, |g|_inf=1.237302e-03, |delta_a|=6.766925e-06
[rank=55] Iter 66: J_model=4.2846578268e-06, |g|_inf=1.050358e-03, |delta_a|=1.299540e-05
[rank=55] Iter 67: J_model=4.2832675629e-06, |g|_inf=1.156042e-03, |delta_a|=1.118172e-05
[rank=55] Iter 68: J_model=4.2798874799e-06, |g|_inf=1.317041e-03, |delta_a|=2.727276e-05
[rank=55] Iter 69: J_model=4.2709922890e-06, |g|_inf=2.410759e-03, |delta_a|=8.844510e-05
[rank=55] Iter 70: J_model=4.2674201199e-06, |g|_inf=9.448417e-04, |delta_a|=3.111603e-05
[rank=55] Iter 71: J_model=4.2613598664e-06, |g|_inf=1.751513e-03, |delta_a|=4.209891e-05
[rank=55] Iter 72: J_model=4.2608542075e-06, |g|_inf=2.642246e-03, |delta_a|=1.316529e-04
[rank=55] Iter 73: J_model=4.2515301823e-06, |g|_inf=3.727401e-03, |delta_a|=6.849859e-05
[rank=55] Iter 74: J_model=4.2477914062e-06, |g|_inf=5.457383e-03, |delta_a|=2.039764e-05
[rank=55] Iter 75: J_model=4.2420889480e-06, |g|_inf=1.133671e-03, |delta_a|=3.199860e-05
[rank=55] Iter 76: J_model=4.2395006973e-06, |g|_inf=6.078523e-03, |delta_a|=1.287868e-05
[rank=55] Iter 77: J_model=4.2394909283e-06, |g|_inf=1.904354e-03, |delta_a|=7.593065e-07
[rank=55] Iter 78: J_model=4.2394652794e-06, |g|_inf=3.486522e-03, |delta_a|=9.776480e-09
[rank=55] Iter 79: J_model=4.2394567946e-06, |g|_inf=7.133419e-04, |delta_a|=1.265699e-14
[rank=55] Iter 80: J_model=4.2391823480e-06, |g|_inf=1.364252e-03, |delta_a|=8.388516e-06
[rank=55] Iter 81: J_model=4.2377567208e-06, |g|_inf=1.194338e-03, |delta_a|=4.980110e-06
[rank=55] Iter 82: J_model=4.2324012050e-06, |g|_inf=4.900136e-04, |delta_a|=7.159452e-06
[rank=55] Iter 83: J_model=4.2319702269e-06, |g|_inf=4.742208e-04, |delta_a|=5.267776e-06
[rank=55] Iter 84: J_model=4.2319626996e-06, |g|_inf=5.631137e-04, |delta_a|=1.897493e-08
[rank=55] Iter 85: J_model=4.2307146665e-06, |g|_inf=8.919429e-04, |delta_a|=2.524197e-06
[rank=55] Iter 86: J_model=4.2293452732e-06, |g|_inf=5.034401e-04, |delta_a|=5.456739e-06
[rank=55] Iter 87: J_model=4.2293256988e-06, |g|_inf=7.284433e-04, |delta_a|=7.798087e-07
[rank=55] Iter 88: J_model=4.2293190535e-06, |g|_inf=5.263106e-04, |delta_a|=1.485586e-07
[rank=55] Iter 89: J_model=4.2274027991e-06, |g|_inf=4.167939e-04, |delta_a|=5.313161e-06
[rank=55] Iter 90: J_model=4.2268559400e-06, |g|_inf=6.463118e-04, |delta_a|=2.459491e-06
[rank=55] Iter 91: J_model=4.2261721443e-06, |g|_inf=7.046294e-04, |delta_a|=3.850448e-06
[rank=55] Iter 92: J_model=4.2257196836e-06, |g|_inf=1.411573e-03, |delta_a|=1.815334e-06
[rank=55] Iter 93: J_model=4.2256602989e-06, |g|_inf=9.954852e-04, |delta_a|=1.140160e-06
[rank=55] Iter 94: J_model=4.2255529355e-06, |g|_inf=3.581422e-03, |delta_a|=2.105172e-06
[rank=55] Iter 95: J_model=4.2255516119e-06, |g|_inf=1.372270e-03, |delta_a|=8.033265e-15
[rank=55] Iter 96: J_model=4.2252951087e-06, |g|_inf=1.212102e-03, |delta_a|=1.211888e-07
[rank=55] Iter 97: J_model=4.2251910094e-06, |g|_inf=1.377911e-03, |delta_a|=1.496265e-07
[rank=55] Iter 98: J_model=4.2251901893e-06, |g|_inf=9.025998e-04, |delta_a|=6.565036e-10
[rank=55] Iter 99: J_model=4.2251780901e-06, |g|_inf=2.112911e-03, |delta_a|=1.979953e-08
[rank=55] Iter 100: J_model=4.2250937371e-06, |g|_inf=1.293558e-03, |delta_a|=1.255278e-07
[rank=55] Iter 101: J_model=4.2250933832e-06, |g|_inf=1.897849e-03, |delta_a|=2.827954e-09
[rank=55] Iter 102: J_model=4.2250882173e-06, |g|_inf=6.342654e-03, |delta_a|=3.195709e-08
[rank=55] Iter 103: J_model=4.2250607555e-06, |g|_inf=2.934412e-04, |delta_a|=3.421375e-08
[rank=55] Iter 104: J_model=4.2247334798e-06, |g|_inf=4.189562e-02, |delta_a|=5.296311e-07
[rank=55] Iter 105: J_model=4.2247321091e-06, |g|_inf=1.016286e-02, |delta_a|=2.248935e-09
[rank=55] Iter 106: J_model=4.2247267558e-06, |g|_inf=5.438981e-03, |delta_a|=1.579451e-08
[rank=55] Iter 107: J_model=4.2247267558e-06, |g|_inf=5.438981e-03, |delta_a|=4.690457e-22
[rank=55] Stop: CONVERGENCE: RELATIVE REDUCTION OF F <= FACTR*EPSMCH (steps=107)
rank= 55 | steps=107 | J_model=4.2247267558e-06 | J_ref=4.2312592641e-06 | CONVERGENCE: RELATIVE REDUCTION OF F <= FACTR*EPSMCH
