
--- 2026-09-24T23:37:22 | rank=44, k=10, grid=128x128, T=20, dt=0.005, method=L-BFGS-B, max_steps=200, tol=1e-15, gtol=1e-15, ftol=1e-14, maxcor=10, maxls=30 ---
[rank=44] Initial: J_model=4.3137607791e-03
[rank=44] Iter 1: J_model=1.7577545222e-04, |g|_inf=2.580022e-01, |delta_a|=7.803313e-03
[rank=44] Iter 2: J_model=3.2541566318e-05, |g|_inf=6.293906e-02, |delta_a|=8.442551e-04
[rank=44] Iter 3: J_model=1.4772133350e-05, |g|_inf=2.859365e-02, |delta_a|=3.219983e-04
[rank=44] Iter 4: J_model=7.8785799250e-06, |g|_inf=4.922731e-03, |delta_a|=3.099939e-04
[rank=44] Iter 5: J_model=7.8276923043e-06, |g|_inf=9.455365e-03, |delta_a|=3.547944e-05
[rank=44] Iter 6: J_model=7.8271901011e-06, |g|_inf=4.725222e-03, |delta_a|=6.494750e-07
[rank=44] Iter 7: J_model=7.8026421256e-06, |g|_inf=1.532859e-03, |delta_a|=1.291061e-05
[rank=44] Iter 8: J_model=7.7899876623e-06, |g|_inf=1.461685e-03, |delta_a|=9.594647e-06
[rank=44] Iter 9: J_model=7.7318355808e-06, |g|_inf=2.255907e-03, |delta_a|=3.441611e-05
[rank=44] Iter 10: J_model=7.5113828209e-06, |g|_inf=1.141689e-02, |delta_a|=2.572217e-04
[rank=44] Iter 11: J_model=7.2178774721e-06, |g|_inf=9.532634e-03, |delta_a|=2.080061e-04
[rank=44] Iter 12: J_model=6.4541608813e-06, |g|_inf=8.229840e-03, |delta_a|=7.022332e-04
[rank=44] Iter 13: J_model=6.0936299364e-06, |g|_inf=6.349894e-03, |delta_a|=5.587576e-04
[rank=44] Iter 14: J_model=5.9462596261e-06, |g|_inf=2.049949e-03, |delta_a|=1.954317e-04
[rank=44] Iter 15: J_model=5.9327997659e-06, |g|_inf=1.596551e-03, |delta_a|=1.723017e-05
[rank=44] Iter 16: J_model=5.9294168654e-06, |g|_inf=2.123489e-03, |delta_a|=3.687627e-05
[rank=44] Iter 17: J_model=5.9109731314e-06, |g|_inf=2.351826e-03, |delta_a|=7.858399e-05
[rank=44] Iter 18: J_model=5.8885962610e-06, |g|_inf=1.129532e-03, |delta_a|=2.956165e-05
[rank=44] Iter 19: J_model=5.8738978381e-06, |g|_inf=1.068749e-03, |delta_a|=9.657328e-06
[rank=44] Iter 20: J_model=5.8315443232e-06, |g|_inf=3.843489e-03, |delta_a|=1.104294e-04
[rank=44] Iter 21: J_model=5.7544648276e-06, |g|_inf=4.849937e-03, |delta_a|=8.951449e-05
[rank=44] Iter 22: J_model=5.2098104798e-06, |g|_inf=5.437290e-03, |delta_a|=1.114680e-03
[rank=44] Iter 23: J_model=4.9600740224e-06, |g|_inf=5.929922e-03, |delta_a|=1.317873e-03
[rank=44] Iter 24: J_model=4.7409417386e-06, |g|_inf=3.224822e-03, |delta_a|=1.978337e-04
[rank=44] Iter 25: J_model=4.7330344099e-06, |g|_inf=3.213440e-03, |delta_a|=1.633989e-04
[rank=44] Iter 26: J_model=4.6816057097e-06, |g|_inf=2.303859e-03, |delta_a|=1.540815e-04
[rank=44] Iter 27: J_model=4.6209516184e-06, |g|_inf=2.054866e-03, |delta_a|=2.003633e-04
[rank=44] Iter 28: J_model=4.5992960855e-06, |g|_inf=2.553754e-03, |delta_a|=4.471094e-05
[rank=44] Iter 29: J_model=4.5548136029e-06, |g|_inf=1.599946e-03, |delta_a|=1.359600e-04
[rank=44] Iter 30: J_model=4.5424854496e-06, |g|_inf=1.926825e-03, |delta_a|=1.220884e-04
[rank=44] Iter 31: J_model=4.5359950725e-06, |g|_inf=1.800297e-03, |delta_a|=1.252588e-04
[rank=44] Iter 32: J_model=4.5347901519e-06, |g|_inf=2.080183e-03, |delta_a|=3.484985e-05
[rank=44] Iter 33: J_model=4.5214056309e-06, |g|_inf=6.903115e-04, |delta_a|=1.678668e-05
[rank=44] Iter 34: J_model=4.5183523703e-06, |g|_inf=5.796313e-04, |delta_a|=2.762250e-05
[rank=44] Iter 35: J_model=4.5158626292e-06, |g|_inf=1.146527e-03, |delta_a|=5.073626e-05
[rank=44] Iter 36: J_model=4.5110062701e-06, |g|_inf=1.065010e-03, |delta_a|=1.997557e-04
[rank=44] Iter 37: J_model=4.5108458115e-06, |g|_inf=8.303097e-04, |delta_a|=1.217982e-06
[rank=44] Iter 38: J_model=4.4966428409e-06, |g|_inf=2.720694e-03, |delta_a|=1.029284e-04
[rank=44] Iter 39: J_model=4.4958108425e-06, |g|_inf=2.410405e-03, |delta_a|=9.297886e-06
[rank=44] Iter 40: J_model=4.4729238925e-06, |g|_inf=1.762514e-03, |delta_a|=6.120751e-05
[rank=44] Iter 41: J_model=4.4708371630e-06, |g|_inf=1.923518e-03, |delta_a|=7.518799e-06
[rank=44] Iter 42: J_model=4.4558245370e-06, |g|_inf=2.956472e-03, |delta_a|=1.081077e-04
[rank=44] Iter 43: J_model=4.4537459983e-06, |g|_inf=6.779529e-03, |delta_a|=6.605836e-05
[rank=44] Iter 44: J_model=4.4530105249e-06, |g|_inf=4.166236e-03, |delta_a|=3.617974e-07
[rank=44] Iter 45: J_model=4.4424363307e-06, |g|_inf=3.098352e-03, |delta_a|=1.056382e-05
[rank=44] Iter 46: J_model=4.4258283458e-06, |g|_inf=4.042839e-03, |delta_a|=4.258476e-05
[rank=44] Iter 47: J_model=4.4071327342e-06, |g|_inf=3.059365e-03, |delta_a|=1.799198e-05
[rank=44] Iter 48: J_model=4.3830489272e-06, |g|_inf=2.534954e-03, |delta_a|=2.868866e-05
[rank=44] Iter 49: J_model=4.3732804066e-06, |g|_inf=2.122974e-02, |delta_a|=3.957169e-05
[rank=44] Iter 50: J_model=4.3731502693e-06, |g|_inf=9.338384e-01, |delta_a|=1.619760e-08
[rank=44] Iter 51: J_model=4.3731360546e-06, |g|_inf=9.650749e-03, |delta_a|=8.434503e-09
[rank=44] Iter 52: J_model=4.3715651067e-06, |g|_inf=9.826568e-04, |delta_a|=4.544629e-06
[rank=44] Iter 53: J_model=4.3700314591e-06, |g|_inf=1.021117e-03, |delta_a|=5.724871e-06
[rank=44] Iter 54: J_model=4.3679638506e-06, |g|_inf=6.061508e-04, |delta_a|=3.239127e-06
[rank=44] Iter 55: J_model=4.3664958410e-06, |g|_inf=2.981407e-04, |delta_a|=7.601701e-06
[rank=44] Iter 56: J_model=4.3649310859e-06, |g|_inf=1.421370e-03, |delta_a|=1.400556e-05
[rank=44] Iter 57: J_model=4.3641659978e-06, |g|_inf=8.918574e-04, |delta_a|=2.478277e-06
[rank=44] Iter 58: J_model=4.3633879841e-06, |g|_inf=5.965217e-04, |delta_a|=1.131793e-05
[rank=44] Iter 59: J_model=4.3633387297e-06, |g|_inf=8.994354e-04, |delta_a|=4.206038e-10
[rank=44] Iter 60: J_model=4.3633014595e-06, |g|_inf=7.316125e-01, |delta_a|=1.335631e-14
[rank=44] Iter 61: J_model=4.3632719464e-06, |g|_inf=4.885227e-03, |delta_a|=5.298784e-11
[rank=44] Iter 62: J_model=4.3629524498e-06, |g|_inf=1.366015e-03, |delta_a|=1.984305e-06
[rank=44] Iter 63: J_model=4.3627737761e-06, |g|_inf=1.585033e-02, |delta_a|=3.879147e-07
[rank=44] Iter 64: J_model=4.3627454083e-06, |g|_inf=2.992233e-03, |delta_a|=1.011814e-06
[rank=44] Iter 65: J_model=4.3627185408e-06, |g|_inf=2.070913e-02, |delta_a|=1.571218e-19
[rank=44] Stop: ABNORMAL:  (steps=65)
rank= 44 | steps=65 | J_model=4.3627185408e-06 | J_ref=4.3964811854e-06 | ABNORMAL: 
