
--- 2026-09-24T18:25:45 | rank=56, k=10, grid=128x128, T=20, dt=0.005, method=L-BFGS-B, max_steps=200, tol=1e-15, gtol=1e-15, ftol=1e-14, maxcor=10, maxls=30 ---
[rank=56] Initial: J_model=4.3144015336e-03
[rank=56] Iter 1: J_model=1.9934709296e-03, |g|_inf=1.082702e+00, |delta_a|=3.679224e-02
[rank=56] Iter 2: J_model=1.2454164524e-03, |g|_inf=8.363720e-01, |delta_a|=7.593754e-04
[rank=56] Iter 3: J_model=1.4724563004e-04, |g|_inf=1.532342e-02, |delta_a|=2.594875e-03
[rank=56] Iter 4: J_model=1.4633494774e-04, |g|_inf=9.032836e-03, |delta_a|=5.911184e-05
[rank=56] Iter 5: J_model=1.4593433750e-04, |g|_inf=7.382943e-03, |delta_a|=6.150390e-05
[rank=56] Iter 6: J_model=1.4585214272e-04, |g|_inf=7.386711e-03, |delta_a|=2.266194e-05
[rank=56] Iter 7: J_model=1.4569846883e-04, |g|_inf=7.390200e-03, |delta_a|=4.299025e-05
[rank=56] Iter 8: J_model=1.4525322835e-04, |g|_inf=8.197494e-03, |delta_a|=1.363893e-04
[rank=56] Iter 9: J_model=1.4421383025e-04, |g|_inf=1.450048e-02, |delta_a|=3.469855e-04
[rank=56] Iter 10: J_model=1.4185584903e-04, |g|_inf=2.226311e-02, |delta_a|=8.356413e-04
[rank=56] Iter 11: J_model=1.3751074239e-04, |g|_inf=2.760950e-02, |delta_a|=1.694722e-03
[rank=56] Iter 12: J_model=1.3139434686e-04, |g|_inf=3.444589e-02, |delta_a|=2.287889e-03
[rank=56] Iter 13: J_model=1.2312502518e-04, |g|_inf=8.334245e-03, |delta_a|=3.166996e-03
[rank=56] Iter 14: J_model=1.1817173166e-04, |g|_inf=9.406658e-03, |delta_a|=5.787690e-04
[rank=56] Iter 15: J_model=1.1121875332e-04, |g|_inf=3.148967e-02, |delta_a|=1.478298e-03
[rank=56] Iter 16: J_model=1.0440842748e-04, |g|_inf=4.489831e-02, |delta_a|=1.424149e-03
[rank=56] Iter 17: J_model=7.5500384217e-05, |g|_inf=7.529980e-02, |delta_a|=7.779992e-03
[rank=56] Iter 18: J_model=4.5414350459e-05, |g|_inf=7.165074e-02, |delta_a|=1.162176e-02
[rank=56] Iter 19: J_model=1.9600700163e-05, |g|_inf=3.860499e-02, |delta_a|=3.982915e-03
[rank=56] Iter 20: J_model=9.3231877173e-06, |g|_inf=1.456631e-02, |delta_a|=2.636422e-03
[rank=56] Iter 21: J_model=8.5614669018e-06, |g|_inf=1.148701e-02, |delta_a|=7.781674e-04
[rank=56] Iter 22: J_model=7.3971487481e-06, |g|_inf=7.560058e-03, |delta_a|=9.180206e-04
[rank=56] Iter 23: J_model=7.1723770509e-06, |g|_inf=3.467506e-03, |delta_a|=7.449862e-04
[rank=56] Iter 24: J_model=7.1198457442e-06, |g|_inf=1.797361e-03, |delta_a|=3.435863e-04
[rank=56] Iter 25: J_model=7.1055557756e-06, |g|_inf=1.396460e-03, |delta_a|=5.996406e-05
[rank=56] Iter 26: J_model=7.0825669833e-06, |g|_inf=1.343097e-03, |delta_a|=8.381878e-05
[rank=56] Iter 27: J_model=7.0178125678e-06, |g|_inf=2.348417e-03, |delta_a|=2.745903e-04
[rank=56] Iter 28: J_model=6.8537548384e-06, |g|_inf=2.602649e-03, |delta_a|=4.536698e-04
[rank=56] Iter 29: J_model=6.4054578311e-06, |g|_inf=7.348864e-03, |delta_a|=1.021599e-03
[rank=56] Iter 30: J_model=5.6338156370e-06, |g|_inf=7.370264e-03, |delta_a|=1.883795e-03
[rank=56] Iter 31: J_model=5.2668861687e-06, |g|_inf=1.023797e-02, |delta_a|=5.704303e-04
[rank=56] Iter 32: J_model=4.9989538295e-06, |g|_inf=7.778680e-03, |delta_a|=1.002123e-03
[rank=56] Iter 33: J_model=4.7491228895e-06, |g|_inf=4.200737e-03, |delta_a|=2.671262e-04
[rank=56] Iter 34: J_model=4.6925022842e-06, |g|_inf=2.575739e-03, |delta_a|=2.004446e-04
[rank=56] Iter 35: J_model=4.5776149792e-06, |g|_inf=2.297894e-03, |delta_a|=4.039256e-04
[rank=56] Iter 36: J_model=4.4650291283e-06, |g|_inf=5.130447e-03, |delta_a|=7.806705e-04
[rank=56] Iter 37: J_model=4.3927301319e-06, |g|_inf=2.119781e-03, |delta_a|=1.663882e-04
[rank=56] Iter 38: J_model=4.3498636288e-06, |g|_inf=8.552245e-04, |delta_a|=1.645236e-04
[rank=56] Iter 39: J_model=4.3384565741e-06, |g|_inf=9.910931e-04, |delta_a|=8.453079e-05
[rank=56] Iter 40: J_model=4.3316938452e-06, |g|_inf=1.434206e-03, |delta_a|=1.320427e-04
[rank=56] Iter 41: J_model=4.3168562714e-06, |g|_inf=1.628578e-03, |delta_a|=1.607807e-04
[rank=56] Iter 42: J_model=4.3062200826e-06, |g|_inf=5.947386e-04, |delta_a|=6.747824e-05
[rank=56] Iter 43: J_model=4.2858948002e-06, |g|_inf=2.025816e-03, |delta_a|=2.325491e-04
[rank=56] Iter 44: J_model=4.2769720060e-06, |g|_inf=2.310862e-03, |delta_a|=3.310445e-04
[rank=56] Iter 45: J_model=4.2562120728e-06, |g|_inf=1.113572e-03, |delta_a|=9.356250e-05
[rank=56] Iter 46: J_model=4.2492574777e-06, |g|_inf=9.885573e-04, |delta_a|=6.995065e-05
[rank=56] Iter 47: J_model=4.2488186115e-06, |g|_inf=1.890301e-03, |delta_a|=3.569340e-05
[rank=56] Iter 48: J_model=4.2457172697e-06, |g|_inf=9.831767e-04, |delta_a|=2.723175e-05
[rank=56] Iter 49: J_model=4.2434338393e-06, |g|_inf=6.019012e-04, |delta_a|=1.192686e-05
[rank=56] Iter 50: J_model=4.2417896629e-06, |g|_inf=7.376099e-02, |delta_a|=6.095701e-05
[rank=56] Iter 51: J_model=4.2417656523e-06, |g|_inf=3.756183e-03, |delta_a|=5.706757e-07
[rank=56] Iter 52: J_model=4.2416308343e-06, |g|_inf=1.144687e-03, |delta_a|=3.700898e-07
[rank=56] Iter 53: J_model=4.2379217374e-06, |g|_inf=1.311627e-03, |delta_a|=2.980018e-05
[rank=56] Iter 54: J_model=4.2378298252e-06, |g|_inf=2.447871e-03, |delta_a|=5.312215e-07
[rank=56] Iter 55: J_model=4.2361087637e-06, |g|_inf=5.631058e-04, |delta_a|=2.188489e-05
[rank=56] Iter 56: J_model=4.2360057177e-06, |g|_inf=6.173139e-04, |delta_a|=3.058608e-06
[rank=56] Iter 57: J_model=4.2359298375e-06, |g|_inf=1.721468e-03, |delta_a|=1.988764e-07
[rank=56] Iter 58: J_model=4.2358226874e-06, |g|_inf=1.986686e-03, |delta_a|=1.937367e-07
[rank=56] Iter 59: J_model=4.2353933286e-06, |g|_inf=2.656432e-03, |delta_a|=1.248394e-06
[rank=56] Iter 60: J_model=4.2353678988e-06, |g|_inf=1.142161e-02, |delta_a|=3.784142e-07
[rank=56] Iter 61: J_model=4.2352295769e-06, |g|_inf=1.779534e-03, |delta_a|=5.078053e-07
[rank=56] Iter 62: J_model=4.2352250172e-06, |g|_inf=1.274953e-03, |delta_a|=3.847783e-17
[rank=56] Iter 63: J_model=4.2351841390e-06, |g|_inf=8.581837e-03, |delta_a|=5.311532e-09
[rank=56] Iter 64: J_model=4.2351797143e-06, |g|_inf=7.074145e-01, |delta_a|=2.664595e-10
[rank=56] Stop: ABNORMAL:  (steps=64)
rank= 56 | steps=64 | J_model=4.2351797143e-06 | J_ref=4.2414169860e-06 | ABNORMAL: 
