
--- 2026-09-24T23:29:21 | rank=37, k=10, grid=128x128, T=20, dt=0.005, method=L-BFGS-B, max_steps=200, tol=1e-15, gtol=1e-15, ftol=1e-14, maxcor=10, maxls=30 ---
[rank=37] Initial: J_model=4.3117499274e-03
[rank=37] Iter 1: J_model=4.5310352594e-04, |g|_inf=3.411134e-01, |delta_a|=2.851748e-02
[rank=37] Iter 2: J_model=1.9405441764e-04, |g|_inf=4.445996e-02, |delta_a|=1.288796e-03
[rank=37] Iter 3: J_model=1.8417761649e-04, |g|_inf=3.179720e-02, |delta_a|=1.806470e-04
[rank=37] Iter 4: J_model=1.7547129898e-04, |g|_inf=1.481616e-02, |delta_a|=3.814598e-04
[rank=37] Iter 5: J_model=1.7306522929e-04, |g|_inf=1.476563e-02, |delta_a|=1.587143e-04
[rank=37] Iter 6: J_model=1.6256985924e-04, |g|_inf=2.713530e-02, |delta_a|=8.084891e-04
[rank=37] Iter 7: J_model=1.3577855321e-04, |g|_inf=5.015186e-02, |delta_a|=2.460761e-03
[rank=37] Iter 8: J_model=9.7786231399e-05, |g|_inf=5.010674e-02, |delta_a|=4.676074e-03
[rank=37] Iter 9: J_model=8.8647673511e-05, |g|_inf=5.396129e-02, |delta_a|=1.941992e-03
[rank=37] Iter 10: J_model=7.7064996641e-05, |g|_inf=2.839575e-02, |delta_a|=2.038405e-03
[rank=37] Iter 11: J_model=7.4172892985e-05, |g|_inf=8.570379e-03, |delta_a|=3.383552e-04
[rank=37] Iter 12: J_model=7.3577047315e-05, |g|_inf=5.056724e-03, |delta_a|=2.814474e-04
[rank=37] Iter 13: J_model=7.3310655288e-05, |g|_inf=5.023830e-03, |delta_a|=2.022102e-04
[rank=37] Iter 14: J_model=7.2088704764e-05, |g|_inf=7.471883e-03, |delta_a|=2.836685e-04
[rank=37] Iter 15: J_model=6.3226152912e-05, |g|_inf=3.353468e-02, |delta_a|=3.065747e-03
[rank=37] Iter 16: J_model=5.3467470401e-05, |g|_inf=3.571440e-02, |delta_a|=3.199251e-03
[rank=37] Iter 17: J_model=3.5854524578e-05, |g|_inf=7.413407e-02, |delta_a|=9.791234e-03
[rank=37] Iter 18: J_model=2.0318236563e-05, |g|_inf=3.281365e-02, |delta_a|=5.570902e-03
[rank=37] Iter 19: J_model=1.0712934706e-05, |g|_inf=3.271712e-02, |delta_a|=1.737318e-03
[rank=37] Iter 20: J_model=7.2196682716e-06, |g|_inf=3.397449e-02, |delta_a|=3.643407e-03
[rank=37] Iter 21: J_model=5.5526016328e-06, |g|_inf=4.596954e-03, |delta_a|=1.756597e-03
[rank=37] Iter 22: J_model=5.1245241076e-06, |g|_inf=3.352248e-03, |delta_a|=6.564391e-04
[rank=37] Iter 23: J_model=5.1121648071e-06, |g|_inf=8.832854e-03, |delta_a|=7.784412e-04
[rank=37] Iter 24: J_model=4.9786103457e-06, |g|_inf=4.803311e-03, |delta_a|=9.256116e-05
[rank=37] Iter 25: J_model=4.9320843725e-06, |g|_inf=1.528693e-03, |delta_a|=9.454554e-05
[rank=37] Iter 26: J_model=4.8945066830e-06, |g|_inf=5.249609e-04, |delta_a|=2.861343e-04
[rank=37] Iter 27: J_model=4.8898338103e-06, |g|_inf=7.406659e-04, |delta_a|=1.291776e-04
[rank=37] Iter 28: J_model=4.8775323634e-06, |g|_inf=9.146785e-04, |delta_a|=1.378451e-04
[rank=37] Iter 29: J_model=4.8560828398e-06, |g|_inf=6.166279e-04, |delta_a|=2.148495e-04
[rank=37] Iter 30: J_model=4.8403792810e-06, |g|_inf=7.611610e-04, |delta_a|=6.115363e-05
[rank=37] Iter 31: J_model=4.8116212322e-06, |g|_inf=2.304698e-03, |delta_a|=3.688687e-04
[rank=37] Iter 32: J_model=4.7941514092e-06, |g|_inf=2.112825e-03, |delta_a|=4.079266e-04
[rank=37] Iter 33: J_model=4.7551587062e-06, |g|_inf=1.617379e-03, |delta_a|=1.305198e-04
[rank=37] Iter 34: J_model=4.7248641547e-06, |g|_inf=3.401507e-03, |delta_a|=1.323519e-04
[rank=37] Iter 35: J_model=4.6494026842e-06, |g|_inf=2.113678e-03, |delta_a|=1.324195e-04
[rank=37] Iter 36: J_model=4.5736738001e-06, |g|_inf=2.102223e-03, |delta_a|=2.049683e-04
[rank=37] Iter 37: J_model=4.5335424711e-06, |g|_inf=4.742168e-03, |delta_a|=3.525548e-04
[rank=37] Iter 38: J_model=4.4505038624e-06, |g|_inf=7.028564e-04, |delta_a|=1.249563e-04
[rank=37] Iter 39: J_model=4.4485799793e-06, |g|_inf=1.021241e-03, |delta_a|=2.068283e-05
[rank=37] Iter 40: J_model=4.4203349828e-06, |g|_inf=2.233517e-03, |delta_a|=1.053282e-04
[rank=37] Iter 41: J_model=4.4130051105e-06, |g|_inf=1.839320e-03, |delta_a|=1.041217e-04
[rank=37] Iter 42: J_model=4.3775815454e-06, |g|_inf=1.724201e-03, |delta_a|=5.889505e-05
[rank=37] Iter 43: J_model=4.2781160395e-06, |g|_inf=7.489723e-03, |delta_a|=5.524668e-04
[rank=37] Iter 44: J_model=4.2192970131e-06, |g|_inf=3.599709e-03, |delta_a|=6.005719e-05
[rank=37] Iter 45: J_model=4.1715507042e-06, |g|_inf=1.076808e-03, |delta_a|=2.066198e-04
[rank=37] Iter 46: J_model=4.1715483188e-06, |g|_inf=9.774739e-04, |delta_a|=1.708326e-06
[rank=37] Iter 47: J_model=4.1683506051e-06, |g|_inf=5.058057e-03, |delta_a|=1.437967e-05
[rank=37] Iter 48: J_model=4.1669052217e-06, |g|_inf=9.919793e-04, |delta_a|=1.396076e-05
[rank=37] Iter 49: J_model=4.1660591533e-06, |g|_inf=8.202798e-04, |delta_a|=2.904560e-06
[rank=37] Iter 50: J_model=4.1635785229e-06, |g|_inf=6.997776e-04, |delta_a|=7.967568e-06
[rank=37] Iter 51: J_model=4.1631894661e-06, |g|_inf=1.137998e-03, |delta_a|=3.494196e-06
[rank=37] Iter 52: J_model=4.1630645739e-06, |g|_inf=2.183795e-03, |delta_a|=1.631553e-06
[rank=37] Iter 53: J_model=4.1625052473e-06, |g|_inf=5.228337e-04, |delta_a|=3.074844e-06
[rank=37] Iter 54: J_model=4.1618811220e-06, |g|_inf=3.830897e-04, |delta_a|=1.740230e-06
[rank=37] Iter 55: J_model=4.1608696020e-06, |g|_inf=7.280870e-04, |delta_a|=1.394493e-05
[rank=37] Iter 56: J_model=4.1534280137e-06, |g|_inf=1.216713e-03, |delta_a|=4.822173e-05
[rank=37] Iter 57: J_model=4.1505144422e-06, |g|_inf=1.461818e-03, |delta_a|=9.577744e-05
[rank=37] Iter 58: J_model=4.1452508466e-06, |g|_inf=1.864521e-03, |delta_a|=6.333983e-05
[rank=37] Iter 59: J_model=4.1399223762e-06, |g|_inf=1.166535e-02, |delta_a|=9.406668e-06
[rank=37] Iter 60: J_model=4.1398490218e-06, |g|_inf=8.179722e-04, |delta_a|=2.395721e-06
[rank=37] Iter 61: J_model=4.1393584608e-06, |g|_inf=2.617595e-03, |delta_a|=4.365458e-06
[rank=37] Iter 62: J_model=4.1382047330e-06, |g|_inf=6.456239e-04, |delta_a|=1.822731e-05
[rank=37] Iter 63: J_model=4.1380588299e-06, |g|_inf=1.203484e-03, |delta_a|=2.269018e-05
[rank=37] Iter 64: J_model=4.1351594341e-06, |g|_inf=5.534179e-04, |delta_a|=9.069781e-06
[rank=37] Iter 65: J_model=4.1317311198e-06, |g|_inf=1.053040e-03, |delta_a|=4.038765e-05
[rank=37] Iter 66: J_model=4.1302235980e-06, |g|_inf=1.350226e-03, |delta_a|=2.858872e-05
[rank=37] Iter 67: J_model=4.1289627525e-06, |g|_inf=1.366990e-03, |delta_a|=2.810050e-05
[rank=37] Iter 68: J_model=4.1260591178e-06, |g|_inf=1.167566e-03, |delta_a|=7.834234e-06
[rank=37] Iter 69: J_model=4.1253917707e-06, |g|_inf=1.017662e-03, |delta_a|=7.595811e-06
[rank=37] Iter 70: J_model=4.1253501462e-06, |g|_inf=8.396562e-04, |delta_a|=1.352419e-06
[rank=37] Iter 71: J_model=4.1251683759e-06, |g|_inf=1.097200e-03, |delta_a|=2.310261e-06
[rank=37] Iter 72: J_model=4.1248885630e-06, |g|_inf=1.020844e-03, |delta_a|=3.545968e-06
[rank=37] Iter 73: J_model=4.1245885438e-06, |g|_inf=6.616026e-04, |delta_a|=1.613798e-06
[rank=37] Iter 74: J_model=4.1242786086e-06, |g|_inf=6.464168e-04, |delta_a|=1.991076e-06
[rank=37] Iter 75: J_model=4.1228689596e-06, |g|_inf=4.792686e-04, |delta_a|=4.398991e-06
[rank=37] Iter 76: J_model=4.1218101782e-06, |g|_inf=5.644688e-04, |delta_a|=2.611054e-06
[rank=37] Iter 77: J_model=4.1214042967e-06, |g|_inf=2.697138e-04, |delta_a|=3.688625e-06
[rank=37] Iter 78: J_model=4.1213692237e-06, |g|_inf=1.648554e-04, |delta_a|=1.403777e-06
[rank=37] Iter 79: J_model=4.1213051426e-06, |g|_inf=1.772392e-04, |delta_a|=9.576513e-07
[rank=37] Iter 80: J_model=4.1212848700e-06, |g|_inf=4.277051e-04, |delta_a|=6.410185e-07
[rank=37] Iter 81: J_model=4.1212427511e-06, |g|_inf=3.746492e-04, |delta_a|=2.105251e-07
[rank=37] Iter 82: J_model=4.1209943105e-06, |g|_inf=4.448064e-02, |delta_a|=3.748058e-06
[rank=37] Iter 83: J_model=4.1208383329e-06, |g|_inf=2.327065e-02, |delta_a|=1.199065e-08
[rank=37] Iter 84: J_model=4.1208180592e-06, |g|_inf=1.266418e-02, |delta_a|=4.644093e-08
[rank=37] Iter 85: J_model=4.1208132544e-06, |g|_inf=2.085279e-02, |delta_a|=4.464472e-08
[rank=37] Iter 86: J_model=4.1206510752e-06, |g|_inf=4.743475e-02, |delta_a|=8.010557e-08
[rank=37] Stop: ABNORMAL:  (steps=86)
rank= 37 | steps=86 | J_model=4.1206510752e-06 | J_ref=4.2166546953e-06 | ABNORMAL: 
