
--- 2026-09-24T18:17:54 | rank=21, k=10, grid=128x128, T=20, dt=0.005, method=L-BFGS-B, max_steps=200, tol=1e-15, gtol=1e-15, ftol=1e-14, maxcor=10, maxls=30 ---
[rank=21] Initial: J_model=4.3172552571e-03
[rank=21] Iter 1: J_model=3.8907240215e-04, |g|_inf=3.202258e-01, |delta_a|=1.570386e-02
[rank=21] Iter 2: J_model=1.8142615746e-04, |g|_inf=8.590186e-02, |delta_a|=1.190587e-03
[rank=21] Iter 3: J_model=1.4920919954e-04, |g|_inf=5.497769e-02, |delta_a|=3.421166e-04
[rank=21] Iter 4: J_model=1.2773082101e-04, |g|_inf=2.023082e-02, |delta_a|=5.947449e-04
[rank=21] Iter 5: J_model=1.2589549323e-04, |g|_inf=2.664699e-02, |delta_a|=1.815628e-04
[rank=21] Iter 6: J_model=1.1474147408e-04, |g|_inf=1.913523e-02, |delta_a|=5.596295e-04
[rank=21] Iter 7: J_model=7.1861315726e-05, |g|_inf=6.265919e-02, |delta_a|=3.124421e-03
[rank=21] Iter 8: J_model=3.0133350617e-05, |g|_inf=6.889907e-02, |delta_a|=4.983601e-03
[rank=21] Iter 9: J_model=2.5473462014e-05, |g|_inf=7.912500e-02, |delta_a|=6.438520e-04
[rank=21] Iter 10: J_model=1.4277215759e-05, |g|_inf=3.035507e-02, |delta_a|=2.135223e-03
[rank=21] Iter 11: J_model=1.1746564349e-05, |g|_inf=9.674554e-03, |delta_a|=1.480026e-04
[rank=21] Iter 12: J_model=1.1464915371e-05, |g|_inf=5.011725e-03, |delta_a|=4.883999e-04
[rank=21] Iter 13: J_model=1.1363302975e-05, |g|_inf=1.946812e-03, |delta_a|=1.576460e-04
[rank=21] Iter 14: J_model=1.1339082240e-05, |g|_inf=1.777410e-03, |delta_a|=1.265686e-05
[rank=21] Iter 15: J_model=1.1324970292e-05, |g|_inf=2.272954e-03, |delta_a|=4.550383e-05
[rank=21] Iter 16: J_model=1.1287021720e-05, |g|_inf=3.631721e-03, |delta_a|=1.187296e-04
[rank=21] Iter 17: J_model=1.1272243062e-05, |g|_inf=4.289876e-03, |delta_a|=5.187978e-05
[rank=21] Iter 18: J_model=1.1120210407e-05, |g|_inf=3.557033e-03, |delta_a|=1.328113e-04
[rank=21] Iter 19: J_model=1.0680427067e-05, |g|_inf=5.727273e-03, |delta_a|=3.637774e-04
[rank=21] Iter 20: J_model=9.4312417492e-06, |g|_inf=1.272823e-02, |delta_a|=1.313923e-03
[rank=21] Iter 21: J_model=7.8726772830e-06, |g|_inf=1.336242e-02, |delta_a|=1.714721e-03
[rank=21] Iter 22: J_model=5.1946130584e-06, |g|_inf=1.229500e-02, |delta_a|=3.678469e-03
[rank=21] Iter 23: J_model=4.4997831278e-06, |g|_inf=5.332113e-03, |delta_a|=9.634712e-04
[rank=21] Iter 24: J_model=4.3334887456e-06, |g|_inf=2.472333e-03, |delta_a|=1.984263e-04
[rank=21] Iter 25: J_model=4.2873947316e-06, |g|_inf=1.194624e-03, |delta_a|=9.455168e-05
[rank=21] Iter 26: J_model=4.2768633547e-06, |g|_inf=1.245001e-03, |delta_a|=6.346621e-05
[rank=21] Iter 27: J_model=4.2578348214e-06, |g|_inf=3.654354e-03, |delta_a|=7.151294e-05
[rank=21] Iter 28: J_model=4.2122986843e-06, |g|_inf=3.046522e-03, |delta_a|=5.537074e-05
[rank=21] Iter 29: J_model=4.0055077883e-06, |g|_inf=1.280395e-03, |delta_a|=4.566744e-04
[rank=21] Iter 30: J_model=3.9451772563e-06, |g|_inf=2.342440e-03, |delta_a|=1.386093e-04
[rank=21] Iter 31: J_model=3.9283087116e-06, |g|_inf=2.113792e-03, |delta_a|=3.869675e-04
[rank=21] Iter 32: J_model=3.9278126836e-06, |g|_inf=2.215102e-03, |delta_a|=2.829382e-06
[rank=21] Iter 33: J_model=3.9106932622e-06, |g|_inf=1.284779e-03, |delta_a|=1.047201e-04
[rank=21] Iter 34: J_model=3.8955496478e-06, |g|_inf=1.010477e-03, |delta_a|=5.150254e-05
[rank=21] Iter 35: J_model=3.8894660299e-06, |g|_inf=6.824658e-04, |delta_a|=4.649375e-05
[rank=21] Iter 36: J_model=3.8866687678e-06, |g|_inf=2.407430e-04, |delta_a|=1.858121e-05
[rank=21] Iter 37: J_model=3.8860154927e-06, |g|_inf=2.457819e-04, |delta_a|=3.707710e-06
[rank=21] Iter 38: J_model=3.8850664703e-06, |g|_inf=3.574698e-04, |delta_a|=6.842951e-06
[rank=21] Iter 39: J_model=3.8845388488e-06, |g|_inf=4.497646e-04, |delta_a|=3.375505e-05
[rank=21] Iter 40: J_model=3.8822823564e-06, |g|_inf=1.547558e-03, |delta_a|=4.071072e-05
[rank=21] Iter 41: J_model=3.8757081931e-06, |g|_inf=1.570206e-03, |delta_a|=9.993793e-05
[rank=21] Iter 42: J_model=3.8672666850e-06, |g|_inf=4.450374e-04, |delta_a|=3.503663e-05
[rank=21] Iter 43: J_model=3.8649348710e-06, |g|_inf=4.981230e-04, |delta_a|=2.192808e-05
[rank=21] Iter 44: J_model=3.8637935956e-06, |g|_inf=3.373662e-04, |delta_a|=7.074402e-06
[rank=21] Iter 45: J_model=3.8631491999e-06, |g|_inf=2.099778e-04, |delta_a|=5.916823e-06
[rank=21] Iter 46: J_model=3.8624881223e-06, |g|_inf=2.328628e-04, |delta_a|=4.194174e-06
[rank=21] Iter 47: J_model=3.8623579803e-06, |g|_inf=8.616887e-05, |delta_a|=2.126004e-06
[rank=21] Iter 48: J_model=3.8622410168e-06, |g|_inf=1.049960e-04, |delta_a|=1.705173e-06
[rank=21] Iter 49: J_model=3.8620482110e-06, |g|_inf=7.109242e-05, |delta_a|=2.969674e-06
[rank=21] Iter 50: J_model=3.8618486910e-06, |g|_inf=1.382118e-04, |delta_a|=5.362613e-06
[rank=21] Iter 51: J_model=3.8617953305e-06, |g|_inf=1.579842e-04, |delta_a|=4.675366e-06
[rank=21] Iter 52: J_model=3.8617124604e-06, |g|_inf=7.307984e-05, |delta_a|=8.432187e-07
[rank=21] Iter 53: J_model=3.8616695329e-06, |g|_inf=6.376661e-05, |delta_a|=1.014480e-06
[rank=21] Iter 54: J_model=3.8616252873e-06, |g|_inf=4.572763e-05, |delta_a|=1.975640e-06
[rank=21] Iter 55: J_model=3.8616136537e-06, |g|_inf=2.200935e-05, |delta_a|=7.221299e-07
[rank=21] Iter 56: J_model=3.8616030726e-06, |g|_inf=3.755237e-05, |delta_a|=5.823902e-07
[rank=21] Iter 57: J_model=3.8615845699e-06, |g|_inf=4.171274e-05, |delta_a|=1.536276e-06
[rank=21] Iter 58: J_model=3.8615762595e-06, |g|_inf=2.872093e-05, |delta_a|=1.241784e-06
[rank=21] Iter 59: J_model=3.8615641813e-06, |g|_inf=2.626251e-05, |delta_a|=1.340450e-06
[rank=21] Iter 60: J_model=3.8615610090e-06, |g|_inf=3.055319e-05, |delta_a|=1.025871e-06
[rank=21] Iter 61: J_model=3.8615597966e-06, |g|_inf=9.244722e-06, |delta_a|=1.162283e-07
[rank=21] Iter 62: J_model=3.8615595466e-06, |g|_inf=8.437800e-06, |delta_a|=2.148117e-07
[rank=21] Iter 63: J_model=3.8615593168e-06, |g|_inf=6.417972e-06, |delta_a|=5.260214e-08
[rank=21] Iter 64: J_model=3.8615583337e-06, |g|_inf=1.529017e-05, |delta_a|=4.675446e-07
[rank=21] Iter 65: J_model=3.8615575268e-06, |g|_inf=7.174950e-06, |delta_a|=4.409463e-07
[rank=21] Iter 66: J_model=3.8615561462e-06, |g|_inf=1.291253e-05, |delta_a|=5.011030e-07
[rank=21] Iter 67: J_model=3.8615546802e-06, |g|_inf=1.558649e-05, |delta_a|=4.191775e-07
[rank=21] Iter 68: J_model=3.8615535138e-06, |g|_inf=3.060297e-05, |delta_a|=5.113487e-07
[rank=21] Iter 69: J_model=3.8615507388e-06, |g|_inf=2.229232e-05, |delta_a|=6.199426e-07
[rank=21] Iter 70: J_model=3.8615488901e-06, |g|_inf=1.028361e-05, |delta_a|=5.761927e-07
[rank=21] Iter 71: J_model=3.8615475676e-06, |g|_inf=8.050798e-06, |delta_a|=7.443582e-07
[rank=21] Iter 72: J_model=3.8615468768e-06, |g|_inf=4.733234e-06, |delta_a|=1.996178e-07
[rank=21] Iter 73: J_model=3.8615462648e-06, |g|_inf=6.181772e-06, |delta_a|=2.270499e-07
[rank=21] Iter 74: J_model=3.8615461401e-06, |g|_inf=4.313947e-06, |delta_a|=2.283765e-07
[rank=21] Iter 75: J_model=3.8615456481e-06, |g|_inf=6.955618e-06, |delta_a|=2.990203e-07
[rank=21] Stop: ABNORMAL:  (steps=75)
rank= 21 | steps=75 | J_model=3.8615456481e-06 | J_ref=4.2237357204e-06 | ABNORMAL: 
