
--- 2026-09-24T23:37:56 | rank=50, k=10, grid=128x128, T=20, dt=0.005, method=L-BFGS-B, max_steps=200, tol=1e-15, gtol=1e-15, ftol=1e-14, maxcor=10, maxls=30 ---
[rank=50] Initial: J_model=4.3140981555e-03
[rank=50] Iter 1: J_model=5.3317434199e-04, |g|_inf=4.086710e-01, |delta_a|=2.921605e-02
[rank=50] Iter 2: J_model=1.2339001581e-04, |g|_inf=5.863080e-02, |delta_a|=1.535685e-03
[rank=50] Iter 3: J_model=1.0885518253e-04, |g|_inf=2.774110e-02, |delta_a|=2.472088e-04
[rank=50] Iter 4: J_model=1.0337687389e-04, |g|_inf=1.080685e-02, |delta_a|=2.866967e-04
[rank=50] Iter 5: J_model=1.0299586425e-04, |g|_inf=8.145264e-03, |delta_a|=7.540127e-05
[rank=50] Iter 6: J_model=1.0268741180e-04, |g|_inf=4.896885e-03, |delta_a|=2.854609e-05
[rank=50] Iter 7: J_model=1.0149115453e-04, |g|_inf=8.973594e-03, |delta_a|=1.711164e-04
[rank=50] Iter 8: J_model=9.9049827191e-05, |g|_inf=2.397851e-02, |delta_a|=4.541264e-04
[rank=50] Iter 9: J_model=9.3023088894e-05, |g|_inf=4.513434e-02, |delta_a|=1.300881e-03
[rank=50] Iter 10: J_model=8.2085152077e-05, |g|_inf=6.154854e-02, |delta_a|=2.732010e-03
[rank=50] Iter 11: J_model=7.0180236574e-05, |g|_inf=5.692604e-02, |delta_a|=3.703162e-03
[rank=50] Iter 12: J_model=6.7892438033e-05, |g|_inf=3.960326e-02, |delta_a|=8.794653e-04
[rank=50] Iter 13: J_model=6.3128115414e-05, |g|_inf=1.296592e-02, |delta_a|=1.074958e-03
[rank=50] Iter 14: J_model=6.1375967911e-05, |g|_inf=5.075773e-03, |delta_a|=2.083889e-04
[rank=50] Iter 15: J_model=6.0801241619e-05, |g|_inf=1.011248e-02, |delta_a|=2.314483e-04
[rank=50] Iter 16: J_model=5.9539894485e-05, |g|_inf=1.957204e-02, |delta_a|=3.169340e-04
[rank=50] Iter 17: J_model=5.6009455599e-05, |g|_inf=3.593367e-02, |delta_a|=9.538909e-04
[rank=50] Iter 18: J_model=4.8848591611e-05, |g|_inf=5.017049e-02, |delta_a|=2.070183e-03
[rank=50] Iter 19: J_model=3.1306437810e-05, |g|_inf=5.396004e-02, |delta_a|=6.514723e-03
[rank=50] Iter 20: J_model=3.0157972334e-05, |g|_inf=6.895128e-02, |delta_a|=7.320170e-04
[rank=50] Iter 21: J_model=2.3650880026e-05, |g|_inf=6.584076e-02, |delta_a|=4.221758e-03
[rank=50] Iter 22: J_model=2.0575133651e-05, |g|_inf=4.868553e-02, |delta_a|=2.357701e-03
[rank=50] Iter 23: J_model=1.8080150112e-05, |g|_inf=1.863254e-02, |delta_a|=1.809588e-03
[rank=50] Iter 24: J_model=1.6028547294e-05, |g|_inf=1.073151e-02, |delta_a|=1.201267e-03
[rank=50] Iter 25: J_model=1.5455358567e-05, |g|_inf=3.477006e-03, |delta_a|=7.565918e-04
[rank=50] Iter 26: J_model=1.5351930301e-05, |g|_inf=3.403290e-03, |delta_a|=3.239547e-04
[rank=50] Iter 27: J_model=1.5299547627e-05, |g|_inf=3.367438e-03, |delta_a|=5.656115e-05
[rank=50] Iter 28: J_model=1.5220108321e-05, |g|_inf=4.191025e-03, |delta_a|=1.274219e-04
[rank=50] Iter 29: J_model=1.5005240129e-05, |g|_inf=6.143517e-03, |delta_a|=2.985060e-04
[rank=50] Iter 30: J_model=1.4435950752e-05, |g|_inf=1.092913e-02, |delta_a|=3.844431e-04
[rank=50] Iter 31: J_model=1.3177812642e-05, |g|_inf=1.487965e-02, |delta_a|=7.626219e-04
[rank=50] Iter 32: J_model=1.0468927477e-05, |g|_inf=2.376152e-02, |delta_a|=2.469454e-03
[rank=50] Iter 33: J_model=8.6271341051e-06, |g|_inf=1.513670e-02, |delta_a|=1.927454e-03
[rank=50] Iter 34: J_model=7.3289164680e-06, |g|_inf=9.528867e-03, |delta_a|=7.761376e-04
[rank=50] Iter 35: J_model=6.9231613306e-06, |g|_inf=6.097848e-03, |delta_a|=1.000188e-03
[rank=50] Iter 36: J_model=6.7399913304e-06, |g|_inf=3.334509e-03, |delta_a|=6.577751e-04
[rank=50] Iter 37: J_model=6.6912038804e-06, |g|_inf=3.177537e-03, |delta_a|=3.449505e-04
[rank=50] Iter 38: J_model=6.6585953769e-06, |g|_inf=9.974377e-04, |delta_a|=1.108742e-04
[rank=50] Iter 39: J_model=6.6498628975e-06, |g|_inf=1.083555e-03, |delta_a|=1.347478e-04
[rank=50] Iter 40: J_model=6.6067191011e-06, |g|_inf=1.720523e-03, |delta_a|=6.360311e-05
[rank=50] Iter 41: J_model=6.4045892501e-06, |g|_inf=5.326558e-03, |delta_a|=3.821256e-04
[rank=50] Iter 42: J_model=6.1616726591e-06, |g|_inf=6.979742e-03, |delta_a|=4.210443e-04
[rank=50] Iter 43: J_model=5.7638437865e-06, |g|_inf=6.741091e-03, |delta_a|=5.691351e-04
[rank=50] Iter 44: J_model=5.3940574024e-06, |g|_inf=5.434625e-03, |delta_a|=7.806958e-04
[rank=50] Iter 45: J_model=5.2550993279e-06, |g|_inf=2.766841e-03, |delta_a|=5.670341e-04
[rank=50] Iter 46: J_model=5.1020862088e-06, |g|_inf=2.099404e-03, |delta_a|=4.154805e-04
[rank=50] Iter 47: J_model=4.9903018940e-06, |g|_inf=3.578250e-03, |delta_a|=5.275226e-04
[rank=50] Iter 48: J_model=4.8937596764e-06, |g|_inf=2.804209e-03, |delta_a|=1.682917e-04
[rank=50] Iter 49: J_model=4.7585984356e-06, |g|_inf=6.135133e-03, |delta_a|=1.060633e-03
[rank=50] Iter 50: J_model=4.5045477673e-06, |g|_inf=4.054596e-03, |delta_a|=4.863616e-04
[rank=50] Iter 51: J_model=4.3573416758e-06, |g|_inf=1.907931e-03, |delta_a|=3.235957e-04
[rank=50] Iter 52: J_model=4.3403466031e-06, |g|_inf=2.848161e-03, |delta_a|=1.728943e-04
[rank=50] Iter 53: J_model=4.3152042618e-06, |g|_inf=3.763780e-03, |delta_a|=5.057413e-04
[rank=50] Iter 54: J_model=4.2591788105e-06, |g|_inf=1.427381e-03, |delta_a|=4.420370e-05
[rank=50] Iter 55: J_model=4.2568640843e-06, |g|_inf=3.801894e-04, |delta_a|=3.860092e-05
[rank=50] Iter 56: J_model=4.2542010497e-06, |g|_inf=8.486612e-04, |delta_a|=7.544245e-05
[rank=50] Iter 57: J_model=4.2514015956e-06, |g|_inf=2.075109e-03, |delta_a|=9.886953e-05
[rank=50] Iter 58: J_model=4.2510067817e-06, |g|_inf=9.718579e-04, |delta_a|=4.230967e-05
[rank=50] Iter 59: J_model=4.2484781788e-06, |g|_inf=3.235766e-04, |delta_a|=4.314388e-05
[rank=50] Iter 60: J_model=4.2476081100e-06, |g|_inf=1.116360e-03, |delta_a|=1.135182e-04
[rank=50] Iter 61: J_model=4.2465084242e-06, |g|_inf=1.129068e-03, |delta_a|=6.232678e-05
[rank=50] Iter 62: J_model=4.2459855277e-06, |g|_inf=7.279040e-04, |delta_a|=5.276456e-05
[rank=50] Iter 63: J_model=4.2451005158e-06, |g|_inf=6.901234e-04, |delta_a|=5.540910e-05
[rank=50] Iter 64: J_model=4.2440441145e-06, |g|_inf=4.279902e-04, |delta_a|=6.577727e-05
[rank=50] Iter 65: J_model=4.2431742339e-06, |g|_inf=1.033080e-03, |delta_a|=1.609326e-05
[rank=50] Iter 66: J_model=4.2428560897e-06, |g|_inf=6.230777e-04, |delta_a|=2.408654e-06
[rank=50] Iter 67: J_model=4.2428442625e-06, |g|_inf=3.274938e-04, |delta_a|=1.922048e-16
[rank=50] Iter 68: J_model=4.2428357527e-06, |g|_inf=5.862642e-04, |delta_a|=2.577823e-08
[rank=50] Iter 69: J_model=4.2428033902e-06, |g|_inf=7.161016e-04, |delta_a|=2.635248e-07
[rank=50] Iter 70: J_model=4.2427896155e-06, |g|_inf=7.031506e-04, |delta_a|=3.300574e-08
[rank=50] Iter 71: J_model=4.2427208930e-06, |g|_inf=8.149251e-04, |delta_a|=1.266916e-10
[rank=50] Stop: ABNORMAL:  (steps=71)
rank= 50 | steps=71 | J_model=4.2427208930e-06 | J_ref=4.2570414435e-06 | ABNORMAL: 
