
--- 2026-09-24T18:20:26 | rank=28, k=10, grid=128x128, T=20, dt=0.005, method=L-BFGS-B, max_steps=200, tol=1e-15, gtol=1e-15, ftol=1e-14, maxcor=10, maxls=30 ---
[rank=28] Initial: J_model=4.3054925512e-03
[rank=28] Iter 1: J_model=3.2245542079e-04, |g|_inf=3.179535e-01, |delta_a|=3.399813e-02
[rank=28] Iter 2: J_model=1.6657975160e-04, |g|_inf=7.013071e-02, |delta_a|=7.629628e-04
[rank=28] Iter 3: J_model=1.4981571427e-04, |g|_inf=2.279405e-02, |delta_a|=3.155756e-04
[rank=28] Iter 4: J_model=1.4648096517e-04, |g|_inf=1.047110e-02, |delta_a|=1.553673e-04
[rank=28] Iter 5: J_model=1.4505745794e-04, |g|_inf=8.590645e-03, |delta_a|=1.415542e-04
[rank=28] Iter 6: J_model=1.4420966931e-04, |g|_inf=8.318156e-03, |delta_a|=1.053384e-04
[rank=28] Iter 7: J_model=1.3867683267e-04, |g|_inf=1.993900e-02, |delta_a|=8.552100e-04
[rank=28] Iter 8: J_model=1.3071319895e-04, |g|_inf=4.897956e-02, |delta_a|=1.482626e-03
[rank=28] Iter 9: J_model=1.2522796199e-04, |g|_inf=4.885019e-02, |delta_a|=2.893457e-03
[rank=28] Iter 10: J_model=1.1496504472e-04, |g|_inf=3.573728e-02, |delta_a|=1.325556e-03
[rank=28] Iter 11: J_model=1.1028660417e-04, |g|_inf=1.725128e-02, |delta_a|=9.073219e-04
[rank=28] Iter 12: J_model=1.0894277392e-04, |g|_inf=1.556756e-02, |delta_a|=3.140154e-04
[rank=28] Iter 13: J_model=1.0813021458e-04, |g|_inf=1.056453e-02, |delta_a|=2.445552e-04
[rank=28] Iter 14: J_model=1.0691748073e-04, |g|_inf=6.901054e-03, |delta_a|=2.019200e-04
[rank=28] Iter 15: J_model=1.0609624733e-04, |g|_inf=8.369655e-03, |delta_a|=3.021142e-04
[rank=28] Iter 16: J_model=1.0486634780e-04, |g|_inf=1.668175e-02, |delta_a|=5.638098e-04
[rank=28] Iter 17: J_model=1.0266973644e-04, |g|_inf=2.313913e-02, |delta_a|=8.917918e-04
[rank=28] Iter 18: J_model=9.6133750793e-05, |g|_inf=3.692933e-02, |delta_a|=2.246027e-03
[rank=28] Iter 19: J_model=8.1198865287e-05, |g|_inf=5.054972e-02, |delta_a|=4.718872e-03
[rank=28] Iter 20: J_model=5.1286151906e-05, |g|_inf=6.615884e-02, |delta_a|=9.945241e-03
[rank=28] Iter 21: J_model=1.5815730858e-05, |g|_inf=3.719874e-02, |delta_a|=1.140760e-02
[rank=28] Iter 22: J_model=5.9490209662e-06, |g|_inf=1.188881e-02, |delta_a|=3.033618e-03
[rank=28] Iter 23: J_model=5.1420889132e-06, |g|_inf=1.252382e-02, |delta_a|=4.520825e-04
[rank=28] Iter 24: J_model=4.9178231888e-06, |g|_inf=1.522172e-02, |delta_a|=5.074844e-04
[rank=28] Iter 25: J_model=4.8944486745e-06, |g|_inf=1.174498e-02, |delta_a|=1.034794e-03
[rank=28] Iter 26: J_model=4.6221322853e-06, |g|_inf=4.386215e-03, |delta_a|=1.681700e-04
[rank=28] Iter 27: J_model=4.4739324312e-06, |g|_inf=2.183772e-03, |delta_a|=3.902171e-04
[rank=28] Iter 28: J_model=4.3575554598e-06, |g|_inf=2.337531e-03, |delta_a|=7.542335e-04
[rank=28] Iter 29: J_model=4.3473674047e-06, |g|_inf=2.341123e-03, |delta_a|=9.641613e-05
[rank=28] Iter 30: J_model=4.3285193056e-06, |g|_inf=1.542166e-03, |delta_a|=4.755488e-05
[rank=28] Iter 31: J_model=4.3272870294e-06, |g|_inf=1.464753e-03, |delta_a|=2.624537e-05
[rank=28] Iter 32: J_model=4.3244152095e-06, |g|_inf=7.879302e-04, |delta_a|=2.700029e-05
[rank=28] Iter 33: J_model=4.3242517747e-06, |g|_inf=8.953544e-04, |delta_a|=6.035990e-05
[rank=28] Iter 34: J_model=4.3116354557e-06, |g|_inf=8.465604e-04, |delta_a|=4.169788e-05
[rank=28] Iter 35: J_model=4.3059059464e-06, |g|_inf=2.549849e-03, |delta_a|=2.234813e-04
[rank=28] Iter 36: J_model=4.2799486685e-06, |g|_inf=1.068110e-03, |delta_a|=6.142679e-05
[rank=28] Iter 37: J_model=4.2707650250e-06, |g|_inf=7.786295e-04, |delta_a|=3.008240e-05
[rank=28] Iter 38: J_model=4.2532653206e-06, |g|_inf=5.062554e-03, |delta_a|=1.090969e-04
[rank=28] Iter 39: J_model=4.2487301964e-06, |g|_inf=1.774361e-03, |delta_a|=7.092604e-06
[rank=28] Iter 40: J_model=4.2442027133e-06, |g|_inf=7.470730e-04, |delta_a|=3.363463e-06
[rank=28] Iter 41: J_model=4.2417511292e-06, |g|_inf=6.172223e-04, |delta_a|=2.563891e-06
[rank=28] Iter 42: J_model=4.2397431764e-06, |g|_inf=1.335313e-03, |delta_a|=9.313948e-06
[rank=28] Iter 43: J_model=4.2360105521e-06, |g|_inf=4.965928e-04, |delta_a|=3.642580e-06
[rank=28] Iter 44: J_model=4.2354416614e-06, |g|_inf=4.382636e-04, |delta_a|=1.312084e-06
[rank=28] Iter 45: J_model=4.2350430207e-06, |g|_inf=8.083921e-04, |delta_a|=2.005680e-06
[rank=28] Iter 46: J_model=4.2342387950e-06, |g|_inf=1.396313e-03, |delta_a|=2.041552e-06
[rank=28] Iter 47: J_model=4.2324532942e-06, |g|_inf=1.165290e-03, |delta_a|=1.267953e-05
[rank=28] Iter 48: J_model=4.2308663905e-06, |g|_inf=1.344083e-03, |delta_a|=8.999615e-06
[rank=28] Iter 49: J_model=4.2266210752e-06, |g|_inf=1.090837e-03, |delta_a|=8.732124e-06
[rank=28] Iter 50: J_model=4.2222918387e-06, |g|_inf=2.299240e-03, |delta_a|=1.200316e-05
[rank=28] Iter 51: J_model=4.2204239293e-06, |g|_inf=1.224126e-03, |delta_a|=2.774353e-06
[rank=28] Iter 52: J_model=4.2086456791e-06, |g|_inf=1.820180e-03, |delta_a|=4.125940e-05
[rank=28] Iter 53: J_model=4.2003111946e-06, |g|_inf=1.926067e-03, |delta_a|=4.691449e-05
[rank=28] Iter 54: J_model=4.1966062033e-06, |g|_inf=2.500716e-03, |delta_a|=9.383504e-05
[rank=28] Iter 55: J_model=4.1862525120e-06, |g|_inf=2.873058e-03, |delta_a|=9.982365e-06
[rank=28] Iter 56: J_model=4.1818857607e-06, |g|_inf=2.543530e-03, |delta_a|=4.391922e-06
[rank=28] Iter 57: J_model=4.1736663832e-06, |g|_inf=2.800768e-03, |delta_a|=4.511026e-05
[rank=28] Iter 58: J_model=4.1125643992e-06, |g|_inf=4.479446e-03, |delta_a|=3.680680e-04
[rank=28] Iter 59: J_model=4.0327269615e-06, |g|_inf=4.640009e-03, |delta_a|=1.769015e-04
[rank=28] Iter 60: J_model=4.0234288419e-06, |g|_inf=2.070716e-03, |delta_a|=3.066459e-05
[rank=28] Iter 61: J_model=4.0232735520e-06, |g|_inf=1.606731e-03, |delta_a|=8.844737e-05
[rank=28] Iter 62: J_model=4.0227049353e-06, |g|_inf=5.843746e-03, |delta_a|=2.439022e-05
[rank=28] Iter 63: J_model=4.0224712360e-06, |g|_inf=5.482204e-03, |delta_a|=2.037416e-07
[rank=28] Iter 64: J_model=4.0152290850e-06, |g|_inf=4.222880e-03, |delta_a|=9.980298e-06
[rank=28] Iter 65: J_model=4.0148331490e-06, |g|_inf=8.114469e-04, |delta_a|=1.744719e-06
[rank=28] Iter 66: J_model=4.0128386184e-06, |g|_inf=9.078181e-04, |delta_a|=1.246845e-05
[rank=28] Iter 67: J_model=4.0113752710e-06, |g|_inf=7.910603e-04, |delta_a|=5.724844e-06
[rank=28] Iter 68: J_model=4.0109465100e-06, |g|_inf=5.590129e-04, |delta_a|=5.220050e-06
[rank=28] Iter 69: J_model=4.0103263848e-06, |g|_inf=9.289682e-04, |delta_a|=3.578317e-06
[rank=28] Iter 70: J_model=4.0101250066e-06, |g|_inf=1.149909e-03, |delta_a|=4.094715e-06
[rank=28] Iter 71: J_model=4.0091319680e-06, |g|_inf=4.732836e-04, |delta_a|=1.970301e-06
[rank=28] Iter 72: J_model=4.0083805730e-06, |g|_inf=6.497101e-04, |delta_a|=2.124102e-06
[rank=28] Iter 73: J_model=4.0083557812e-06, |g|_inf=6.047666e-04, |delta_a|=7.922402e-10
[rank=28] Iter 74: J_model=4.0081892611e-06, |g|_inf=3.484650e-03, |delta_a|=5.639357e-06
[rank=28] Iter 75: J_model=4.0081472167e-06, |g|_inf=3.411331e-03, |delta_a|=8.516992e-08
[rank=28] Iter 76: J_model=4.0073989071e-06, |g|_inf=1.107098e-02, |delta_a|=2.724065e-19
[rank=28] Iter 77: J_model=4.0072406856e-06, |g|_inf=1.055318e-03, |delta_a|=2.326509e-06
[rank=28] Iter 78: J_model=4.0071857814e-06, |g|_inf=1.726231e-03, |delta_a|=2.709358e-07
[rank=28] Iter 79: J_model=4.0070526683e-06, |g|_inf=5.028273e-04, |delta_a|=1.151025e-07
[rank=28] Iter 80: J_model=4.0070187940e-06, |g|_inf=3.568804e-04, |delta_a|=2.636661e-08
[rank=28] Iter 81: J_model=4.0069450734e-06, |g|_inf=1.472591e-03, |delta_a|=2.188327e-07
[rank=28] Iter 82: J_model=4.0069210363e-06, |g|_inf=5.920285e-04, |delta_a|=8.371454e-08
[rank=28] Iter 83: J_model=4.0067885202e-06, |g|_inf=3.871653e-04, |delta_a|=4.061101e-07
[rank=28] Iter 84: J_model=4.0061238042e-06, |g|_inf=9.085373e-04, |delta_a|=2.985962e-06
[rank=28] Iter 85: J_model=4.0060810344e-06, |g|_inf=5.774947e-04, |delta_a|=1.529204e-07
[rank=28] Iter 86: J_model=4.0060178765e-06, |g|_inf=1.286867e-03, |delta_a|=4.514354e-07
[rank=28] Iter 87: J_model=4.0055132951e-06, |g|_inf=4.136780e-03, |delta_a|=1.929988e-06
[rank=28] Iter 88: J_model=4.0053460825e-06, |g|_inf=4.147317e-04, |delta_a|=2.439424e-07
[rank=28] Iter 89: J_model=4.0053341071e-06, |g|_inf=5.415262e-04, |delta_a|=5.593470e-09
[rank=28] Iter 90: J_model=4.0053226051e-06, |g|_inf=7.392217e-04, |delta_a|=5.738346e-08
[rank=28] Iter 91: J_model=4.0052402877e-06, |g|_inf=5.946238e-04, |delta_a|=4.062687e-07
[rank=28] Iter 92: J_model=4.0052365903e-06, |g|_inf=1.888573e-03, |delta_a|=3.853890e-07
[rank=28] Iter 93: J_model=4.0051924154e-06, |g|_inf=1.236406e-03, |delta_a|=8.217787e-17
[rank=28] Iter 94: J_model=4.0051501717e-06, |g|_inf=3.799593e-04, |delta_a|=4.313092e-08
[rank=28] Iter 95: J_model=4.0051328612e-06, |g|_inf=3.156684e-04, |delta_a|=3.898219e-08
[rank=28] Iter 96: J_model=4.0051211389e-06, |g|_inf=8.259028e-04, |delta_a|=6.978354e-08
[rank=28] Iter 97: J_model=4.0051107581e-06, |g|_inf=3.979091e-04, |delta_a|=2.109101e-09
[rank=28] Iter 98: J_model=4.0050584485e-06, |g|_inf=3.953447e-04, |delta_a|=1.854461e-07
[rank=28] Iter 99: J_model=4.0049495444e-06, |g|_inf=5.914170e-04, |delta_a|=4.687453e-07
[rank=28] Iter 100: J_model=4.0049425578e-06, |g|_inf=7.678633e-04, |delta_a|=7.343788e-09
[rank=28] Iter 101: J_model=4.0049397256e-06, |g|_inf=6.145659e-04, |delta_a|=7.198228e-08
[rank=28] Iter 102: J_model=4.0049149996e-06, |g|_inf=5.050616e-04, |delta_a|=1.172076e-08
[rank=28] Iter 103: J_model=4.0049147506e-06, |g|_inf=5.119076e-04, |delta_a|=1.039100e-09
[rank=28] Iter 104: J_model=4.0049143570e-06, |g|_inf=4.965921e-04, |delta_a|=1.011187e-20
[rank=28] Iter 105: J_model=4.0049114188e-06, |g|_inf=1.442753e-03, |delta_a|=3.001267e-07
[rank=28] Iter 106: J_model=4.0048972310e-06, |g|_inf=1.152324e-03, |delta_a|=7.360853e-20
[rank=28] Iter 107: J_model=4.0048964072e-06, |g|_inf=1.184512e-03, |delta_a|=8.360178e-08
[rank=28] Iter 108: J_model=4.0048682714e-06, |g|_inf=6.800449e-04, |delta_a|=1.685181e-07
[rank=28] Iter 109: J_model=4.0048010766e-06, |g|_inf=1.029384e-03, |delta_a|=6.162932e-07
[rank=28] Iter 110: J_model=4.0047918839e-06, |g|_inf=1.008477e-03, |delta_a|=1.860124e-08
[rank=28] Iter 111: J_model=4.0047701837e-06, |g|_inf=7.100321e-04, |delta_a|=9.067333e-08
[rank=28] Iter 112: J_model=4.0047617360e-06, |g|_inf=1.640655e-04, |delta_a|=2.346078e-13
[rank=28] Iter 113: J_model=4.0047531613e-06, |g|_inf=3.494731e-04, |delta_a|=2.102000e-07
[rank=28] Iter 114: J_model=4.0047365567e-06, |g|_inf=3.732441e-04, |delta_a|=1.654667e-07
[rank=28] Iter 115: J_model=4.0046294833e-06, |g|_inf=7.352032e-04, |delta_a|=7.711032e-07
[rank=28] Iter 116: J_model=4.0043846398e-06, |g|_inf=1.318946e-03, |delta_a|=2.894490e-06
[rank=28] Iter 117: J_model=4.0039237561e-06, |g|_inf=7.414999e-04, |delta_a|=4.877481e-06
[rank=28] Stop: ABNORMAL:  (steps=117)
rank= 28 | steps=117 | J_model=4.0039237561e-06 | J_ref=4.2465333064e-06 | ABNORMAL: 
