
--- 2026-09-24T08:18:55 | rank=4, k=10, grid=128x128, T=20, dt=0.005, method=L-BFGS-B, max_steps=200, tol=1e-15, gtol=1e-15, ftol=1e-14, maxcor=10, maxls=30 ---
[rank=4] Initial: J_model=4.4196410030e-03
[rank=4] Iter 1: J_model=5.6606911912e-06, |g|_inf=3.876302e-02, |delta_a|=5.151466e-03
[rank=4] Iter 2: J_model=3.6499273416e-06, |g|_inf=5.154651e-03, |delta_a|=1.140210e-04
[rank=4] Iter 3: J_model=3.6167107556e-06, |g|_inf=6.102857e-04, |delta_a|=1.388313e-05
[rank=4] Iter 4: J_model=3.6154833853e-06, |g|_inf=4.144315e-04, |delta_a|=1.850135e-06
[rank=4] Iter 5: J_model=3.6137072032e-06, |g|_inf=4.788753e-04, |delta_a|=3.743319e-06
[rank=4] Iter 6: J_model=3.6082614403e-06, |g|_inf=1.623038e-03, |delta_a|=1.455235e-05
[rank=4] Iter 7: J_model=3.5987587424e-06, |g|_inf=3.169007e-03, |delta_a|=3.027139e-05
[rank=4] Iter 8: J_model=3.5804662140e-06, |g|_inf=4.653635e-03, |delta_a|=5.455139e-05
[rank=4] Iter 9: J_model=3.5628863192e-06, |g|_inf=4.856860e-03, |delta_a|=4.582982e-05
[rank=4] Iter 10: J_model=3.4461256431e-06, |g|_inf=6.161232e-03, |delta_a|=1.166726e-04
[rank=4] Iter 11: J_model=3.4143271331e-06, |g|_inf=3.682093e-03, |delta_a|=9.032233e-06
[rank=4] Iter 12: J_model=3.3603884556e-06, |g|_inf=3.335782e-03, |delta_a|=2.803929e-05
[rank=4] Iter 13: J_model=3.2885888322e-06, |g|_inf=8.491286e-03, |delta_a|=6.758471e-05
[rank=4] Iter 14: J_model=3.2726444446e-06, |g|_inf=4.967464e-03, |delta_a|=1.736716e-05
[rank=4] Iter 15: J_model=3.2152412673e-06, |g|_inf=2.314891e-03, |delta_a|=2.089215e-05
[rank=4] Iter 16: J_model=3.1919670468e-06, |g|_inf=1.406955e-03, |delta_a|=1.731083e-05
[rank=4] Iter 17: J_model=3.1684295930e-06, |g|_inf=2.560313e-03, |delta_a|=2.467937e-05
[rank=4] Iter 18: J_model=3.1138274305e-06, |g|_inf=2.486804e-03, |delta_a|=5.087669e-05
[rank=4] Iter 19: J_model=3.0787147328e-06, |g|_inf=8.268712e-03, |delta_a|=4.627727e-05
[rank=4] Iter 20: J_model=3.0389273644e-06, |g|_inf=1.467131e-02, |delta_a|=6.375841e-05
[rank=4] Iter 21: J_model=3.0302136350e-06, |g|_inf=6.053869e-03, |delta_a|=1.559473e-05
[rank=4] Iter 22: J_model=2.9884127990e-06, |g|_inf=6.210741e-03, |delta_a|=1.703106e-05
[rank=4] Iter 23: J_model=2.9560269844e-06, |g|_inf=5.155447e-03, |delta_a|=2.005070e-05
[rank=4] Iter 24: J_model=2.9518312029e-06, |g|_inf=7.313514e-03, |delta_a|=4.887592e-06
[rank=4] Iter 25: J_model=2.9444893988e-06, |g|_inf=3.372628e-03, |delta_a|=7.880016e-06
[rank=4] Iter 26: J_model=2.9358228744e-06, |g|_inf=6.242610e-03, |delta_a|=1.443716e-05
[rank=4] Iter 27: J_model=2.9184979786e-06, |g|_inf=3.657923e-02, |delta_a|=3.399300e-05
[rank=4] Iter 28: J_model=2.8877291291e-06, |g|_inf=2.731332e-02, |delta_a|=1.923422e-05
[rank=4] Iter 29: J_model=2.8701129216e-06, |g|_inf=5.929058e-03, |delta_a|=2.037445e-05
[rank=4] Iter 30: J_model=2.8659127577e-06, |g|_inf=2.578179e-02, |delta_a|=1.174960e-05
[rank=4] Iter 31: J_model=2.8544958600e-06, |g|_inf=1.029831e-02, |delta_a|=1.429762e-05
[rank=4] Iter 32: J_model=2.8449105704e-06, |g|_inf=3.974147e-02, |delta_a|=2.056429e-05
[rank=4] Iter 33: J_model=2.8161925057e-06, |g|_inf=1.721971e-02, |delta_a|=2.593932e-05
[rank=4] Iter 34: J_model=2.7796350559e-06, |g|_inf=2.240732e-02, |delta_a|=3.089979e-05
[rank=4] Iter 35: J_model=2.7710995620e-06, |g|_inf=5.683642e-03, |delta_a|=1.043262e-05
[rank=4] Iter 36: J_model=2.7551996447e-06, |g|_inf=1.128698e-01, |delta_a|=4.802438e-05
[rank=4] Iter 37: J_model=2.7458900342e-06, |g|_inf=7.656585e-02, |delta_a|=9.448061e-06
[rank=4] Iter 38: J_model=2.7414986052e-06, |g|_inf=3.538366e-02, |delta_a|=1.676556e-05
[rank=4] Iter 39: J_model=2.7402947634e-06, |g|_inf=1.034170e-02, |delta_a|=8.717224e-06
[rank=4] Iter 40: J_model=2.7391587777e-06, |g|_inf=2.945907e-03, |delta_a|=1.835418e-06
[rank=4] Iter 41: J_model=2.7362120850e-06, |g|_inf=5.007910e-02, |delta_a|=1.083320e-05
[rank=4] Iter 42: J_model=2.7344229156e-06, |g|_inf=3.753156e-02, |delta_a|=4.654693e-06
[rank=4] Iter 43: J_model=2.7324604859e-06, |g|_inf=2.176323e-02, |delta_a|=7.127482e-06
[rank=4] Iter 44: J_model=2.7290641869e-06, |g|_inf=4.081992e-02, |delta_a|=2.717132e-05
[rank=4] Iter 45: J_model=2.7288008200e-06, |g|_inf=9.982723e-03, |delta_a|=3.099398e-06
[rank=4] Iter 46: J_model=2.7286474253e-06, |g|_inf=4.823909e-03, |delta_a|=4.314336e-06
[rank=4] Iter 47: J_model=2.7283506320e-06, |g|_inf=5.975059e-03, |delta_a|=4.114496e-06
[rank=4] Iter 48: J_model=2.7270288139e-06, |g|_inf=4.485102e-03, |delta_a|=7.644998e-06
[rank=4] Iter 49: J_model=2.7251455861e-06, |g|_inf=5.612154e-02, |delta_a|=1.074581e-05
[rank=4] Iter 50: J_model=2.7227052181e-06, |g|_inf=2.359310e-02, |delta_a|=8.423766e-06
[rank=4] Iter 51: J_model=2.7198406937e-06, |g|_inf=8.420822e-02, |delta_a|=7.057266e-06
[rank=4] Iter 52: J_model=2.7107641424e-06, |g|_inf=5.381587e-02, |delta_a|=2.053756e-05
[rank=4] Iter 53: J_model=2.7096816962e-06, |g|_inf=1.752176e-02, |delta_a|=3.020249e-06
[rank=4] Iter 54: J_model=2.7091903190e-06, |g|_inf=1.032174e-02, |delta_a|=4.247329e-06
[rank=4] Iter 55: J_model=2.7090397782e-06, |g|_inf=2.134931e-03, |delta_a|=3.057952e-06
[rank=4] Iter 56: J_model=2.7089875233e-06, |g|_inf=2.249533e-03, |delta_a|=3.108275e-06
[rank=4] Iter 57: J_model=2.7089554955e-06, |g|_inf=2.703071e-03, |delta_a|=3.671398e-07
[rank=4] Iter 58: J_model=2.7088222313e-06, |g|_inf=8.911848e-03, |delta_a|=2.205258e-06
[rank=4] Iter 59: J_model=2.7087340573e-06, |g|_inf=2.263517e-03, |delta_a|=1.856748e-06
[rank=4] Iter 60: J_model=2.7086936189e-06, |g|_inf=4.332287e-03, |delta_a|=9.568761e-07
[rank=4] Iter 61: J_model=2.7086306981e-06, |g|_inf=5.169094e-04, |delta_a|=6.605837e-07
[rank=4] Iter 62: J_model=2.7084671633e-06, |g|_inf=4.976170e-03, |delta_a|=9.216412e-07
[rank=4] Iter 63: J_model=2.7079999053e-06, |g|_inf=5.888466e-03, |delta_a|=1.923780e-06
[rank=4] Iter 64: J_model=2.7079310036e-06, |g|_inf=2.338288e-03, |delta_a|=1.028746e-06
[rank=4] Iter 65: J_model=2.7064647435e-06, |g|_inf=1.351737e-02, |delta_a|=6.337750e-06
[rank=4] Iter 66: J_model=2.7055052327e-06, |g|_inf=3.992485e-02, |delta_a|=5.984704e-06
[rank=4] Iter 67: J_model=2.7044448334e-06, |g|_inf=6.718261e-02, |delta_a|=7.342714e-06
[rank=4] Iter 68: J_model=2.7014553729e-06, |g|_inf=7.903502e-02, |delta_a|=1.712602e-05
[rank=4] Iter 69: J_model=2.6978539115e-06, |g|_inf=3.814120e-02, |delta_a|=2.099017e-05
[rank=4] Iter 70: J_model=2.6971060757e-06, |g|_inf=1.290291e-01, |delta_a|=1.103133e-05
[rank=4] Iter 71: J_model=2.6897020357e-06, |g|_inf=1.599320e-01, |delta_a|=4.739852e-05
[rank=4] Iter 72: J_model=2.6877894164e-06, |g|_inf=1.360937e-01, |delta_a|=9.265491e-06
[rank=4] Iter 73: J_model=2.6767999064e-06, |g|_inf=2.474425e-01, |delta_a|=5.907773e-05
[rank=4] Iter 74: J_model=2.6748473424e-06, |g|_inf=1.296866e-01, |delta_a|=3.435581e-06
[rank=4] Iter 75: J_model=2.6587507067e-06, |g|_inf=5.856019e-01, |delta_a|=3.708463e-05
[rank=4] Iter 76: J_model=2.6564259165e-06, |g|_inf=2.793984e-01, |delta_a|=4.461096e-06
[rank=4] Iter 77: J_model=2.6552550269e-06, |g|_inf=9.182641e-02, |delta_a|=3.777398e-06
[rank=4] Iter 78: J_model=2.6499145255e-06, |g|_inf=7.098007e-02, |delta_a|=9.122851e-06
[rank=4] Iter 79: J_model=2.6478058605e-06, |g|_inf=3.230482e-01, |delta_a|=4.100925e-06
[rank=4] Iter 80: J_model=2.6428225444e-06, |g|_inf=5.736716e-02, |delta_a|=1.294926e-05
[rank=4] Iter 81: J_model=2.6387936941e-06, |g|_inf=4.698591e-01, |delta_a|=1.240459e-05
[rank=4] Iter 82: J_model=2.6371425084e-06, |g|_inf=2.417490e-01, |delta_a|=4.324945e-06
[rank=4] Iter 83: J_model=2.6358022369e-06, |g|_inf=4.594166e-01, |delta_a|=4.052895e-06
[rank=4] Iter 84: J_model=2.6310198585e-06, |g|_inf=2.336745e+00, |delta_a|=1.777501e-05
[rank=4] Iter 85: J_model=2.6196244043e-06, |g|_inf=1.163907e+00, |delta_a|=1.825581e-05
[rank=4] Iter 86: J_model=2.6172862800e-06, |g|_inf=2.177151e+00, |delta_a|=6.756452e-06
[rank=4] Iter 87: J_model=2.6128824232e-06, |g|_inf=1.182707e+00, |delta_a|=4.677762e-06
[rank=4] Iter 88: J_model=2.6099262141e-06, |g|_inf=3.096102e+00, |delta_a|=6.967137e-06
[rank=4] Iter 89: J_model=2.6032169705e-06, |g|_inf=2.402589e+00, |delta_a|=2.260684e-05
[rank=4] Iter 90: J_model=2.6026194964e-06, |g|_inf=5.512347e-01, |delta_a|=4.539668e-07
[rank=4] Iter 91: J_model=2.6014178778e-06, |g|_inf=4.559006e-01, |delta_a|=3.000522e-06
[rank=4] Iter 92: J_model=2.6006047552e-06, |g|_inf=3.311116e-01, |delta_a|=1.097870e-06
[rank=4] Iter 93: J_model=2.5983455379e-06, |g|_inf=9.440040e-01, |delta_a|=4.644960e-06
[rank=4] Iter 94: J_model=2.5919276251e-06, |g|_inf=4.321476e-01, |delta_a|=1.875067e-05
[rank=4] Iter 95: J_model=2.5913829229e-06, |g|_inf=2.114908e-01, |delta_a|=1.752606e-06
[rank=4] Iter 96: J_model=2.5910585914e-06, |g|_inf=4.806842e-01, |delta_a|=1.112552e-06
[rank=4] Iter 97: J_model=2.5907503600e-06, |g|_inf=3.581899e+00, |delta_a|=2.387925e-06
[rank=4] Iter 98: J_model=2.5893758335e-06, |g|_inf=1.239767e+00, |delta_a|=1.363529e-06
[rank=4] Iter 99: J_model=2.5887745319e-06, |g|_inf=6.504068e-01, |delta_a|=2.122596e-06
[rank=4] Iter 100: J_model=2.5876605277e-06, |g|_inf=2.660568e-01, |delta_a|=4.488286e-06
[rank=4] Iter 101: J_model=2.5855958966e-06, |g|_inf=1.878061e+00, |delta_a|=9.135845e-06
[rank=4] Iter 102: J_model=2.5839812303e-06, |g|_inf=3.229419e+00, |delta_a|=7.223634e-06
[rank=4] Iter 103: J_model=2.5809540396e-06, |g|_inf=3.291157e+00, |delta_a|=9.599430e-06
[rank=4] Iter 104: J_model=2.5808737600e-06, |g|_inf=2.776340e+00, |delta_a|=6.804833e-07
[rank=4] Iter 105: J_model=2.5761922329e-06, |g|_inf=3.985862e+00, |delta_a|=1.143764e-05
[rank=4] Iter 106: J_model=2.5756707609e-06, |g|_inf=6.520725e-01, |delta_a|=9.288409e-07
[rank=4] Iter 107: J_model=2.5734621669e-06, |g|_inf=4.901100e+00, |delta_a|=1.359634e-05
[rank=4] Iter 108: J_model=2.5724636745e-06, |g|_inf=2.679166e+00, |delta_a|=4.161871e-06
[rank=4] Iter 109: J_model=2.5713084487e-06, |g|_inf=7.662035e-01, |delta_a|=5.583671e-06
[rank=4] Iter 110: J_model=2.5711108957e-06, |g|_inf=2.440211e+00, |delta_a|=2.289970e-06
[rank=4] Iter 111: J_model=2.5706684398e-06, |g|_inf=1.832683e+00, |delta_a|=1.695950e-06
[rank=4] Iter 112: J_model=2.5703039577e-06, |g|_inf=1.900785e+00, |delta_a|=3.305428e-06
[rank=4] Iter 113: J_model=2.5697297108e-06, |g|_inf=1.218274e+00, |delta_a|=6.493970e-06
[rank=4] Iter 114: J_model=2.5695447854e-06, |g|_inf=2.180066e-01, |delta_a|=3.506130e-06
[rank=4] Iter 115: J_model=2.5695173532e-06, |g|_inf=9.882947e-01, |delta_a|=3.879319e-06
[rank=4] Iter 116: J_model=2.5694926661e-06, |g|_inf=4.368243e-01, |delta_a|=6.792744e-07
[rank=4] Iter 117: J_model=2.5694881262e-06, |g|_inf=3.588930e-02, |delta_a|=2.649339e-08
[rank=4] Iter 118: J_model=2.5694879726e-06, |g|_inf=1.842661e-02, |delta_a|=1.641906e-07
[rank=4] Iter 119: J_model=2.5694879394e-06, |g|_inf=2.073551e-02, |delta_a|=2.365114e-08
[rank=4] Iter 120: J_model=2.5694876964e-06, |g|_inf=3.503903e-02, |delta_a|=1.089196e-07
[rank=4] Iter 121: J_model=2.5694870904e-06, |g|_inf=6.458753e-02, |delta_a|=1.242611e-07
[rank=4] Iter 122: J_model=2.5694850422e-06, |g|_inf=1.553299e-01, |delta_a|=2.653770e-07
[rank=4] Iter 123: J_model=2.5694809712e-06, |g|_inf=2.651697e-01, |delta_a|=2.083668e-07
[rank=4] Iter 124: J_model=2.5694312236e-06, |g|_inf=4.209447e-01, |delta_a|=1.300091e-06
[rank=4] Iter 125: J_model=2.5693964542e-06, |g|_inf=4.278021e-02, |delta_a|=1.527108e-06
[rank=4] Iter 126: J_model=2.5693816486e-06, |g|_inf=2.561593e-01, |delta_a|=1.187778e-06
[rank=4] Iter 127: J_model=2.5693788191e-06, |g|_inf=5.375234e-02, |delta_a|=3.941936e-07
[rank=4] Iter 128: J_model=2.5693764814e-06, |g|_inf=1.415096e-01, |delta_a|=6.117689e-07
[rank=4] Iter 129: J_model=2.5693743736e-06, |g|_inf=1.680933e-01, |delta_a|=9.457208e-08
[rank=4] Iter 130: J_model=2.5693716218e-06, |g|_inf=3.394651e-02, |delta_a|=2.994925e-07
[rank=4] Iter 131: J_model=2.5693708101e-06, |g|_inf=1.141818e-01, |delta_a|=9.617608e-08
[rank=4] Iter 132: J_model=2.5693688996e-06, |g|_inf=2.232230e-01, |delta_a|=8.473947e-08
[rank=4] Iter 133: J_model=2.5693467219e-06, |g|_inf=5.836398e-02, |delta_a|=1.168842e-06
[rank=4] Iter 134: J_model=2.5693364708e-06, |g|_inf=2.671362e-01, |delta_a|=6.879338e-07
[rank=4] Iter 135: J_model=2.5693141971e-06, |g|_inf=2.854568e-01, |delta_a|=9.377476e-07
[rank=4] Iter 136: J_model=2.5693020867e-06, |g|_inf=1.571455e-01, |delta_a|=1.289851e-06
[rank=4] Iter 137: J_model=2.5693019621e-06, |g|_inf=2.642399e-02, |delta_a|=1.166119e-07
[rank=4] Iter 138: J_model=2.5693012590e-06, |g|_inf=1.177947e-01, |delta_a|=2.104300e-07
[rank=4] Iter 139: J_model=2.5693002845e-06, |g|_inf=1.557139e-01, |delta_a|=4.689014e-08
[rank=4] Iter 140: J_model=2.5692872934e-06, |g|_inf=1.936268e-01, |delta_a|=6.340678e-07
[rank=4] Iter 141: J_model=2.5692822212e-06, |g|_inf=4.381738e-02, |delta_a|=3.188351e-07
[rank=4] Iter 142: J_model=2.5692547693e-06, |g|_inf=2.777627e-01, |delta_a|=1.536705e-06
[rank=4] Iter 143: J_model=2.5692420166e-06, |g|_inf=1.652035e-01, |delta_a|=5.905858e-07
[rank=4] Iter 144: J_model=2.5692337845e-06, |g|_inf=3.734962e-01, |delta_a|=1.149334e-06
[rank=4] Iter 145: J_model=2.5692284855e-06, |g|_inf=5.508450e-02, |delta_a|=4.246663e-07
[rank=4] Iter 146: J_model=2.5692263885e-06, |g|_inf=8.453318e-02, |delta_a|=5.739078e-08
[rank=4] Iter 147: J_model=2.5692252582e-06, |g|_inf=1.164602e-01, |delta_a|=1.282935e-07
[rank=4] Iter 148: J_model=2.5692152860e-06, |g|_inf=1.239850e-01, |delta_a|=3.340837e-07
[rank=4] Iter 149: J_model=2.5691988955e-06, |g|_inf=1.463408e-01, |delta_a|=7.667012e-07
[rank=4] Iter 150: J_model=2.5691796967e-06, |g|_inf=4.649687e-01, |delta_a|=9.299528e-07
[rank=4] Iter 151: J_model=2.5691690077e-06, |g|_inf=2.752424e-01, |delta_a|=5.106999e-07
[rank=4] Iter 152: J_model=2.5691608342e-06, |g|_inf=3.058150e-02, |delta_a|=8.144985e-07
[rank=4] Iter 153: J_model=2.5691583216e-06, |g|_inf=1.566551e-01, |delta_a|=4.540677e-07
[rank=4] Iter 154: J_model=2.5691576298e-06, |g|_inf=8.781751e-02, |delta_a|=3.720067e-07
[rank=4] Iter 155: J_model=2.5691570927e-06, |g|_inf=1.405063e-01, |delta_a|=3.677558e-08
[rank=4] Iter 156: J_model=2.5691542709e-06, |g|_inf=2.327986e-01, |delta_a|=1.352787e-07
[rank=4] Iter 157: J_model=2.5691397143e-06, |g|_inf=2.213967e-01, |delta_a|=1.309089e-06
[rank=4] Iter 158: J_model=2.5691269081e-06, |g|_inf=1.605979e-01, |delta_a|=4.279858e-07
[rank=4] Iter 159: J_model=2.5691228788e-06, |g|_inf=3.364581e-01, |delta_a|=3.373591e-07
[rank=4] Iter 160: J_model=2.5691122882e-06, |g|_inf=1.424492e-01, |delta_a|=8.447170e-07
[rank=4] Iter 161: J_model=2.5691100992e-06, |g|_inf=6.199605e-02, |delta_a|=1.071296e-06
[rank=4] Iter 162: J_model=2.5691084905e-06, |g|_inf=1.289663e-01, |delta_a|=7.686306e-08
[rank=4] Iter 163: J_model=2.5691071731e-06, |g|_inf=1.271313e-01, |delta_a|=3.325041e-07
[rank=4] Iter 164: J_model=2.5690981130e-06, |g|_inf=2.122879e-01, |delta_a|=7.341571e-07
[rank=4] Iter 165: J_model=2.5690875019e-06, |g|_inf=7.117393e-02, |delta_a|=4.420611e-07
[rank=4] Iter 166: J_model=2.5690846008e-06, |g|_inf=2.321146e-01, |delta_a|=2.599083e-07
[rank=4] Iter 167: J_model=2.5690743584e-06, |g|_inf=7.510513e-02, |delta_a|=7.580431e-07
[rank=4] Iter 168: J_model=2.5690695170e-06, |g|_inf=3.850898e-02, |delta_a|=6.174645e-07
[rank=4] Iter 169: J_model=2.5690656540e-06, |g|_inf=1.717585e-01, |delta_a|=4.738670e-07
[rank=4] Iter 170: J_model=2.5690628173e-06, |g|_inf=8.528891e-02, |delta_a|=3.503696e-07
[rank=4] Iter 171: J_model=2.5690610575e-06, |g|_inf=1.135358e-01, |delta_a|=6.494422e-08
[rank=4] Iter 172: J_model=2.5690599099e-06, |g|_inf=1.061912e-01, |delta_a|=2.694529e-07
[rank=4] Iter 173: J_model=2.5690522623e-06, |g|_inf=4.761752e-02, |delta_a|=8.099145e-07
[rank=4] Iter 174: J_model=2.5690408441e-06, |g|_inf=1.136322e-01, |delta_a|=1.000679e-06
[rank=4] Iter 175: J_model=2.5690358214e-06, |g|_inf=6.948464e-02, |delta_a|=2.876489e-07
[rank=4] Iter 176: J_model=2.5690312609e-06, |g|_inf=2.404814e-01, |delta_a|=6.007484e-07
[rank=4] Iter 177: J_model=2.5690289211e-06, |g|_inf=6.691167e-02, |delta_a|=3.862051e-07
[rank=4] Iter 178: J_model=2.5690280176e-06, |g|_inf=1.377320e-01, |delta_a|=6.351772e-08
[rank=4] Iter 179: J_model=2.5690255338e-06, |g|_inf=2.345820e-01, |delta_a|=1.410919e-07
[rank=4] Iter 180: J_model=2.5690143191e-06, |g|_inf=1.576756e-01, |delta_a|=7.804528e-07
[rank=4] Iter 181: J_model=2.5690104825e-06, |g|_inf=3.098530e-02, |delta_a|=4.293858e-07
[rank=4] Iter 182: J_model=2.5690015360e-06, |g|_inf=1.596638e-01, |delta_a|=6.088249e-07
[rank=4] Iter 183: J_model=2.5689979097e-06, |g|_inf=2.330967e-01, |delta_a|=1.133777e-06
[rank=4] Iter 184: J_model=2.5689972059e-06, |g|_inf=1.176936e-01, |delta_a|=6.660994e-08
[rank=4] Iter 185: J_model=2.5689966129e-06, |g|_inf=1.132605e-01, |delta_a|=2.659907e-07
[rank=4] Iter 186: J_model=2.5689957519e-06, |g|_inf=8.616759e-02, |delta_a|=1.434903e-07
[rank=4] Iter 187: J_model=2.5689941047e-06, |g|_inf=5.389275e-02, |delta_a|=1.477953e-07
[rank=4] Iter 188: J_model=2.5689883851e-06, |g|_inf=3.739461e-01, |delta_a|=9.681564e-07
[rank=4] Iter 189: J_model=2.5689717576e-06, |g|_inf=7.940365e-03, |delta_a|=4.946087e-07
[rank=4] Iter 190: J_model=2.5689690638e-06, |g|_inf=1.841129e-01, |delta_a|=2.244181e-07
[rank=4] Iter 191: J_model=2.5689674952e-06, |g|_inf=1.980471e-01, |delta_a|=1.501210e-07
[rank=4] Iter 192: J_model=2.5689620084e-06, |g|_inf=1.137238e-02, |delta_a|=1.037911e-06
[rank=4] Iter 193: J_model=2.5689610712e-06, |g|_inf=1.200802e-01, |delta_a|=1.050821e-07
[rank=4] Iter 194: J_model=2.5689603034e-06, |g|_inf=1.299079e-01, |delta_a|=4.567428e-08
[rank=4] Iter 195: J_model=2.5689506227e-06, |g|_inf=2.163861e-01, |delta_a|=5.728152e-07
[rank=4] Iter 196: J_model=2.5689451615e-06, |g|_inf=1.578564e-02, |delta_a|=5.198529e-07
[rank=4] Iter 197: J_model=2.5689344817e-06, |g|_inf=1.451997e-01, |delta_a|=1.215270e-06
[rank=4] Iter 198: J_model=2.5689340376e-06, |g|_inf=6.625598e-02, |delta_a|=1.048004e-07
[rank=4] Iter 199: J_model=2.5689329265e-06, |g|_inf=1.286923e-01, |delta_a|=2.295305e-07
[rank=4] Iter 200: J_model=2.5689321306e-06, |g|_inf=1.042675e-01, |delta_a|=1.095111e-07
[rank=4] Stop: STOP: TOTAL NO. OF ITERATIONS REACHED LIMIT (steps=200)
rank=  4 | steps=200 | J_model=2.5689321306e-06 | J_ref=8.7054051999e-05 | STOP: TOTAL NO. OF ITERATIONS REACHED LIMIT
