
--- 2026-09-24T08:18:55 | rank=2, k=10, grid=128x128, T=20, dt=0.005, method=L-BFGS-B, max_steps=200, tol=1e-15, gtol=1e-15, ftol=1e-14, maxcor=10, maxls=30 ---
[rank=2] Initial: J_model=1.6525573176e-05
[rank=2] Iter 1: J_model=1.5380709694e-05, |g|_inf=9.865451e-04, |delta_a|=7.114001e-04
[rank=2] Iter 2: J_model=8.1096833407e-06, |g|_inf=4.814031e-02, |delta_a|=7.866978e-04
[rank=2] Iter 3: J_model=6.6019896954e-06, |g|_inf=7.475008e-01, |delta_a|=1.115306e-05
[rank=2] Iter 4: J_model=6.3122668438e-06, |g|_inf=2.367153e-01, |delta_a|=6.758151e-07
[rank=2] Iter 5: J_model=5.3883046225e-06, |g|_inf=3.566756e+01, |delta_a|=7.068615e-05
[rank=2] Iter 6: J_model=5.1142758796e-06, |g|_inf=3.462984e+02, |delta_a|=3.434076e-07
[rank=2] Iter 7: J_model=5.0898563807e-06, |g|_inf=2.798640e+01, |delta_a|=9.301940e-09
[rank=2] Iter 8: J_model=5.0898165650e-06, |g|_inf=3.305274e+01, |delta_a|=1.036657e-07
[rank=2] Iter 9: J_model=5.0896345313e-06, |g|_inf=1.802675e+01, |delta_a|=3.037851e-07
[rank=2] Iter 10: J_model=5.0896232662e-06, |g|_inf=1.120180e+00, |delta_a|=2.946760e-09
[rank=2] Iter 11: J_model=5.0895378237e-06, |g|_inf=3.894824e+00, |delta_a|=1.716302e-07
[rank=2] Iter 12: J_model=5.0895301822e-06, |g|_inf=8.026912e+00, |delta_a|=1.914532e-08
[rank=2] Iter 13: J_model=5.0895282880e-06, |g|_inf=1.882517e+01, |delta_a|=2.665539e-08
[rank=2] Iter 14: J_model=5.0895195907e-06, |g|_inf=1.335737e+01, |delta_a|=3.487334e-09
[rank=2] Iter 15: J_model=5.0894873095e-06, |g|_inf=1.811347e+00, |delta_a|=5.059235e-08
[rank=2] Iter 16: J_model=5.0893654471e-06, |g|_inf=4.246781e+00, |delta_a|=2.443942e-07
[rank=2] Iter 17: J_model=5.0893526749e-06, |g|_inf=1.331958e+01, |delta_a|=3.817139e-08
[rank=2] Iter 18: J_model=5.0893409735e-06, |g|_inf=1.811733e+01, |delta_a|=3.534960e-08
[rank=2] Iter 19: J_model=5.0893360728e-06, |g|_inf=2.017790e+01, |delta_a|=1.605841e-08
[rank=2] Iter 20: J_model=5.0893229746e-06, |g|_inf=1.460760e+01, |delta_a|=1.074807e-08
[rank=2] Iter 21: J_model=5.0893189572e-06, |g|_inf=8.552541e+00, |delta_a|=3.111863e-09
[rank=2] Iter 22: J_model=5.0893098337e-06, |g|_inf=1.386231e+00, |delta_a|=1.249282e-08
[rank=2] Iter 23: J_model=5.0892990787e-06, |g|_inf=1.959135e+01, |delta_a|=5.190095e-08
[rank=2] Iter 24: J_model=5.0892828833e-06, |g|_inf=2.183188e+01, |delta_a|=3.973571e-08
[rank=2] Iter 25: J_model=5.0892114740e-06, |g|_inf=3.189611e+01, |delta_a|=1.858800e-07
[rank=2] Iter 26: J_model=5.0891463496e-06, |g|_inf=1.761740e+01, |delta_a|=7.350469e-08
[rank=2] Iter 27: J_model=5.0891059793e-06, |g|_inf=3.040628e+01, |delta_a|=1.299406e-07
[rank=2] Iter 28: J_model=5.0889975080e-06, |g|_inf=1.939547e+01, |delta_a|=1.725398e-07
[rank=2] Iter 29: J_model=5.0889900545e-06, |g|_inf=4.843295e+00, |delta_a|=1.360440e-08
[rank=2] Iter 30: J_model=5.0889564904e-06, |g|_inf=6.730556e-01, |delta_a|=6.510966e-08
[rank=2] Iter 31: J_model=5.0889429531e-06, |g|_inf=1.364552e+01, |delta_a|=4.206385e-08
[rank=2] Iter 32: J_model=5.0889231983e-06, |g|_inf=1.848550e+01, |delta_a|=5.202406e-08
[rank=2] Iter 33: J_model=5.0888932544e-06, |g|_inf=2.331416e+01, |delta_a|=7.614357e-08
[rank=2] Iter 34: J_model=5.0888511750e-06, |g|_inf=4.149788e+01, |delta_a|=1.799870e-07
[rank=2] Iter 35: J_model=5.0887883663e-06, |g|_inf=4.524349e+00, |delta_a|=1.313056e-08
[rank=2] Iter 36: J_model=5.0887368257e-06, |g|_inf=7.011039e+00, |delta_a|=1.051806e-07
[rank=2] Iter 37: J_model=5.0887027590e-06, |g|_inf=1.648045e+01, |delta_a|=8.618082e-08
[rank=2] Iter 38: J_model=5.0886874676e-06, |g|_inf=1.880029e+01, |delta_a|=3.721907e-08
[rank=2] Iter 39: J_model=5.0886833575e-06, |g|_inf=2.583602e+01, |delta_a|=3.390979e-08
[rank=2] Iter 40: J_model=5.0886520173e-06, |g|_inf=9.713889e+00, |delta_a|=1.561327e-08
[rank=2] Iter 41: J_model=5.0886194037e-06, |g|_inf=1.955941e+00, |delta_a|=5.762525e-08
[rank=2] Iter 42: J_model=5.0885640785e-06, |g|_inf=1.004282e+01, |delta_a|=1.183716e-07
[rank=2] Iter 43: J_model=5.0885460132e-06, |g|_inf=3.137380e+01, |delta_a|=1.088433e-07
[rank=2] Iter 44: J_model=5.0885238455e-06, |g|_inf=2.081318e+01, |delta_a|=1.159673e-09
[rank=2] Iter 45: J_model=5.0884483500e-06, |g|_inf=1.056817e+00, |delta_a|=1.149494e-07
[rank=2] Iter 46: J_model=5.0883818233e-06, |g|_inf=1.094176e+01, |delta_a|=1.425731e-07
[rank=2] Iter 47: J_model=5.0883795037e-06, |g|_inf=2.234651e+01, |delta_a|=3.614663e-08
[rank=2] Iter 48: J_model=5.0883660284e-06, |g|_inf=1.267148e+01, |delta_a|=1.236632e-09
[rank=2] Iter 49: J_model=5.0883442577e-06, |g|_inf=1.026186e+00, |delta_a|=3.015485e-08
[rank=2] Iter 50: J_model=5.0882617917e-06, |g|_inf=3.939209e+00, |delta_a|=1.657053e-07
[rank=2] Iter 51: J_model=5.0882592919e-06, |g|_inf=5.644185e+00, |delta_a|=6.354313e-09
[rank=2] Iter 52: J_model=5.0882487096e-06, |g|_inf=1.000561e+01, |delta_a|=2.682028e-08
[rank=2] Iter 53: J_model=5.0882335745e-06, |g|_inf=1.460680e+01, |delta_a|=3.966589e-08
[rank=2] Iter 54: J_model=5.0882018402e-06, |g|_inf=2.189174e+01, |delta_a|=8.556904e-08
[rank=2] Iter 55: J_model=5.0881913748e-06, |g|_inf=2.446937e+01, |delta_a|=3.089615e-08
[rank=2] Iter 56: J_model=5.0881701521e-06, |g|_inf=2.751034e+01, |delta_a|=5.564743e-08
[rank=2] Iter 57: J_model=5.0881321159e-06, |g|_inf=2.025478e+00, |delta_a|=1.275866e-08
[rank=2] Iter 58: J_model=5.0880697774e-06, |g|_inf=2.117824e+01, |delta_a|=1.617981e-07
[rank=2] Iter 59: J_model=5.0880413122e-06, |g|_inf=3.599320e+01, |delta_a|=1.283594e-07
[rank=2] Iter 60: J_model=5.0879509944e-06, |g|_inf=1.147491e+01, |delta_a|=8.195155e-08
[rank=2] Iter 61: J_model=5.0878140590e-06, |g|_inf=2.457535e+01, |delta_a|=3.134119e-07
[rank=2] Iter 62: J_model=5.0877685075e-06, |g|_inf=3.378956e+01, |delta_a|=1.368877e-07
[rank=2] Iter 63: J_model=5.0876404913e-06, |g|_inf=2.361763e+01, |delta_a|=2.057398e-07
[rank=2] Iter 64: J_model=5.0876195817e-06, |g|_inf=1.649203e+00, |delta_a|=6.020605e-09
[rank=2] Iter 65: J_model=5.0875740472e-06, |g|_inf=5.821520e+00, |delta_a|=9.350039e-08
[rank=2] Iter 66: J_model=5.0875590838e-06, |g|_inf=9.019168e+00, |delta_a|=3.394101e-08
[rank=2] Iter 67: J_model=5.0874988247e-06, |g|_inf=2.793838e+01, |delta_a|=1.806930e-07
[rank=2] Iter 68: J_model=5.0874602307e-06, |g|_inf=3.818130e+01, |delta_a|=1.358960e-07
[rank=2] Iter 69: J_model=5.0873619417e-06, |g|_inf=1.255275e+01, |delta_a|=8.323269e-08
[rank=2] Iter 70: J_model=5.0873270119e-06, |g|_inf=2.256820e+01, |delta_a|=1.003201e-07
[rank=2] Iter 71: J_model=5.0872518655e-06, |g|_inf=1.362518e+01, |delta_a|=1.216688e-07
[rank=2] Iter 72: J_model=5.0872277927e-06, |g|_inf=1.756397e+01, |delta_a|=5.877073e-08
[rank=2] Iter 73: J_model=5.0872149896e-06, |g|_inf=2.128840e+01, |delta_a|=3.821427e-08
[rank=2] Iter 74: J_model=5.0871888732e-06, |g|_inf=1.366654e+00, |delta_a|=1.251322e-08
[rank=2] Iter 75: J_model=5.0871344956e-06, |g|_inf=5.392843e+00, |delta_a|=1.108135e-07
[rank=2] Iter 76: J_model=5.0871162781e-06, |g|_inf=1.317979e+01, |delta_a|=4.906200e-08
[rank=2] Iter 77: J_model=5.0871033414e-06, |g|_inf=2.237167e+01, |delta_a|=5.456619e-08
[rank=2] Iter 78: J_model=5.0870723085e-06, |g|_inf=2.032014e+01, |delta_a|=5.420849e-08
[rank=2] Iter 79: J_model=5.0869518738e-06, |g|_inf=1.146436e+01, |delta_a|=2.153566e-07
[rank=2] Iter 80: J_model=5.0869425873e-06, |g|_inf=3.149565e+01, |delta_a|=9.494179e-08
[rank=2] Iter 81: J_model=5.0869245680e-06, |g|_inf=4.798574e+01, |delta_a|=1.531053e-07
[rank=2] Iter 82: J_model=5.0868636788e-06, |g|_inf=2.452212e+01, |delta_a|=3.030895e-08
[rank=2] Iter 83: J_model=5.0868019098e-06, |g|_inf=6.167885e+00, |delta_a|=7.296509e-08
[rank=2] Iter 84: J_model=5.0867064119e-06, |g|_inf=1.019191e+01, |delta_a|=1.963024e-07
[rank=2] Iter 85: J_model=5.0866485124e-06, |g|_inf=2.687025e+01, |delta_a|=1.710377e-07
[rank=2] Iter 86: J_model=5.0866088413e-06, |g|_inf=3.252508e+01, |delta_a|=1.094916e-07
[rank=2] Iter 87: J_model=5.0866036556e-06, |g|_inf=3.264754e+01, |delta_a|=1.108181e-08
[rank=2] Iter 88: J_model=5.0865572919e-06, |g|_inf=2.664031e+00, |delta_a|=3.052399e-09
[rank=2] Iter 89: J_model=5.0865532141e-06, |g|_inf=1.974013e-01, |delta_a|=7.487422e-09
[rank=2] Iter 90: J_model=5.0864516273e-06, |g|_inf=2.198196e+01, |delta_a|=2.463397e-07
[rank=2] Iter 91: J_model=5.0864335298e-06, |g|_inf=3.498672e+01, |delta_a|=1.034444e-07
[rank=2] Iter 92: J_model=5.0863405312e-06, |g|_inf=1.492882e+01, |delta_a|=9.442175e-08
[rank=2] Iter 93: J_model=5.0863220215e-06, |g|_inf=1.887261e+01, |delta_a|=4.905749e-08
[rank=2] Iter 94: J_model=5.0862871259e-06, |g|_inf=1.685619e+00, |delta_a|=3.726660e-08
[rank=2] Iter 95: J_model=5.0862660857e-06, |g|_inf=9.434304e+00, |delta_a|=4.981365e-08
[rank=2] Iter 96: J_model=5.0862576439e-06, |g|_inf=1.671497e+01, |delta_a|=3.423873e-08
[rank=2] Iter 97: J_model=5.0862385278e-06, |g|_inf=2.007875e+01, |delta_a|=4.942592e-08
[rank=2] Iter 98: J_model=5.0862137903e-06, |g|_inf=3.479001e+00, |delta_a|=1.345706e-08
[rank=2] Iter 99: J_model=5.0860852128e-06, |g|_inf=1.842650e+01, |delta_a|=2.863048e-07
[rank=2] Iter 100: J_model=5.0860562666e-06, |g|_inf=1.785975e+01, |delta_a|=5.579894e-08
[rank=2] Iter 101: J_model=5.0860442355e-06, |g|_inf=4.890036e+01, |delta_a|=2.245193e-07
[rank=2] Iter 102: J_model=5.0858203780e-06, |g|_inf=2.069726e+00, |delta_a|=2.161133e-07
[rank=2] Iter 103: J_model=5.0858176490e-06, |g|_inf=5.018222e+00, |delta_a|=7.390538e-09
[rank=2] Iter 104: J_model=5.0858109893e-06, |g|_inf=1.347744e+01, |delta_a|=2.788072e-08
[rank=2] Iter 105: J_model=5.0858064403e-06, |g|_inf=1.674231e+01, |delta_a|=1.827139e-08
[rank=2] Iter 106: J_model=5.0857861585e-06, |g|_inf=2.731800e+01, |delta_a|=8.393983e-08
[rank=2] Iter 107: J_model=5.0857271791e-06, |g|_inf=4.635233e+01, |delta_a|=2.496916e-07
[rank=2] Iter 108: J_model=5.0856385271e-06, |g|_inf=2.111871e+00, |delta_a|=2.514874e-08
[rank=2] Iter 109: J_model=5.0855927666e-06, |g|_inf=1.299727e+01, |delta_a|=1.066065e-07
[rank=2] Iter 110: J_model=5.0855809817e-06, |g|_inf=6.175757e+00, |delta_a|=1.111297e-08
[rank=2] Iter 111: J_model=5.0855354003e-06, |g|_inf=1.160304e+01, |delta_a|=9.984480e-08
[rank=2] Iter 112: J_model=5.0855165028e-06, |g|_inf=1.804837e+01, |delta_a|=5.568725e-08
[rank=2] Iter 113: J_model=5.0854436253e-06, |g|_inf=2.539010e+01, |delta_a|=1.753491e-07
[rank=2] Iter 114: J_model=5.0853938643e-06, |g|_inf=8.697399e+00, |delta_a|=4.502310e-08
[rank=2] Iter 115: J_model=5.0853832741e-06, |g|_inf=1.388404e+01, |delta_a|=3.221576e-08
[rank=2] Iter 116: J_model=5.0853780674e-06, |g|_inf=1.808750e+01, |delta_a|=2.314454e-08
[rank=2] Iter 117: J_model=5.0853564070e-06, |g|_inf=6.216146e+00, |delta_a|=1.562932e-08
[rank=2] Iter 118: J_model=5.0853235241e-06, |g|_inf=1.441024e+00, |delta_a|=6.190876e-08
[rank=2] Iter 119: J_model=5.0852528034e-06, |g|_inf=1.858698e+01, |delta_a|=1.735219e-07
[rank=2] Iter 120: J_model=5.0852312209e-06, |g|_inf=2.892723e+01, |delta_a|=9.001852e-08
[rank=2] Iter 121: J_model=5.0852006430e-06, |g|_inf=2.678855e+01, |delta_a|=4.948002e-08
[rank=2] Iter 122: J_model=5.0850932622e-06, |g|_inf=8.720135e+00, |delta_a|=1.520313e-07
[rank=2] Iter 123: J_model=5.0850909226e-06, |g|_inf=1.458040e+01, |delta_a|=1.782315e-08
[rank=2] Iter 124: J_model=5.0850630855e-06, |g|_inf=4.332137e+00, |delta_a|=3.664763e-08
[rank=2] Iter 125: J_model=5.0849814571e-06, |g|_inf=8.130439e+00, |delta_a|=1.669184e-07
[rank=2] Iter 126: J_model=5.0848559532e-06, |g|_inf=2.788238e+01, |delta_a|=3.187764e-07
[rank=2] Iter 127: J_model=5.0848441711e-06, |g|_inf=8.884317e+00, |delta_a|=4.460849e-08
[rank=2] Iter 128: J_model=5.0847901890e-06, |g|_inf=1.646096e+01, |delta_a|=1.260775e-07
[rank=2] Iter 129: J_model=5.0847080010e-06, |g|_inf=2.166538e+01, |delta_a|=1.828890e-07
[rank=2] Iter 130: J_model=5.0846329506e-06, |g|_inf=9.806764e+00, |delta_a|=1.126595e-07
[rank=2] Iter 131: J_model=5.0845810542e-06, |g|_inf=1.751401e+00, |delta_a|=9.388390e-08
[rank=2] Iter 132: J_model=5.0845522579e-06, |g|_inf=9.777343e+00, |delta_a|=6.636620e-08
[rank=2] Iter 133: J_model=5.0845264113e-06, |g|_inf=2.170370e+01, |delta_a|=8.844881e-08
[rank=2] Iter 134: J_model=5.0845045495e-06, |g|_inf=2.816347e+01, |delta_a|=7.533712e-08
[rank=2] Iter 135: J_model=5.0844502349e-06, |g|_inf=2.736074e+01, |delta_a|=1.037017e-07
[rank=2] Iter 136: J_model=5.0843540221e-06, |g|_inf=8.327939e+00, |delta_a|=1.238071e-07
[rank=2] Iter 137: J_model=5.0843450120e-06, |g|_inf=2.112470e+01, |delta_a|=5.544953e-08
[rank=2] Iter 138: J_model=5.0843007430e-06, |g|_inf=1.313606e+01, |delta_a|=6.070533e-08
[rank=2] Iter 139: J_model=5.0841844464e-06, |g|_inf=2.660291e+01, |delta_a|=2.847520e-07
[rank=2] Iter 140: J_model=5.0841693945e-06, |g|_inf=6.896419e+00, |delta_a|=3.630943e-08
[rank=2] Iter 141: J_model=5.0841021681e-06, |g|_inf=1.074120e+01, |delta_a|=1.403351e-07
[rank=2] Iter 142: J_model=5.0841005530e-06, |g|_inf=1.825583e+01, |delta_a|=2.514847e-08
[rank=2] Iter 143: J_model=5.0840871857e-06, |g|_inf=1.145372e+01, |delta_a|=6.202767e-09
[rank=2] Iter 144: J_model=5.0840526703e-06, |g|_inf=3.378606e+00, |delta_a|=5.645065e-08
[rank=2] Iter 145: J_model=5.0838977578e-06, |g|_inf=7.704136e+00, |delta_a|=3.124573e-07
[rank=2] Iter 146: J_model=5.0838938266e-06, |g|_inf=9.599111e+00, |delta_a|=1.114278e-08
[rank=2] Iter 147: J_model=5.0838704562e-06, |g|_inf=3.140177e+01, |delta_a|=1.374143e-07
[rank=2] Iter 148: J_model=5.0838462970e-06, |g|_inf=1.899658e+01, |delta_a|=1.566922e-08
[rank=2] Iter 149: J_model=5.0837907803e-06, |g|_inf=3.816211e+00, |delta_a|=7.490874e-08
[rank=2] Iter 150: J_model=5.0836816337e-06, |g|_inf=2.189164e+01, |delta_a|=2.643202e-07
[rank=2] Iter 151: J_model=5.0836520059e-06, |g|_inf=2.152090e+01, |delta_a|=5.720609e-08
[rank=2] Iter 152: J_model=5.0835377651e-06, |g|_inf=1.419286e+01, |delta_a|=2.001386e-07
[rank=2] Iter 153: J_model=5.0835179705e-06, |g|_inf=8.205856e+00, |delta_a|=2.525228e-08
[rank=2] Iter 154: J_model=5.0834655876e-06, |g|_inf=2.109948e+01, |delta_a|=1.430283e-07
[rank=2] Iter 155: J_model=5.0834383003e-06, |g|_inf=2.383269e+01, |delta_a|=6.691917e-08
[rank=2] Iter 156: J_model=5.0833983383e-06, |g|_inf=2.102099e+01, |delta_a|=6.628804e-08
[rank=2] Iter 157: J_model=5.0832785528e-06, |g|_inf=5.817138e+00, |delta_a|=1.952809e-07
[rank=2] Iter 158: J_model=5.0831981174e-06, |g|_inf=1.605040e+01, |delta_a|=1.830169e-07
[rank=2] Iter 159: J_model=5.0831697941e-06, |g|_inf=2.595551e+01, |delta_a|=9.983905e-08
[rank=2] Iter 160: J_model=5.0830992197e-06, |g|_inf=2.508848e+01, |delta_a|=1.355553e-07
[rank=2] Iter 161: J_model=5.0830023505e-06, |g|_inf=2.084736e+00, |delta_a|=1.263295e-07
[rank=2] Iter 162: J_model=5.0829801978e-06, |g|_inf=9.016011e+00, |delta_a|=5.208712e-08
[rank=2] Iter 163: J_model=5.0829609151e-06, |g|_inf=2.315384e+01, |delta_a|=8.638870e-08
[rank=2] Iter 164: J_model=5.0829390871e-06, |g|_inf=4.975127e+01, |delta_a|=2.502708e-07
[rank=2] Iter 165: J_model=5.0828617013e-06, |g|_inf=3.036951e+01, |delta_a|=1.218753e-08
[rank=2] Iter 166: J_model=5.0827091799e-06, |g|_inf=1.659152e+01, |delta_a|=2.337913e-07
[rank=2] Iter 167: J_model=5.0826464582e-06, |g|_inf=2.965750e+01, |delta_a|=1.893562e-07
[rank=2] Iter 168: J_model=5.0825222730e-06, |g|_inf=1.712991e+01, |delta_a|=1.833856e-07
[rank=2] Iter 169: J_model=5.0825081860e-06, |g|_inf=1.035589e+00, |delta_a|=3.667957e-09
[rank=2] Iter 170: J_model=5.0824359870e-06, |g|_inf=1.304976e+01, |delta_a|=1.614840e-07
[rank=2] Iter 171: J_model=5.0823829576e-06, |g|_inf=2.681619e+01, |delta_a|=1.648033e-07
[rank=2] Iter 172: J_model=5.0823356742e-06, |g|_inf=3.071169e+01, |delta_a|=1.183507e-07
[rank=2] Iter 173: J_model=5.0821701835e-06, |g|_inf=1.585105e+01, |delta_a|=2.527894e-07
[rank=2] Iter 174: J_model=5.0821634289e-06, |g|_inf=1.811740e+01, |delta_a|=2.184693e-08
[rank=2] Iter 175: J_model=5.0821383478e-06, |g|_inf=4.651618e+00, |delta_a|=1.602557e-08
[rank=2] Iter 176: J_model=5.0821192326e-06, |g|_inf=2.881224e+00, |delta_a|=3.639951e-08
[rank=2] Iter 177: J_model=5.0820879895e-06, |g|_inf=1.505839e+01, |delta_a|=8.599746e-08
[rank=2] Iter 178: J_model=5.0820647498e-06, |g|_inf=2.646213e+01, |delta_a|=9.830083e-08
[rank=2] Iter 179: J_model=5.0820336918e-06, |g|_inf=2.495430e+01, |delta_a|=5.306923e-08
[rank=2] Iter 180: J_model=5.0819178197e-06, |g|_inf=9.394680e+00, |delta_a|=1.705709e-07
[rank=2] Iter 181: J_model=5.0818875522e-06, |g|_inf=2.084547e+01, |delta_a|=9.845700e-08
[rank=2] Iter 182: J_model=5.0818813742e-06, |g|_inf=2.125647e+01, |delta_a|=1.417365e-08
[rank=2] Iter 183: J_model=5.0818589500e-06, |g|_inf=1.967594e+01, |delta_a|=3.727311e-08
[rank=2] Iter 184: J_model=5.0818290483e-06, |g|_inf=5.314800e+00, |delta_a|=1.928837e-08
[rank=2] Iter 185: J_model=5.0817997944e-06, |g|_inf=2.114731e+01, |delta_a|=1.055542e-07
[rank=2] Iter 186: J_model=5.0816325883e-06, |g|_inf=1.756913e+01, |delta_a|=3.151742e-07
[rank=2] Iter 187: J_model=5.0816259545e-06, |g|_inf=2.393548e+01, |delta_a|=4.285778e-08
[rank=2] Iter 188: J_model=5.0815666650e-06, |g|_inf=2.205178e+01, |delta_a|=1.078201e-07
[rank=2] Iter 189: J_model=5.0814242655e-06, |g|_inf=5.496521e+00, |delta_a|=2.306048e-07
[rank=2] Iter 190: J_model=5.0814056600e-06, |g|_inf=9.065419e+00, |delta_a|=4.275603e-08
[rank=2] Iter 191: J_model=5.0813607336e-06, |g|_inf=1.911458e+01, |delta_a|=1.211920e-07
[rank=2] Iter 192: J_model=5.0813350890e-06, |g|_inf=3.922601e+01, |delta_a|=1.848568e-07
[rank=2] Iter 193: J_model=5.0812630999e-06, |g|_inf=1.475868e+01, |delta_a|=8.219438e-09
[rank=2] Iter 194: J_model=5.0811822895e-06, |g|_inf=8.399088e+00, |delta_a|=1.431913e-07
[rank=2] Iter 195: J_model=5.0810954348e-06, |g|_inf=2.461483e+01, |delta_a|=2.336328e-07
[rank=2] Iter 196: J_model=5.0810584383e-06, |g|_inf=3.452119e+01, |delta_a|=1.410916e-07
[rank=2] Iter 197: J_model=5.0809650561e-06, |g|_inf=1.442102e+01, |delta_a|=7.131241e-08
[rank=2] Iter 198: J_model=5.0808842900e-06, |g|_inf=5.556503e+00, |delta_a|=1.393617e-07
[rank=2] Iter 199: J_model=5.0808690929e-06, |g|_inf=1.056795e+01, |delta_a|=3.949855e-08
[rank=2] Iter 200: J_model=5.0808220175e-06, |g|_inf=1.593521e+01, |delta_a|=1.097880e-07
[rank=2] Stop: STOP: TOTAL NO. OF ITERATIONS REACHED LIMIT (steps=200)
rank=  2 | steps=200 | J_model=5.0808220175e-06 | J_ref=2.6367681043e-03 | STOP: TOTAL NO. OF ITERATIONS REACHED LIMIT
