
--- 2026-09-25T22:38:45 | rank=15, k=10, grid=128x128, T=20, dt=0.005, method=L-BFGS-B, max_steps=200, tol=1e-15, gtol=1e-15, ftol=1e-14, maxcor=10, maxls=30 ---
[rank=15] Initial: J_model=4.3157703776e-03
[rank=15] Iter 1: J_model=4.2981635987e-03, |g|_inf=1.645853e+00, |delta_a|=1.684342e-05
[rank=15] Iter 2: J_model=4.2855896910e-03, |g|_inf=1.643630e+00, |delta_a|=7.786542e-06
[rank=15] Iter 3: J_model=2.6243751176e-03, |g|_inf=1.291300e+00, |delta_a|=1.145744e-03
[rank=15] Iter 4: J_model=3.1694768414e-04, |g|_inf=4.001691e-01, |delta_a|=5.416024e-03
[rank=15] Iter 5: J_model=3.1401876361e-05, |g|_inf=7.443476e-02, |delta_a|=1.303716e-03
[rank=15] Iter 6: J_model=1.2566247335e-05, |g|_inf=4.114119e-02, |delta_a|=3.030414e-04
[rank=15] Iter 7: J_model=4.4667848842e-06, |g|_inf=8.027773e-03, |delta_a|=3.461760e-04
[rank=15] Iter 8: J_model=4.3341183547e-06, |g|_inf=1.775216e-03, |delta_a|=2.723296e-05
[rank=15] Iter 9: J_model=4.3266416265e-06, |g|_inf=1.190125e-03, |delta_a|=8.238210e-06
[rank=15] Iter 10: J_model=4.3259171603e-06, |g|_inf=1.189614e-03, |delta_a|=1.676939e-06
[rank=15] Iter 11: J_model=4.3228641457e-06, |g|_inf=1.186411e-03, |delta_a|=9.258334e-06
[rank=15] Iter 12: J_model=4.3088142093e-06, |g|_inf=1.161153e-03, |delta_a|=2.144494e-05
[rank=15] Iter 13: J_model=4.2105597079e-06, |g|_inf=2.904198e-03, |delta_a|=1.769876e-04
[rank=15] Iter 14: J_model=4.1068337665e-06, |g|_inf=3.495272e-03, |delta_a|=2.018894e-04
[rank=15] Iter 15: J_model=4.0069042141e-06, |g|_inf=3.815357e-03, |delta_a|=2.981455e-04
[rank=15] Iter 16: J_model=3.9567191739e-06, |g|_inf=1.276621e-03, |delta_a|=1.271363e-04
[rank=15] Iter 17: J_model=3.9422203102e-06, |g|_inf=3.034440e-04, |delta_a|=6.823700e-05
[rank=15] Iter 18: J_model=3.9402110010e-06, |g|_inf=3.806874e-04, |delta_a|=1.557579e-05
[rank=15] Iter 19: J_model=3.9355255738e-06, |g|_inf=7.556594e-04, |delta_a|=2.941075e-05
[rank=15] Iter 20: J_model=3.9299675934e-06, |g|_inf=1.580657e-03, |delta_a|=8.395395e-05
[rank=15] Iter 21: J_model=3.9188288496e-06, |g|_inf=9.905064e-04, |delta_a|=2.691955e-05
[rank=15] Iter 22: J_model=3.9105447120e-06, |g|_inf=3.710552e-04, |delta_a|=3.760859e-05
[rank=15] Iter 23: J_model=3.9073347352e-06, |g|_inf=2.362003e-04, |delta_a|=3.431796e-05
[rank=15] Iter 24: J_model=3.9054800062e-06, |g|_inf=3.595025e-04, |delta_a|=1.896967e-05
[rank=15] Iter 25: J_model=3.8994199125e-06, |g|_inf=6.324559e-04, |delta_a|=5.038194e-05
[rank=15] Iter 26: J_model=3.8894826338e-06, |g|_inf=1.399306e-03, |delta_a|=1.475976e-04
[rank=15] Iter 27: J_model=3.8813918287e-06, |g|_inf=1.279088e-03, |delta_a|=4.177925e-05
[rank=15] Iter 28: J_model=3.8672818179e-06, |g|_inf=3.460340e-04, |delta_a|=4.683862e-05
[rank=15] Iter 29: J_model=3.8663556632e-06, |g|_inf=1.893370e-04, |delta_a|=6.968345e-06
[rank=15] Iter 30: J_model=3.8658971431e-06, |g|_inf=4.634795e-04, |delta_a|=9.129141e-06
[rank=15] Iter 31: J_model=3.8648109552e-06, |g|_inf=1.921219e-04, |delta_a|=5.889232e-06
[rank=15] Iter 32: J_model=3.8638311516e-06, |g|_inf=1.361640e-04, |delta_a|=1.278547e-05
[rank=15] Iter 33: J_model=3.8614709340e-06, |g|_inf=2.739973e-04, |delta_a|=2.038785e-05
[rank=15] Iter 34: J_model=3.8514899789e-06, |g|_inf=6.729862e-04, |delta_a|=6.825930e-05
[rank=15] Iter 35: J_model=3.8430703430e-06, |g|_inf=2.932643e-03, |delta_a|=3.460152e-04
[rank=15] Iter 36: J_model=3.8206707705e-06, |g|_inf=1.487319e-03, |delta_a|=2.012766e-05
[rank=15] Iter 37: J_model=3.8099057525e-06, |g|_inf=7.427458e-04, |delta_a|=4.731345e-05
[rank=15] Iter 38: J_model=3.7990055255e-06, |g|_inf=2.599223e-04, |delta_a|=1.681355e-04
[rank=15] Iter 39: J_model=3.7983934241e-06, |g|_inf=4.560216e-04, |delta_a|=6.099310e-05
[rank=15] Iter 40: J_model=3.7918630164e-06, |g|_inf=9.137363e-03, |delta_a|=3.976786e-05
[rank=15] Iter 41: J_model=3.7914240145e-06, |g|_inf=7.363133e-04, |delta_a|=2.845691e-07
[rank=15] Iter 42: J_model=3.7911163152e-06, |g|_inf=1.473768e-03, |delta_a|=2.121764e-06
[rank=15] Iter 43: J_model=3.7907942064e-06, |g|_inf=4.524308e-04, |delta_a|=1.383929e-06
[rank=15] Iter 44: J_model=3.7901223560e-06, |g|_inf=4.028681e-03, |delta_a|=5.460620e-06
[rank=15] Iter 45: J_model=3.7899518408e-06, |g|_inf=1.759478e-03, |delta_a|=1.332600e-06
[rank=15] Iter 46: J_model=3.7898584479e-06, |g|_inf=1.804880e-03, |delta_a|=1.496004e-06
[rank=15] Iter 47: J_model=3.7897466700e-06, |g|_inf=8.414902e-04, |delta_a|=1.451826e-06
[rank=15] Iter 48: J_model=3.7896697797e-06, |g|_inf=6.357490e-04, |delta_a|=2.477548e-06
[rank=15] Iter 49: J_model=3.7896139694e-06, |g|_inf=1.993671e-03, |delta_a|=3.488992e-06
[rank=15] Iter 50: J_model=3.7895677568e-06, |g|_inf=1.559022e-03, |delta_a|=1.324058e-06
[rank=15] Iter 51: J_model=3.7894911991e-06, |g|_inf=4.511913e-04, |delta_a|=1.952974e-06
[rank=15] Iter 52: J_model=3.7894823020e-06, |g|_inf=7.140594e-05, |delta_a|=3.927060e-07
[rank=15] Iter 53: J_model=3.7894605559e-06, |g|_inf=1.330286e-03, |delta_a|=1.289600e-06
[rank=15] Iter 54: J_model=3.7894472220e-06, |g|_inf=1.648927e-03, |delta_a|=1.072784e-06
[rank=15] Iter 55: J_model=3.7894403450e-06, |g|_inf=2.964329e-04, |delta_a|=7.548347e-07
[rank=15] Iter 56: J_model=3.7894354159e-06, |g|_inf=5.634297e-04, |delta_a|=3.914506e-07
[rank=15] Iter 57: J_model=3.7894304032e-06, |g|_inf=1.199001e-03, |delta_a|=4.631024e-07
[rank=15] Iter 58: J_model=3.7894210604e-06, |g|_inf=1.437674e-03, |delta_a|=6.035705e-07
[rank=15] Iter 59: J_model=3.7894122074e-06, |g|_inf=7.062254e-04, |delta_a|=6.108543e-07
[rank=15] Iter 60: J_model=3.7894073119e-06, |g|_inf=9.723537e-04, |delta_a|=6.939176e-07
[rank=15] Iter 61: J_model=3.7894006950e-06, |g|_inf=2.557885e-04, |delta_a|=6.113284e-07
[rank=15] Iter 62: J_model=3.7893970986e-06, |g|_inf=3.391775e-04, |delta_a|=6.866342e-07
[rank=15] Iter 63: J_model=3.7893902538e-06, |g|_inf=1.778802e-03, |delta_a|=1.855624e-06
[rank=15] Iter 64: J_model=3.7893854031e-06, |g|_inf=1.183979e-03, |delta_a|=6.633488e-07
[rank=15] Iter 65: J_model=3.7893769431e-06, |g|_inf=1.835951e-04, |delta_a|=6.250984e-07
[rank=15] Iter 66: J_model=3.7893745051e-06, |g|_inf=1.080368e-03, |delta_a|=8.962599e-07
[rank=15] Iter 67: J_model=3.7893699023e-06, |g|_inf=1.422905e-04, |delta_a|=1.570800e-07
[rank=15] Iter 68: J_model=3.7893618471e-06, |g|_inf=2.392252e-04, |delta_a|=7.122338e-07
[rank=15] Iter 69: J_model=3.7893552623e-06, |g|_inf=3.310461e-04, |delta_a|=7.097113e-07
[rank=15] Iter 70: J_model=3.7893475586e-06, |g|_inf=1.023869e-03, |delta_a|=8.438768e-07
[rank=15] Iter 71: J_model=3.7893312368e-06, |g|_inf=1.613634e-03, |delta_a|=1.492007e-06
[rank=15] Iter 72: J_model=3.7893071919e-06, |g|_inf=1.547579e-03, |delta_a|=6.793300e-07
[rank=15] Iter 73: J_model=3.7892837786e-06, |g|_inf=1.951225e-04, |delta_a|=7.521164e-07
[rank=15] Iter 74: J_model=3.7892704013e-06, |g|_inf=1.247356e-03, |delta_a|=7.127554e-07
[rank=15] Iter 75: J_model=3.7892622202e-06, |g|_inf=1.130612e-03, |delta_a|=1.499432e-06
[rank=15] Iter 76: J_model=3.7892552029e-06, |g|_inf=3.877473e-04, |delta_a|=5.756314e-07
[rank=15] Iter 77: J_model=3.7892523554e-06, |g|_inf=3.828612e-04, |delta_a|=7.940037e-08
[rank=15] Iter 78: J_model=3.7892511293e-06, |g|_inf=5.926424e-04, |delta_a|=1.768954e-07
[rank=15] Iter 79: J_model=3.7892360381e-06, |g|_inf=7.439860e-04, |delta_a|=1.068071e-06
[rank=15] Iter 80: J_model=3.7892314055e-06, |g|_inf=5.371594e-04, |delta_a|=5.018205e-07
[rank=15] Iter 81: J_model=3.7892286411e-06, |g|_inf=5.019707e-04, |delta_a|=9.010708e-07
[rank=15] Iter 82: J_model=3.7892129690e-06, |g|_inf=5.613210e-04, |delta_a|=8.257769e-07
[rank=15] Iter 83: J_model=3.7891871487e-06, |g|_inf=6.664025e-04, |delta_a|=1.945812e-06
[rank=15] Iter 84: J_model=3.7891866374e-06, |g|_inf=5.706826e-05, |delta_a|=1.643438e-07
[rank=15] Iter 85: J_model=3.7891831273e-06, |g|_inf=7.982353e-05, |delta_a|=8.216035e-07
[rank=15] Iter 86: J_model=3.7891818254e-06, |g|_inf=2.280174e-04, |delta_a|=2.000629e-07
[rank=15] Iter 87: J_model=3.7891787273e-06, |g|_inf=5.809667e-04, |delta_a|=2.914705e-07
[rank=15] Iter 88: J_model=3.7891742480e-06, |g|_inf=8.361421e-04, |delta_a|=5.416180e-07
[rank=15] Iter 89: J_model=3.7891716513e-06, |g|_inf=9.984125e-05, |delta_a|=4.399271e-07
[rank=15] Iter 90: J_model=3.7891710103e-06, |g|_inf=5.601280e-04, |delta_a|=3.577399e-07
[rank=15] Iter 91: J_model=3.7891705943e-06, |g|_inf=6.358420e-05, |delta_a|=8.826378e-08
[rank=15] Iter 92: J_model=3.7891704811e-06, |g|_inf=6.508446e-05, |delta_a|=5.085965e-08
[rank=15] Iter 93: J_model=3.7891702262e-06, |g|_inf=8.113026e-05, |delta_a|=1.435766e-07
[rank=15] Iter 94: J_model=3.7891695348e-06, |g|_inf=2.237891e-04, |delta_a|=3.235633e-07
[rank=15] Iter 95: J_model=3.7891690863e-06, |g|_inf=4.467273e-04, |delta_a|=3.391712e-07
[rank=15] Iter 96: J_model=3.7891685556e-06, |g|_inf=7.111785e-05, |delta_a|=4.799781e-08
[rank=15] Iter 97: J_model=3.7891680125e-06, |g|_inf=7.062466e-05, |delta_a|=2.996921e-07
[rank=15] Iter 98: J_model=3.7891672531e-06, |g|_inf=5.355049e-04, |delta_a|=6.352215e-07
[rank=15] Iter 99: J_model=3.7891662947e-06, |g|_inf=3.421280e-04, |delta_a|=2.335308e-07
[rank=15] Iter 100: J_model=3.7891657292e-06, |g|_inf=7.815739e-05, |delta_a|=1.929105e-07
[rank=15] Iter 101: J_model=3.7891652589e-06, |g|_inf=4.019376e-04, |delta_a|=2.578466e-07
[rank=15] Iter 102: J_model=3.7891643083e-06, |g|_inf=1.652614e-04, |delta_a|=1.640266e-07
[rank=15] Iter 103: J_model=3.7891611658e-06, |g|_inf=9.749848e-05, |delta_a|=4.536717e-07
[rank=15] Iter 104: J_model=3.7891593575e-06, |g|_inf=3.037053e-04, |delta_a|=3.563910e-07
[rank=15] Iter 105: J_model=3.7891586638e-06, |g|_inf=2.572992e-04, |delta_a|=1.476880e-07
[rank=15] Iter 106: J_model=3.7891584267e-06, |g|_inf=7.405238e-04, |delta_a|=2.896505e-07
[rank=15] Iter 107: J_model=3.7891577144e-06, |g|_inf=6.486538e-05, |delta_a|=1.314803e-07
[rank=15] Iter 108: J_model=3.7891575289e-06, |g|_inf=7.655715e-05, |delta_a|=1.065193e-07
[rank=15] Iter 109: J_model=3.7891572472e-06, |g|_inf=5.836106e-05, |delta_a|=1.757977e-07
[rank=15] Iter 110: J_model=3.7891570575e-06, |g|_inf=1.615324e-04, |delta_a|=2.032259e-07
[rank=15] Iter 111: J_model=3.7891569059e-06, |g|_inf=1.307644e-04, |delta_a|=9.625165e-08
[rank=15] Iter 112: J_model=3.7891564024e-06, |g|_inf=3.132409e-04, |delta_a|=4.012003e-07
[rank=15] Iter 113: J_model=3.7891553828e-06, |g|_inf=1.275700e-04, |delta_a|=9.039721e-08
[rank=15] Iter 114: J_model=3.7891540532e-06, |g|_inf=1.673735e-04, |delta_a|=3.373137e-07
[rank=15] Iter 115: J_model=3.7891532234e-06, |g|_inf=1.668292e-04, |delta_a|=1.088873e-06
[rank=15] Iter 116: J_model=3.7891509297e-06, |g|_inf=9.367969e-05, |delta_a|=4.066347e-07
[rank=15] Iter 117: J_model=3.7891481803e-06, |g|_inf=5.325960e-04, |delta_a|=6.298535e-07
[rank=15] Iter 118: J_model=3.7891466507e-06, |g|_inf=3.851764e-04, |delta_a|=5.047715e-07
[rank=15] Iter 119: J_model=3.7891464378e-06, |g|_inf=1.027626e-04, |delta_a|=1.263773e-07
[rank=15] Iter 120: J_model=3.7891452748e-06, |g|_inf=1.370758e-04, |delta_a|=3.017989e-07
[rank=15] Iter 121: J_model=3.7891430808e-06, |g|_inf=5.855722e-04, |delta_a|=7.745998e-07
[rank=15] Iter 122: J_model=3.7891421697e-06, |g|_inf=1.207990e-05, |delta_a|=2.633528e-07
[rank=15] Iter 123: J_model=3.7891413834e-06, |g|_inf=8.026926e-05, |delta_a|=4.642076e-07
[rank=15] Iter 124: J_model=3.7891410067e-06, |g|_inf=2.995432e-04, |delta_a|=5.411173e-07
[rank=15] Iter 125: J_model=3.7891406830e-06, |g|_inf=5.242482e-05, |delta_a|=1.082034e-07
[rank=15] Iter 126: J_model=3.7891404814e-06, |g|_inf=4.634500e-05, |delta_a|=1.442141e-07
[rank=15] Iter 127: J_model=3.7891404293e-06, |g|_inf=1.054991e-04, |delta_a|=1.127558e-07
[rank=15] Iter 128: J_model=3.7891401190e-06, |g|_inf=1.798924e-05, |delta_a|=3.849674e-07
[rank=15] Iter 129: J_model=3.7891400640e-06, |g|_inf=3.698812e-05, |delta_a|=6.154275e-08
[rank=15] Iter 130: J_model=3.7891399914e-06, |g|_inf=3.805181e-05, |delta_a|=1.279409e-07
[rank=15] Iter 131: J_model=3.7891399688e-06, |g|_inf=3.336882e-05, |delta_a|=9.968409e-08
[rank=15] Iter 132: J_model=3.7891399644e-06, |g|_inf=8.218293e-06, |delta_a|=2.140463e-08
[rank=15] Stop: CONVERGENCE: RELATIVE REDUCTION OF F <= FACTR*EPSMCH (steps=132)
rank= 15 | steps=132 | J_model=3.7891399644e-06 | J_ref=4.2236467032e-06 | CONVERGENCE: RELATIVE REDUCTION OF F <= FACTR*EPSMCH
