
--- 2026-09-24T18:17:27 | rank=7, k=10, grid=128x128, T=20, dt=0.005, method=L-BFGS-B, max_steps=200, tol=1e-15, gtol=1e-15, ftol=1e-14, maxcor=10, maxls=30 ---
[rank=7] Initial: J_model=4.3585004167e-03
[rank=7] Iter 1: J_model=3.0593055938e-05, |g|_inf=6.604128e-02, |delta_a|=5.881480e-03
[rank=7] Iter 2: J_model=1.7663821774e-05, |g|_inf=4.217813e-02, |delta_a|=2.272459e-04
[rank=7] Iter 3: J_model=1.0425168248e-05, |g|_inf=2.064639e-02, |delta_a|=3.339820e-04
[rank=7] Iter 4: J_model=1.0314754004e-05, |g|_inf=6.074132e-03, |delta_a|=2.184621e-05
[rank=7] Iter 5: J_model=1.0219983533e-05, |g|_inf=4.906733e-03, |delta_a|=1.315555e-05
[rank=7] Iter 6: J_model=1.0095155574e-05, |g|_inf=4.726103e-03, |delta_a|=2.647994e-05
[rank=7] Iter 7: J_model=1.0059253100e-05, |g|_inf=4.761502e-03, |delta_a|=8.736114e-06
[rank=7] Iter 8: J_model=9.7445005378e-06, |g|_inf=2.151411e-02, |delta_a|=1.397518e-04
[rank=7] Iter 9: J_model=9.6492816334e-06, |g|_inf=2.709850e-02, |delta_a|=2.695262e-04
[rank=7] Iter 10: J_model=8.9135755702e-06, |g|_inf=1.969177e-02, |delta_a|=4.626513e-05
[rank=7] Iter 11: J_model=7.5492350945e-06, |g|_inf=6.371532e-03, |delta_a|=2.179035e-04
[rank=7] Iter 12: J_model=6.5580342256e-06, |g|_inf=9.782330e-03, |delta_a|=4.277075e-04
[rank=7] Iter 13: J_model=4.9211794193e-06, |g|_inf=1.657680e-02, |delta_a|=1.651088e-03
[rank=7] Iter 14: J_model=4.7318900023e-06, |g|_inf=1.318934e-02, |delta_a|=3.382849e-04
[rank=7] Iter 15: J_model=4.4162914279e-06, |g|_inf=1.257568e-02, |delta_a|=1.566353e-04
[rank=7] Iter 16: J_model=4.2865165470e-06, |g|_inf=9.816978e-03, |delta_a|=2.369907e-04
[rank=7] Iter 17: J_model=4.0988830469e-06, |g|_inf=6.059841e-03, |delta_a|=3.182928e-05
[rank=7] Iter 18: J_model=3.9469248371e-06, |g|_inf=4.074425e-03, |delta_a|=6.167702e-05
[rank=7] Iter 19: J_model=3.9234015588e-06, |g|_inf=2.661064e-03, |delta_a|=1.262554e-05
[rank=7] Iter 20: J_model=3.9046591344e-06, |g|_inf=9.597189e-04, |delta_a|=4.002162e-05
[rank=7] Iter 21: J_model=3.8983773793e-06, |g|_inf=7.453977e-04, |delta_a|=2.197763e-05
[rank=7] Iter 22: J_model=3.8926916961e-06, |g|_inf=6.303904e-04, |delta_a|=4.943945e-05
[rank=7] Iter 23: J_model=3.8905988054e-06, |g|_inf=2.754598e-04, |delta_a|=3.232826e-05
[rank=7] Iter 24: J_model=3.8885603126e-06, |g|_inf=2.233756e-04, |delta_a|=7.257870e-06
[rank=7] Iter 25: J_model=3.8841143461e-06, |g|_inf=5.874413e-04, |delta_a|=2.484171e-05
[rank=7] Iter 26: J_model=3.8785721747e-06, |g|_inf=8.740719e-04, |delta_a|=3.951212e-05
[rank=7] Iter 27: J_model=3.8635096707e-06, |g|_inf=1.457404e-03, |delta_a|=1.171585e-04
[rank=7] Iter 28: J_model=3.8413037073e-06, |g|_inf=2.458642e-03, |delta_a|=2.092502e-04
[rank=7] Iter 29: J_model=3.8278341962e-06, |g|_inf=3.252169e-03, |delta_a|=2.686880e-04
[rank=7] Iter 30: J_model=3.7977175686e-06, |g|_inf=2.870676e-03, |delta_a|=2.716281e-04
[rank=7] Iter 31: J_model=3.7671997911e-06, |g|_inf=2.915022e-03, |delta_a|=9.060334e-05
[rank=7] Iter 32: J_model=3.7486376715e-06, |g|_inf=5.752087e-04, |delta_a|=1.099384e-04
[rank=7] Iter 33: J_model=3.7469871318e-06, |g|_inf=4.137208e-04, |delta_a|=1.571184e-05
[rank=7] Iter 34: J_model=3.7448675001e-06, |g|_inf=2.792308e-04, |delta_a|=3.113585e-05
[rank=7] Iter 35: J_model=3.7436308630e-06, |g|_inf=1.624416e-04, |delta_a|=4.489458e-05
[rank=7] Iter 36: J_model=3.7428570461e-06, |g|_inf=1.606628e-04, |delta_a|=1.906543e-05
[rank=7] Iter 37: J_model=3.7418025945e-06, |g|_inf=1.407457e-04, |delta_a|=1.467426e-05
[rank=7] Iter 38: J_model=3.7381974561e-06, |g|_inf=4.487314e-04, |delta_a|=3.514432e-05
[rank=7] Iter 39: J_model=3.7336455197e-06, |g|_inf=3.828380e-04, |delta_a|=5.573657e-05
[rank=7] Iter 40: J_model=3.7299876555e-06, |g|_inf=3.811767e-04, |delta_a|=5.873991e-05
[rank=7] Iter 41: J_model=3.7279951557e-06, |g|_inf=1.738714e-04, |delta_a|=4.030094e-05
[rank=7] Iter 42: J_model=3.7264486156e-06, |g|_inf=2.760317e-04, |delta_a|=3.355115e-05
[rank=7] Iter 43: J_model=3.7259134275e-06, |g|_inf=2.249099e-04, |delta_a|=2.647464e-05
[rank=7] Iter 44: J_model=3.7255375470e-06, |g|_inf=1.769266e-04, |delta_a|=1.861147e-05
[rank=7] Iter 45: J_model=3.7253872250e-06, |g|_inf=1.796477e-04, |delta_a|=1.467843e-05
[rank=7] Iter 46: J_model=3.7249516703e-06, |g|_inf=1.284305e-04, |delta_a|=9.446478e-06
[rank=7] Iter 47: J_model=3.7245456855e-06, |g|_inf=1.087310e-04, |delta_a|=7.781125e-06
[rank=7] Iter 48: J_model=3.7233046156e-06, |g|_inf=4.537731e-04, |delta_a|=2.454747e-05
[rank=7] Iter 49: J_model=3.7206851725e-06, |g|_inf=5.123071e-04, |delta_a|=3.478405e-05
[rank=7] Iter 50: J_model=3.7184831483e-06, |g|_inf=4.977059e-04, |delta_a|=2.896850e-05
[rank=7] Iter 51: J_model=3.7161222948e-06, |g|_inf=3.242669e-04, |delta_a|=3.386568e-05
[rank=7] Iter 52: J_model=3.7134090134e-06, |g|_inf=3.442896e-04, |delta_a|=2.952702e-05
[rank=7] Iter 53: J_model=3.7126983061e-06, |g|_inf=3.260402e-04, |delta_a|=1.162382e-05
[rank=7] Iter 54: J_model=3.7118388769e-06, |g|_inf=2.672863e-04, |delta_a|=6.716208e-06
[rank=7] Iter 55: J_model=3.7112998880e-06, |g|_inf=1.939942e-04, |delta_a|=4.483212e-06
[rank=7] Iter 56: J_model=3.7105340393e-06, |g|_inf=2.380026e-04, |delta_a|=6.290677e-06
[rank=7] Iter 57: J_model=3.7100677749e-06, |g|_inf=3.299751e-04, |delta_a|=1.573779e-05
[rank=7] Iter 58: J_model=3.7093877988e-06, |g|_inf=2.204258e-04, |delta_a|=1.573889e-05
[rank=7] Iter 59: J_model=3.7090694866e-06, |g|_inf=2.191729e-04, |delta_a|=7.869409e-06
[rank=7] Iter 60: J_model=3.7088300956e-06, |g|_inf=1.246404e-04, |delta_a|=4.393572e-06
[rank=7] Iter 61: J_model=3.7086202336e-06, |g|_inf=1.533848e-04, |delta_a|=5.350325e-06
[rank=7] Iter 62: J_model=3.7083626913e-06, |g|_inf=7.597540e-05, |delta_a|=4.457459e-06
[rank=7] Iter 63: J_model=3.7082226034e-06, |g|_inf=9.014902e-05, |delta_a|=4.460767e-06
[rank=7] Iter 64: J_model=3.7082092262e-06, |g|_inf=6.543288e-05, |delta_a|=1.323620e-06
[rank=7] Iter 65: J_model=3.7081840937e-06, |g|_inf=3.299645e-05, |delta_a|=7.718296e-07
[rank=7] Iter 66: J_model=3.7081778084e-06, |g|_inf=9.571668e-06, |delta_a|=5.605173e-07
[rank=7] Iter 67: J_model=3.7081716966e-06, |g|_inf=1.684575e-05, |delta_a|=8.846704e-07
[rank=7] Iter 68: J_model=3.7081673617e-06, |g|_inf=1.369049e-05, |delta_a|=9.752962e-07
[rank=7] Iter 69: J_model=3.7081655192e-06, |g|_inf=9.247937e-06, |delta_a|=5.921723e-07
[rank=7] Iter 70: J_model=3.7081643865e-06, |g|_inf=9.481622e-06, |delta_a|=5.086997e-07
[rank=7] Iter 71: J_model=3.7081620376e-06, |g|_inf=1.985273e-05, |delta_a|=2.270618e-06
[rank=7] Iter 72: J_model=3.7081599285e-06, |g|_inf=1.792424e-05, |delta_a|=6.097958e-07
[rank=7] Iter 73: J_model=3.7081535412e-06, |g|_inf=1.054550e-05, |delta_a|=4.975203e-06
[rank=7] Iter 74: J_model=3.7081518996e-06, |g|_inf=1.636861e-05, |delta_a|=8.494032e-07
[rank=7] Iter 75: J_model=3.7081492684e-06, |g|_inf=1.085612e-05, |delta_a|=1.717371e-06
[rank=7] Iter 76: J_model=3.7081487407e-06, |g|_inf=6.371338e-06, |delta_a|=7.060893e-07
[rank=7] Iter 77: J_model=3.7081481326e-06, |g|_inf=2.669989e-06, |delta_a|=8.383547e-07
[rank=7] Iter 78: J_model=3.7081476547e-06, |g|_inf=2.681908e-06, |delta_a|=1.296672e-06
[rank=7] Iter 79: J_model=3.7081475375e-06, |g|_inf=4.512307e-06, |delta_a|=2.747403e-07
[rank=7] Iter 80: J_model=3.7081474590e-06, |g|_inf=1.234773e-06, |delta_a|=4.947510e-07
[rank=7] Iter 81: J_model=3.7081474354e-06, |g|_inf=9.073132e-07, |delta_a|=1.031880e-07
[rank=7] Iter 82: J_model=3.7081474308e-06, |g|_inf=6.722725e-07, |delta_a|=1.934397e-08
[rank=7] Stop: CONVERGENCE: RELATIVE REDUCTION OF F <= FACTR*EPSMCH (steps=82)
rank=  7 | steps=82 | J_model=3.7081474308e-06 | J_ref=4.2076941912e-06 | CONVERGENCE: RELATIVE REDUCTION OF F <= FACTR*EPSMCH
