
--- 2026-09-24T18:17:27 | rank=9, k=10, grid=128x128, T=20, dt=0.005, method=L-BFGS-B, max_steps=200, tol=1e-15, gtol=1e-15, ftol=1e-14, maxcor=10, maxls=30 ---
[rank=9] Initial: J_model=4.3353280501e-03
[rank=9] Iter 1: J_model=6.3167216894e-05, |g|_inf=9.896824e-02, |delta_a|=6.066880e-03
[rank=9] Iter 2: J_model=2.3031339511e-05, |g|_inf=6.135548e-02, |delta_a|=4.128493e-04
[rank=9] Iter 3: J_model=7.1708310414e-06, |g|_inf=1.889037e-02, |delta_a|=3.991110e-04
[rank=9] Iter 4: J_model=5.2371694105e-06, |g|_inf=3.913667e-03, |delta_a|=1.713202e-04
[rank=9] Iter 5: J_model=5.2196421996e-06, |g|_inf=2.596285e-03, |delta_a|=1.541553e-05
[rank=9] Iter 6: J_model=5.2081787286e-06, |g|_inf=1.088683e-03, |delta_a|=6.916720e-06
[rank=9] Iter 7: J_model=5.2047583687e-06, |g|_inf=1.088725e-03, |delta_a|=2.912805e-06
[rank=9] Iter 8: J_model=5.1774775367e-06, |g|_inf=2.981276e-03, |delta_a|=5.486304e-05
[rank=9] Iter 9: J_model=5.1747345425e-06, |g|_inf=5.003861e-03, |delta_a|=4.349635e-05
[rank=9] Iter 10: J_model=5.1261381442e-06, |g|_inf=3.760608e-03, |delta_a|=1.967975e-05
[rank=9] Iter 11: J_model=4.9895967315e-06, |g|_inf=2.109832e-03, |delta_a|=1.208610e-04
[rank=9] Iter 12: J_model=4.8620565049e-06, |g|_inf=3.099937e-03, |delta_a|=1.768173e-04
[rank=9] Iter 13: J_model=4.5975329354e-06, |g|_inf=9.613447e-03, |delta_a|=1.084398e-03
[rank=9] Iter 14: J_model=4.3285006896e-06, |g|_inf=3.982666e-03, |delta_a|=3.634104e-04
[rank=9] Iter 15: J_model=4.2370677783e-06, |g|_inf=1.985384e-03, |delta_a|=1.659007e-04
[rank=9] Iter 16: J_model=4.2129702963e-06, |g|_inf=8.914656e-04, |delta_a|=2.626986e-05
[rank=9] Iter 17: J_model=4.2077115009e-06, |g|_inf=8.687359e-04, |delta_a|=1.042437e-05
[rank=9] Iter 18: J_model=4.1645048339e-06, |g|_inf=2.059389e-03, |delta_a|=6.710371e-05
[rank=9] Iter 19: J_model=4.1004396626e-06, |g|_inf=3.051070e-03, |delta_a|=1.231245e-04
[rank=9] Iter 20: J_model=3.8954533510e-06, |g|_inf=4.335898e-03, |delta_a|=5.440683e-04
[rank=9] Iter 21: J_model=3.8375489357e-06, |g|_inf=6.612821e-03, |delta_a|=3.252504e-04
[rank=9] Iter 22: J_model=3.8152850440e-06, |g|_inf=6.616827e-03, |delta_a|=2.007790e-04
[rank=9] Iter 23: J_model=3.7920931762e-06, |g|_inf=2.370137e-03, |delta_a|=2.414150e-04
[rank=9] Iter 24: J_model=3.7410947350e-06, |g|_inf=8.381767e-04, |delta_a|=1.940974e-04
[rank=9] Iter 25: J_model=3.7346480235e-06, |g|_inf=8.081496e-04, |delta_a|=8.211441e-05
[rank=9] Iter 26: J_model=3.7228480797e-06, |g|_inf=4.809377e-04, |delta_a|=9.124042e-05
[rank=9] Iter 27: J_model=3.7212507665e-06, |g|_inf=3.501529e-04, |delta_a|=2.523281e-05
[rank=9] Iter 28: J_model=3.7209398611e-06, |g|_inf=2.396806e-04, |delta_a|=1.573298e-05
[rank=9] Iter 29: J_model=3.7204717167e-06, |g|_inf=1.084087e-04, |delta_a|=6.713088e-06
[rank=9] Iter 30: J_model=3.7203305751e-06, |g|_inf=1.887364e-04, |delta_a|=6.772889e-06
[rank=9] Iter 31: J_model=3.7200669228e-06, |g|_inf=8.004925e-05, |delta_a|=7.210356e-06
[rank=9] Iter 32: J_model=3.7198132312e-06, |g|_inf=7.970723e-05, |delta_a|=3.094718e-06
[rank=9] Iter 33: J_model=3.7178305382e-06, |g|_inf=3.690775e-04, |delta_a|=5.485802e-05
[rank=9] Iter 34: J_model=3.7168117339e-06, |g|_inf=3.658032e-04, |delta_a|=1.990189e-05
[rank=9] Iter 35: J_model=3.7159612722e-06, |g|_inf=1.431385e-04, |delta_a|=7.873421e-06
[rank=9] Iter 36: J_model=3.7157574630e-06, |g|_inf=6.713699e-05, |delta_a|=1.139941e-05
[rank=9] Iter 37: J_model=3.7156452766e-06, |g|_inf=8.829166e-05, |delta_a|=2.303806e-06
[rank=9] Iter 38: J_model=3.7155668032e-06, |g|_inf=5.574574e-05, |delta_a|=2.539404e-06
[rank=9] Iter 39: J_model=3.7155190784e-06, |g|_inf=5.798551e-05, |delta_a|=2.910264e-06
[rank=9] Iter 40: J_model=3.7154972792e-06, |g|_inf=8.393333e-05, |delta_a|=2.648894e-06
[rank=9] Iter 41: J_model=3.7154509337e-06, |g|_inf=5.428408e-05, |delta_a|=1.119706e-06
[rank=9] Iter 42: J_model=3.7153321655e-06, |g|_inf=4.820472e-05, |delta_a|=3.897132e-06
[rank=9] Iter 43: J_model=3.7151445482e-06, |g|_inf=7.393091e-05, |delta_a|=9.211016e-06
[rank=9] Iter 44: J_model=3.7150467656e-06, |g|_inf=9.526373e-05, |delta_a|=8.341930e-06
[rank=9] Iter 45: J_model=3.7149463865e-06, |g|_inf=1.090822e-04, |delta_a|=9.633538e-06
[rank=9] Iter 46: J_model=3.7146124667e-06, |g|_inf=4.922029e-05, |delta_a|=5.593587e-06
[rank=9] Iter 47: J_model=3.7143237397e-06, |g|_inf=1.827309e-04, |delta_a|=9.100847e-06
[rank=9] Iter 48: J_model=3.7141704084e-06, |g|_inf=2.378654e-04, |delta_a|=2.400607e-06
[rank=9] Iter 49: J_model=3.7141592722e-06, |g|_inf=2.231834e-04, |delta_a|=1.469005e-07
[rank=9] Iter 50: J_model=3.7140787124e-06, |g|_inf=2.000999e-04, |delta_a|=2.786229e-06
[rank=9] Iter 51: J_model=3.7139871461e-06, |g|_inf=2.628552e-04, |delta_a|=6.228696e-06
[rank=9] Iter 52: J_model=3.7136787435e-06, |g|_inf=1.612132e-04, |delta_a|=1.437805e-06
[rank=9] Iter 53: J_model=3.7135064208e-06, |g|_inf=1.617390e-04, |delta_a|=2.856764e-06
[rank=9] Iter 54: J_model=3.7132970330e-06, |g|_inf=1.392611e-04, |delta_a|=3.204270e-06
[rank=9] Iter 55: J_model=3.7128431315e-06, |g|_inf=2.373808e-04, |delta_a|=1.079275e-05
[rank=9] Iter 56: J_model=3.7128181843e-06, |g|_inf=1.859705e-04, |delta_a|=8.586500e-07
[rank=9] Iter 57: J_model=3.7127549960e-06, |g|_inf=9.599662e-05, |delta_a|=5.033219e-07
[rank=9] Iter 58: J_model=3.7127229452e-06, |g|_inf=9.941127e-05, |delta_a|=1.660010e-06
[rank=9] Iter 59: J_model=3.7126917795e-06, |g|_inf=9.502661e-05, |delta_a|=1.100607e-06
[rank=9] Iter 60: J_model=3.7126675980e-06, |g|_inf=6.215671e-05, |delta_a|=6.564291e-07
[rank=9] Iter 61: J_model=3.7126145501e-06, |g|_inf=6.096512e-05, |delta_a|=2.397700e-06
[rank=9] Iter 62: J_model=3.7125556293e-06, |g|_inf=6.936580e-05, |delta_a|=2.230296e-06
[rank=9] Iter 63: J_model=3.7124817471e-06, |g|_inf=4.469474e-04, |delta_a|=7.409658e-06
[rank=9] Iter 64: J_model=3.7124259439e-06, |g|_inf=1.427315e-04, |delta_a|=1.043651e-06
[rank=9] Iter 65: J_model=3.7123685107e-06, |g|_inf=4.297182e-05, |delta_a|=1.828550e-06
[rank=9] Iter 66: J_model=3.7122081125e-06, |g|_inf=1.591275e-04, |delta_a|=4.638018e-06
[rank=9] Iter 67: J_model=3.7119771293e-06, |g|_inf=3.655556e-04, |delta_a|=1.534349e-05
[rank=9] Iter 68: J_model=3.7119434630e-06, |g|_inf=3.785969e-04, |delta_a|=1.593663e-06
[rank=9] Iter 69: J_model=3.7117213981e-06, |g|_inf=1.072112e-04, |delta_a|=1.368726e-06
[rank=9] Iter 70: J_model=3.7115090080e-06, |g|_inf=2.390242e-04, |delta_a|=8.206375e-06
[rank=9] Iter 71: J_model=3.7112503925e-06, |g|_inf=1.021582e-04, |delta_a|=1.402232e-05
[rank=9] Iter 72: J_model=3.7111958295e-06, |g|_inf=1.998891e-04, |delta_a|=1.801424e-05
[rank=9] Iter 73: J_model=3.7111094900e-06, |g|_inf=2.811399e-04, |delta_a|=2.664967e-06
[rank=9] Iter 74: J_model=3.7110771572e-06, |g|_inf=1.283618e-04, |delta_a|=3.436932e-06
[rank=9] Iter 75: J_model=3.7110697240e-06, |g|_inf=8.201937e-05, |delta_a|=3.400905e-07
[rank=9] Iter 76: J_model=3.7110650760e-06, |g|_inf=7.447302e-05, |delta_a|=3.675668e-07
[rank=9] Iter 77: J_model=3.7110332030e-06, |g|_inf=7.718896e-05, |delta_a|=2.327217e-06
[rank=9] Iter 78: J_model=3.7110151238e-06, |g|_inf=5.038567e-05, |delta_a|=2.326372e-06
[rank=9] Iter 79: J_model=3.7109961688e-06, |g|_inf=5.878930e-05, |delta_a|=3.480744e-06
[rank=9] Iter 80: J_model=3.7109745678e-06, |g|_inf=7.536476e-05, |delta_a|=6.389127e-06
[rank=9] Iter 81: J_model=3.7109633618e-06, |g|_inf=1.357309e-04, |delta_a|=1.864330e-06
[rank=9] Iter 82: J_model=3.7109509590e-06, |g|_inf=7.674694e-05, |delta_a|=7.409243e-07
[rank=9] Iter 83: J_model=3.7109444753e-06, |g|_inf=2.949337e-05, |delta_a|=1.232168e-06
[rank=9] Iter 84: J_model=3.7109401747e-06, |g|_inf=2.572214e-05, |delta_a|=1.306939e-06
[rank=9] Iter 85: J_model=3.7109380381e-06, |g|_inf=2.013605e-05, |delta_a|=1.132906e-06
[rank=9] Iter 86: J_model=3.7109357617e-06, |g|_inf=2.649230e-05, |delta_a|=4.884712e-07
[rank=9] Iter 87: J_model=3.7109327083e-06, |g|_inf=1.912281e-05, |delta_a|=8.447943e-07
[rank=9] Iter 88: J_model=3.7109268798e-06, |g|_inf=2.526212e-05, |delta_a|=1.209372e-06
[rank=9] Iter 89: J_model=3.7109138409e-06, |g|_inf=2.968050e-05, |delta_a|=3.003180e-06
[rank=9] Iter 90: J_model=3.7109025968e-06, |g|_inf=3.607181e-05, |delta_a|=2.183862e-06
[rank=9] Iter 91: J_model=3.7108715970e-06, |g|_inf=8.955206e-05, |delta_a|=2.484770e-06
[rank=9] Iter 92: J_model=3.7095739523e-06, |g|_inf=3.929245e-04, |delta_a|=7.248913e-06
[rank=9] Iter 93: J_model=3.7095736037e-06, |g|_inf=3.321087e-04, |delta_a|=3.259400e-08
[rank=9] Iter 94: J_model=3.7095127805e-06, |g|_inf=7.708844e-04, |delta_a|=2.096885e-06
[rank=9] Iter 95: J_model=3.7094578437e-06, |g|_inf=1.986192e-03, |delta_a|=2.257334e-06
[rank=9] Iter 96: J_model=3.7092938536e-06, |g|_inf=1.722504e-03, |delta_a|=5.043934e-06
[rank=9] Iter 97: J_model=3.7092449903e-06, |g|_inf=4.800539e-04, |delta_a|=2.215329e-06
[rank=9] Iter 98: J_model=3.7091923831e-06, |g|_inf=1.053538e-03, |delta_a|=4.216208e-06
[rank=9] Iter 99: J_model=3.7091635633e-06, |g|_inf=4.141513e-04, |delta_a|=1.737893e-06
[rank=9] Iter 100: J_model=3.7091596293e-06, |g|_inf=9.124378e-04, |delta_a|=3.919811e-07
[rank=9] Iter 101: J_model=3.7091517114e-06, |g|_inf=9.226011e-04, |delta_a|=4.604256e-07
[rank=9] Iter 102: J_model=3.7090639409e-06, |g|_inf=9.485515e-04, |delta_a|=3.355669e-06
[rank=9] Iter 103: J_model=3.7090433418e-06, |g|_inf=3.122616e-04, |delta_a|=1.171603e-06
[rank=9] Iter 104: J_model=3.7090357990e-06, |g|_inf=4.061251e-04, |delta_a|=2.441473e-06
[rank=9] Iter 105: J_model=3.7090161999e-06, |g|_inf=7.881794e-04, |delta_a|=1.492239e-06
[rank=9] Iter 106: J_model=3.7090093355e-06, |g|_inf=1.856739e-04, |delta_a|=1.315826e-06
[rank=9] Iter 107: J_model=3.7089850773e-06, |g|_inf=6.419502e-04, |delta_a|=1.431271e-06
[rank=9] Iter 108: J_model=3.7089547326e-06, |g|_inf=8.297634e-04, |delta_a|=1.873408e-06
[rank=9] Iter 109: J_model=3.7089302718e-06, |g|_inf=1.717652e-04, |delta_a|=1.246715e-06
[rank=9] Iter 110: J_model=3.7088969907e-06, |g|_inf=1.402150e-03, |delta_a|=7.375173e-06
[rank=9] Iter 111: J_model=3.7088674091e-06, |g|_inf=3.330757e-04, |delta_a|=6.159981e-07
[rank=9] Iter 112: J_model=3.7088251382e-06, |g|_inf=3.612205e-04, |delta_a|=3.906242e-06
[rank=9] Iter 113: J_model=3.7087993188e-06, |g|_inf=2.327388e-04, |delta_a|=1.044908e-06
[rank=9] Iter 114: J_model=3.7087488506e-06, |g|_inf=1.245293e-04, |delta_a|=4.994843e-06
[rank=9] Iter 115: J_model=3.7087427128e-06, |g|_inf=9.965997e-04, |delta_a|=1.219916e-06
[rank=9] Iter 116: J_model=3.7087178299e-06, |g|_inf=3.588169e-04, |delta_a|=1.319521e-06
[rank=9] Iter 117: J_model=3.7087045706e-06, |g|_inf=1.833908e-04, |delta_a|=1.340472e-06
[rank=9] Iter 118: J_model=3.7086890639e-06, |g|_inf=1.261444e-03, |delta_a|=2.756776e-06
[rank=9] Iter 119: J_model=3.7086591312e-06, |g|_inf=3.843523e-04, |delta_a|=6.216025e-07
[rank=9] Iter 120: J_model=3.7086512756e-06, |g|_inf=4.130751e-04, |delta_a|=1.302300e-06
[rank=9] Iter 121: J_model=3.7085942270e-06, |g|_inf=4.752744e-04, |delta_a|=2.712118e-06
[rank=9] Iter 122: J_model=3.7085368603e-06, |g|_inf=2.965949e-04, |delta_a|=2.497748e-06
[rank=9] Iter 123: J_model=3.7085090984e-06, |g|_inf=2.655590e-04, |delta_a|=2.386378e-06
[rank=9] Iter 124: J_model=3.7085065070e-06, |g|_inf=1.638359e-04, |delta_a|=3.096176e-07
[rank=9] Iter 125: J_model=3.7085047869e-06, |g|_inf=4.180823e-04, |delta_a|=5.003210e-07
[rank=9] Iter 126: J_model=3.7085025041e-06, |g|_inf=1.622009e-04, |delta_a|=6.890634e-07
[rank=9] Iter 127: J_model=3.7085000501e-06, |g|_inf=2.277555e-04, |delta_a|=3.486291e-07
[rank=9] Iter 128: J_model=3.7084938941e-06, |g|_inf=2.963689e-04, |delta_a|=2.947858e-07
[rank=9] Iter 129: J_model=3.7084809226e-06, |g|_inf=9.033923e-05, |delta_a|=9.617726e-07
[rank=9] Iter 130: J_model=3.7084739979e-06, |g|_inf=3.843427e-04, |delta_a|=1.224726e-06
[rank=9] Iter 131: J_model=3.7084694544e-06, |g|_inf=4.021296e-04, |delta_a|=1.082922e-06
[rank=9] Iter 132: J_model=3.7084674729e-06, |g|_inf=4.483387e-04, |delta_a|=2.361767e-07
[rank=9] Iter 133: J_model=3.7084542226e-06, |g|_inf=4.063497e-04, |delta_a|=1.952015e-06
[rank=9] Iter 134: J_model=3.7084405692e-06, |g|_inf=5.935137e-04, |delta_a|=1.285823e-06
[rank=9] Iter 135: J_model=3.7084155890e-06, |g|_inf=3.852931e-05, |delta_a|=2.028576e-06
[rank=9] Iter 136: J_model=3.7084122791e-06, |g|_inf=6.269360e-04, |delta_a|=2.111672e-06
[rank=9] Iter 137: J_model=3.7084071722e-06, |g|_inf=6.015528e-05, |delta_a|=2.897319e-07
[rank=9] Iter 138: J_model=3.7084049889e-06, |g|_inf=5.836440e-05, |delta_a|=7.224927e-07
[rank=9] Iter 139: J_model=3.7084042210e-06, |g|_inf=5.476917e-05, |delta_a|=1.836140e-07
[rank=9] Iter 140: J_model=3.7084003964e-06, |g|_inf=7.250436e-05, |delta_a|=7.196111e-07
[rank=9] Iter 141: J_model=3.7083973442e-06, |g|_inf=2.367090e-04, |delta_a|=1.403917e-06
[rank=9] Iter 142: J_model=3.7083956177e-06, |g|_inf=7.818959e-05, |delta_a|=3.523869e-07
[rank=9] Iter 143: J_model=3.7083930498e-06, |g|_inf=6.044308e-05, |delta_a|=1.014741e-06
[rank=9] Iter 144: J_model=3.7083915003e-06, |g|_inf=1.243338e-04, |delta_a|=5.824980e-07
[rank=9] Iter 145: J_model=3.7083905023e-06, |g|_inf=2.177742e-05, |delta_a|=2.226827e-07
[rank=9] Iter 146: J_model=3.7083903324e-06, |g|_inf=5.179306e-05, |delta_a|=4.111502e-07
[rank=9] Iter 147: J_model=3.7083902497e-06, |g|_inf=1.800163e-05, |delta_a|=6.238871e-08
[rank=9] Iter 148: J_model=3.7083901860e-06, |g|_inf=2.053281e-05, |delta_a|=1.372427e-07
[rank=9] Iter 149: J_model=3.7083901496e-06, |g|_inf=2.626770e-05, |delta_a|=5.545073e-08
[rank=9] Iter 150: J_model=3.7083900174e-06, |g|_inf=4.193032e-05, |delta_a|=9.494225e-08
[rank=9] Iter 151: J_model=3.7083898723e-06, |g|_inf=4.894088e-05, |delta_a|=8.751110e-08
[rank=9] Iter 152: J_model=3.7083898181e-06, |g|_inf=4.873356e-05, |delta_a|=1.732258e-07
[rank=9] Iter 153: J_model=3.7083897644e-06, |g|_inf=6.631997e-05, |delta_a|=2.599631e-07
[rank=9] Iter 154: J_model=3.7083896024e-06, |g|_inf=2.255612e-05, |delta_a|=1.693570e-07
[rank=9] Iter 155: J_model=3.7083895649e-06, |g|_inf=6.496551e-06, |delta_a|=1.162799e-08
[rank=9] Iter 156: J_model=3.7083895557e-06, |g|_inf=1.570512e-05, |delta_a|=1.188615e-08
[rank=9] Stop: CONVERGENCE: RELATIVE REDUCTION OF F <= FACTR*EPSMCH (steps=156)
rank=  9 | steps=156 | J_model=3.7083895557e-06 | J_ref=4.2120123537e-06 | CONVERGENCE: RELATIVE REDUCTION OF F <= FACTR*EPSMCH
