
--- 2026-09-24T18:18:48 | rank=17, k=10, grid=128x128, T=20, dt=0.005, method=L-BFGS-B, max_steps=200, tol=1e-15, gtol=1e-15, ftol=1e-14, maxcor=10, maxls=30 ---
[rank=17] Initial: J_model=4.3206685194e-03
[rank=17] Iter 1: J_model=9.4907182552e-04, |g|_inf=3.473624e-01, |delta_a|=3.483591e-02
[rank=17] Iter 2: J_model=7.1674717097e-04, |g|_inf=7.701722e-02, |delta_a|=9.159310e-04
[rank=17] Iter 3: J_model=6.7499028309e-04, |g|_inf=6.545868e-02, |delta_a|=4.634169e-04
[rank=17] Iter 4: J_model=6.4521149126e-04, |g|_inf=4.006077e-02, |delta_a|=5.680294e-04
[rank=17] Iter 5: J_model=6.2957515406e-04, |g|_inf=3.852994e-02, |delta_a|=5.071695e-04
[rank=17] Iter 6: J_model=6.1343393546e-04, |g|_inf=3.680400e-02, |delta_a|=6.554416e-04
[rank=17] Iter 7: J_model=5.6307130372e-04, |g|_inf=9.294204e-02, |delta_a|=2.355209e-03
[rank=17] Iter 8: J_model=4.6818709781e-04, |g|_inf=1.344340e-01, |delta_a|=4.997306e-03
[rank=17] Iter 9: J_model=3.4218989675e-04, |g|_inf=1.964516e-01, |delta_a|=8.910604e-03
[rank=17] Iter 10: J_model=2.0493257657e-04, |g|_inf=1.537846e-01, |delta_a|=4.600073e-03
[rank=17] Iter 11: J_model=1.3179416461e-04, |g|_inf=4.932142e-02, |delta_a|=4.195606e-03
[rank=17] Iter 12: J_model=1.2238485224e-04, |g|_inf=1.179265e-02, |delta_a|=1.363766e-03
[rank=17] Iter 13: J_model=1.2118256145e-04, |g|_inf=1.622012e-02, |delta_a|=1.024386e-03
[rank=17] Iter 14: J_model=1.1981115176e-04, |g|_inf=6.292985e-03, |delta_a|=2.357240e-04
[rank=17] Iter 15: J_model=1.1874301502e-04, |g|_inf=6.249760e-03, |delta_a|=5.987692e-04
[rank=17] Iter 16: J_model=1.1740199972e-04, |g|_inf=9.132011e-03, |delta_a|=6.942037e-04
[rank=17] Iter 17: J_model=1.1405642217e-04, |g|_inf=1.527975e-02, |delta_a|=1.393183e-03
[rank=17] Iter 18: J_model=1.0476432432e-04, |g|_inf=2.797595e-02, |delta_a|=2.954128e-03
[rank=17] Iter 19: J_model=8.4723404601e-05, |g|_inf=3.733001e-02, |delta_a|=6.270540e-03
[rank=17] Iter 20: J_model=4.8165341708e-05, |g|_inf=4.371254e-02, |delta_a|=1.220442e-02
[rank=17] Iter 21: J_model=3.1966404643e-05, |g|_inf=3.603912e-02, |delta_a|=7.737578e-03
[rank=17] Iter 22: J_model=2.0237822273e-05, |g|_inf=3.578430e-02, |delta_a|=8.848736e-03
[rank=17] Iter 23: J_model=1.3932375276e-05, |g|_inf=1.636491e-02, |delta_a|=5.701899e-03
[rank=17] Iter 24: J_model=9.9005850422e-06, |g|_inf=1.931068e-02, |delta_a|=1.541412e-03
[rank=17] Iter 25: J_model=5.5853962932e-06, |g|_inf=1.348581e-02, |delta_a|=1.135543e-03
[rank=17] Iter 26: J_model=4.5009738836e-06, |g|_inf=4.391911e-03, |delta_a|=7.961982e-04
[rank=17] Iter 27: J_model=4.3890925158e-06, |g|_inf=1.449389e-03, |delta_a|=6.100593e-05
[rank=17] Iter 28: J_model=4.3714166675e-06, |g|_inf=1.361155e-03, |delta_a|=3.068407e-04
[rank=17] Iter 29: J_model=4.3419453991e-06, |g|_inf=1.307202e-03, |delta_a|=3.026919e-05
[rank=17] Iter 30: J_model=4.1234294203e-06, |g|_inf=3.293959e-03, |delta_a|=2.858193e-04
[rank=17] Iter 31: J_model=3.9933295599e-06, |g|_inf=3.410850e-03, |delta_a|=2.385098e-04
[rank=17] Iter 32: J_model=3.8784643665e-06, |g|_inf=2.105991e-03, |delta_a|=4.075445e-04
[rank=17] Iter 33: J_model=3.8540500749e-06, |g|_inf=4.023414e-04, |delta_a|=2.696680e-04
[rank=17] Iter 34: J_model=3.8538925147e-06, |g|_inf=7.929575e-04, |delta_a|=1.070371e-06
[rank=17] Iter 35: J_model=3.8523208769e-06, |g|_inf=5.470654e-04, |delta_a|=5.359013e-06
[rank=17] Iter 36: J_model=3.8468591884e-06, |g|_inf=2.000001e-02, |delta_a|=2.443978e-06
[rank=17] Iter 37: J_model=3.8468541800e-06, |g|_inf=1.310211e-02, |delta_a|=6.473168e-08
[rank=17] Iter 38: J_model=3.8468337041e-06, |g|_inf=1.512900e-02, |delta_a|=3.307701e-07
[rank=17] Iter 39: J_model=3.8464794269e-06, |g|_inf=1.463861e-03, |delta_a|=9.182406e-07
[rank=17] Iter 40: J_model=3.8464582858e-06, |g|_inf=2.215661e-03, |delta_a|=6.446207e-08
[rank=17] Iter 41: J_model=3.8460599810e-06, |g|_inf=1.525238e-02, |delta_a|=1.173176e-06
[rank=17] Iter 42: J_model=3.8456628510e-06, |g|_inf=1.612277e-02, |delta_a|=2.008381e-06
[rank=17] Iter 43: J_model=3.8456461778e-06, |g|_inf=1.322028e-02, |delta_a|=7.889596e-08
[rank=17] Iter 44: J_model=3.8455863125e-06, |g|_inf=1.058798e-02, |delta_a|=3.537172e-07
[rank=17] Iter 45: J_model=3.8455175165e-06, |g|_inf=1.216056e-02, |delta_a|=5.071285e-07
[rank=17] Iter 46: J_model=3.8454893005e-06, |g|_inf=2.192491e-02, |delta_a|=1.881259e-07
[rank=17] Iter 47: J_model=3.8453836729e-06, |g|_inf=2.293725e-02, |delta_a|=2.429519e-07
[rank=17] Iter 48: J_model=3.8452782914e-06, |g|_inf=1.905650e-03, |delta_a|=1.927864e-06
[rank=17] Iter 49: J_model=3.8451880057e-06, |g|_inf=4.167224e-02, |delta_a|=1.158862e-06
[rank=17] Iter 50: J_model=3.8449891098e-06, |g|_inf=2.500574e-02, |delta_a|=1.938963e-06
[rank=17] Iter 51: J_model=3.8449028347e-06, |g|_inf=8.190340e-03, |delta_a|=2.263115e-07
[rank=17] Iter 52: J_model=3.8442534851e-06, |g|_inf=3.647601e-02, |delta_a|=2.236751e-06
[rank=17] Iter 53: J_model=3.8439978532e-06, |g|_inf=2.234674e-02, |delta_a|=1.049783e-06
[rank=17] Iter 54: J_model=3.8439934915e-06, |g|_inf=3.059410e-03, |delta_a|=3.512620e-11
[rank=17] Iter 55: J_model=3.8438861480e-06, |g|_inf=7.079808e-02, |delta_a|=7.624053e-07
[rank=17] Iter 56: J_model=3.8437964009e-06, |g|_inf=8.964240e-02, |delta_a|=4.946400e-07
[rank=17] Iter 57: J_model=3.8434681064e-06, |g|_inf=8.324170e-02, |delta_a|=1.586030e-06
[rank=17] Iter 58: J_model=3.8434187718e-06, |g|_inf=6.346063e-02, |delta_a|=9.493477e-08
[rank=17] Iter 59: J_model=3.8433752037e-06, |g|_inf=4.033293e-02, |delta_a|=1.834875e-07
[rank=17] Iter 60: J_model=3.8431732703e-06, |g|_inf=3.859376e-02, |delta_a|=1.876510e-06
[rank=17] Iter 61: J_model=3.8431732502e-06, |g|_inf=3.266720e-02, |delta_a|=1.680775e-18
[rank=17] Iter 62: J_model=3.8431711649e-06, |g|_inf=2.461781e-02, |delta_a|=1.651646e-16
[rank=17] Iter 63: J_model=3.8430764785e-06, |g|_inf=9.288959e-02, |delta_a|=2.366946e-06
[rank=17] Iter 64: J_model=3.8430431400e-06, |g|_inf=2.403138e-02, |delta_a|=3.494011e-21
[rank=17] Iter 65: J_model=3.8430417951e-06, |g|_inf=3.726645e-04, |delta_a|=1.574081e-19
[rank=17] Iter 66: J_model=3.8430417951e-06, |g|_inf=3.726645e-04, |delta_a|=7.635052e-22
[rank=17] Stop: CONVERGENCE: RELATIVE REDUCTION OF F <= FACTR*EPSMCH (steps=66)
rank= 17 | steps=66 | J_model=3.8430417951e-06 | J_ref=4.2315896173e-06 | CONVERGENCE: RELATIVE REDUCTION OF F <= FACTR*EPSMCH
