
--- 2026-09-24T18:17:27 | rank=8, k=10, grid=128x128, T=20, dt=0.005, method=L-BFGS-B, max_steps=200, tol=1e-15, gtol=1e-15, ftol=1e-14, maxcor=10, maxls=30 ---
[rank=8] Initial: J_model=4.3361568962e-03
[rank=8] Iter 1: J_model=2.3202602473e-04, |g|_inf=3.385653e-01, |delta_a|=8.998072e-03
[rank=8] Iter 2: J_model=2.5796998418e-05, |g|_inf=6.748429e-02, |delta_a|=1.067575e-03
[rank=8] Iter 3: J_model=1.4294981277e-05, |g|_inf=1.507612e-02, |delta_a|=2.832678e-04
[rank=8] Iter 4: J_model=1.2396024268e-05, |g|_inf=7.898104e-03, |delta_a|=7.633173e-05
[rank=8] Iter 5: J_model=1.2319901611e-05, |g|_inf=3.141722e-03, |delta_a|=5.682506e-05
[rank=8] Iter 6: J_model=1.2263832732e-05, |g|_inf=2.259047e-03, |delta_a|=1.431183e-05
[rank=8] Iter 7: J_model=1.2202906992e-05, |g|_inf=2.705193e-03, |delta_a|=3.186441e-05
[rank=8] Iter 8: J_model=1.1924374448e-05, |g|_inf=1.717451e-02, |delta_a|=1.337215e-04
[rank=8] Iter 9: J_model=9.5865571000e-06, |g|_inf=1.685278e-02, |delta_a|=1.176421e-03
[rank=8] Iter 10: J_model=8.4758413371e-06, |g|_inf=3.617184e-02, |delta_a|=1.801871e-03
[rank=8] Iter 11: J_model=7.7592110031e-06, |g|_inf=2.672324e-01, |delta_a|=2.838100e-05
[rank=8] Iter 12: J_model=7.5616472659e-06, |g|_inf=2.216896e+00, |delta_a|=8.785187e-07
[rank=8] Iter 13: J_model=7.5439126586e-06, |g|_inf=1.764788e+00, |delta_a|=2.290524e-08
[rank=8] Iter 14: J_model=7.4922236916e-06, |g|_inf=1.944418e+00, |delta_a|=2.710844e-06
[rank=8] Iter 15: J_model=7.3805107528e-06, |g|_inf=1.337218e-01, |delta_a|=5.098695e-05
[rank=8] Iter 16: J_model=6.9257380753e-06, |g|_inf=5.355360e-02, |delta_a|=1.643373e-05
[rank=8] Iter 17: J_model=6.9254256237e-06, |g|_inf=2.034935e-02, |delta_a|=1.033302e-07
[rank=8] Iter 18: J_model=6.8988710822e-06, |g|_inf=2.254996e-01, |delta_a|=6.397513e-06
[rank=8] Iter 19: J_model=6.8949182600e-06, |g|_inf=2.944445e-01, |delta_a|=1.469556e-06
[rank=8] Iter 20: J_model=6.8830027671e-06, |g|_inf=3.424393e-01, |delta_a|=4.712990e-06
[rank=8] Iter 21: J_model=6.8674678437e-06, |g|_inf=4.438284e-01, |delta_a|=1.034834e-05
[rank=8] Iter 22: J_model=6.8638358068e-06, |g|_inf=9.741113e-02, |delta_a|=1.557142e-06
[rank=8] Iter 23: J_model=6.8610895211e-06, |g|_inf=1.565673e-01, |delta_a|=2.220931e-06
[rank=8] Iter 24: J_model=6.8593882672e-06, |g|_inf=3.777615e-01, |delta_a|=2.714835e-06
[rank=8] Iter 25: J_model=6.8568384259e-06, |g|_inf=1.165173e-01, |delta_a|=1.858363e-06
[rank=8] Iter 26: J_model=6.8555998622e-06, |g|_inf=7.794350e-02, |delta_a|=1.383106e-06
[rank=8] Iter 27: J_model=6.8514129789e-06, |g|_inf=1.224051e-01, |delta_a|=1.853792e-06
[rank=8] Iter 28: J_model=6.8450551103e-06, |g|_inf=3.526921e-01, |delta_a|=2.055563e-06
[rank=8] Iter 29: J_model=6.8376238139e-06, |g|_inf=4.644773e-01, |delta_a|=3.451217e-06
[rank=8] Iter 30: J_model=6.8265699018e-06, |g|_inf=2.015062e-01, |delta_a|=3.861968e-06
[rank=8] Iter 31: J_model=6.8194402554e-06, |g|_inf=4.137108e-01, |delta_a|=4.314891e-06
[rank=8] Iter 32: J_model=6.8080571084e-06, |g|_inf=4.379062e-01, |delta_a|=7.191171e-06
[rank=8] Iter 33: J_model=6.8067815584e-06, |g|_inf=5.107336e-01, |delta_a|=1.485424e-06
[rank=8] Iter 34: J_model=6.7962234175e-06, |g|_inf=1.619507e-01, |delta_a|=3.039960e-06
[rank=8] Iter 35: J_model=6.7886697221e-06, |g|_inf=1.322645e-01, |delta_a|=2.606334e-06
[rank=8] Iter 36: J_model=6.7873151489e-06, |g|_inf=2.713179e-01, |delta_a|=1.449761e-06
[rank=8] Iter 37: J_model=6.7848826659e-06, |g|_inf=3.001483e-01, |delta_a|=2.171071e-06
[rank=8] Iter 38: J_model=6.7831213673e-06, |g|_inf=3.142589e-01, |delta_a|=2.891149e-06
[rank=8] Iter 39: J_model=6.7821835041e-06, |g|_inf=1.906361e-01, |delta_a|=2.253955e-06
[rank=8] Iter 40: J_model=6.7754407382e-06, |g|_inf=3.903144e-01, |delta_a|=2.001303e-06
[rank=8] Iter 41: J_model=6.7631545899e-06, |g|_inf=2.437964e-01, |delta_a|=5.733650e-06
[rank=8] Iter 42: J_model=6.7558967055e-06, |g|_inf=4.095676e-01, |delta_a|=7.173783e-06
[rank=8] Iter 43: J_model=6.7521439459e-06, |g|_inf=6.679369e-02, |delta_a|=3.830836e-06
[rank=8] Iter 44: J_model=6.7470597645e-06, |g|_inf=2.484841e-01, |delta_a|=3.590254e-06
[rank=8] Iter 45: J_model=6.7438796648e-06, |g|_inf=3.494566e-01, |delta_a|=1.298537e-06
[rank=8] Iter 46: J_model=6.7369198239e-06, |g|_inf=3.068532e-01, |delta_a|=3.205541e-06
[rank=8] Iter 47: J_model=6.7306984909e-06, |g|_inf=9.356962e-02, |delta_a|=2.533028e-06
[rank=8] Iter 48: J_model=6.7279276247e-06, |g|_inf=1.951631e-01, |delta_a|=7.381660e-07
[rank=8] Iter 49: J_model=6.7244757764e-06, |g|_inf=3.482624e-01, |delta_a|=1.312703e-06
[rank=8] Iter 50: J_model=6.7198057888e-06, |g|_inf=2.036079e-01, |delta_a|=2.845018e-06
[rank=8] Iter 51: J_model=6.7156999866e-06, |g|_inf=4.216566e-01, |delta_a|=2.377582e-06
[rank=8] Iter 52: J_model=6.7036689708e-06, |g|_inf=2.250735e-01, |delta_a|=5.159662e-06
[rank=8] Iter 53: J_model=6.6968773700e-06, |g|_inf=2.473831e-01, |delta_a|=3.139408e-06
[rank=8] Iter 54: J_model=6.6937135479e-06, |g|_inf=9.522061e-02, |delta_a|=4.341660e-06
[rank=8] Iter 55: J_model=6.6895802947e-06, |g|_inf=2.823476e-02, |delta_a|=2.091670e-06
[rank=8] Iter 56: J_model=6.6882620328e-06, |g|_inf=8.392913e-02, |delta_a|=5.486049e-07
[rank=8] Iter 57: J_model=6.6850536206e-06, |g|_inf=2.732968e-01, |delta_a|=1.099904e-06
[rank=8] Iter 58: J_model=6.6818248652e-06, |g|_inf=3.949980e-01, |delta_a|=3.327580e-06
[rank=8] Iter 59: J_model=6.6799614598e-06, |g|_inf=1.312060e-01, |delta_a|=4.305563e-06
[rank=8] Iter 60: J_model=6.6769390654e-06, |g|_inf=2.244732e-01, |delta_a|=2.020259e-06
[rank=8] Iter 61: J_model=6.6740011941e-06, |g|_inf=3.308078e-01, |delta_a|=2.745584e-06
[rank=8] Iter 62: J_model=6.6698156974e-06, |g|_inf=2.716168e-01, |delta_a|=4.963773e-06
[rank=8] Iter 63: J_model=6.6657584363e-06, |g|_inf=2.610374e-01, |delta_a|=1.742088e-06
[rank=8] Iter 64: J_model=6.6617418380e-06, |g|_inf=1.785258e-01, |delta_a|=3.142028e-06
[rank=8] Iter 65: J_model=6.6551619212e-06, |g|_inf=4.991297e-02, |delta_a|=1.485556e-06
[rank=8] Iter 66: J_model=6.6530233385e-06, |g|_inf=2.778006e-02, |delta_a|=6.525939e-07
[rank=8] Iter 67: J_model=6.6504667868e-06, |g|_inf=3.409779e-01, |delta_a|=1.666898e-06
[rank=8] Iter 68: J_model=6.6476950547e-06, |g|_inf=1.708624e-01, |delta_a|=1.348129e-06
[rank=8] Iter 69: J_model=6.6423588399e-06, |g|_inf=3.433770e-01, |delta_a|=2.869055e-06
[rank=8] Iter 70: J_model=6.6347981673e-06, |g|_inf=1.491637e-01, |delta_a|=1.775463e-06
[rank=8] Iter 71: J_model=6.6312184081e-06, |g|_inf=3.308244e-01, |delta_a|=1.703493e-06
[rank=8] Iter 72: J_model=6.6219332919e-06, |g|_inf=5.002179e-01, |delta_a|=4.652164e-06
[rank=8] Iter 73: J_model=6.6106517084e-06, |g|_inf=1.417210e-01, |delta_a|=7.567047e-06
[rank=8] Iter 74: J_model=6.6068599760e-06, |g|_inf=5.331897e-02, |delta_a|=2.194998e-06
[rank=8] Iter 75: J_model=6.6050985173e-06, |g|_inf=2.376928e-01, |delta_a|=1.416451e-06
[rank=8] Iter 76: J_model=6.6025840637e-06, |g|_inf=4.670804e-01, |delta_a|=1.703877e-06
[rank=8] Iter 77: J_model=6.5976144942e-06, |g|_inf=3.531986e-01, |delta_a|=2.992416e-06
[rank=8] Iter 78: J_model=6.5937646089e-06, |g|_inf=1.822211e-01, |delta_a|=2.833367e-06
[rank=8] Iter 79: J_model=6.5921121822e-06, |g|_inf=4.085286e-01, |delta_a|=2.379574e-06
[rank=8] Iter 80: J_model=6.5881512148e-06, |g|_inf=1.125534e-01, |delta_a|=1.620687e-06
[rank=8] Iter 81: J_model=6.5859156347e-06, |g|_inf=3.871357e-01, |delta_a|=3.861744e-06
[rank=8] Iter 82: J_model=6.5826323124e-06, |g|_inf=2.939422e-02, |delta_a|=3.319682e-06
[rank=8] Iter 83: J_model=6.5805743175e-06, |g|_inf=1.899873e-01, |delta_a|=3.181689e-06
[rank=8] Iter 84: J_model=6.5789580896e-06, |g|_inf=3.368945e-01, |delta_a|=2.581032e-06
[rank=8] Iter 85: J_model=6.5740189280e-06, |g|_inf=2.102251e-01, |delta_a|=2.526430e-06
[rank=8] Iter 86: J_model=6.5668206207e-06, |g|_inf=4.472191e-01, |delta_a|=3.053079e-06
[rank=8] Iter 87: J_model=6.5550193102e-06, |g|_inf=4.468692e-01, |delta_a|=7.284693e-06
[rank=8] Iter 88: J_model=6.5511623168e-06, |g|_inf=4.134460e-01, |delta_a|=5.385065e-06
[rank=8] Iter 89: J_model=6.5491768973e-06, |g|_inf=4.184968e-02, |delta_a|=1.214387e-06
[rank=8] Iter 90: J_model=6.5479648618e-06, |g|_inf=6.796895e-02, |delta_a|=1.422624e-06
[rank=8] Iter 91: J_model=6.5444720461e-06, |g|_inf=2.829619e-01, |delta_a|=3.456271e-06
[rank=8] Iter 92: J_model=6.5419484614e-06, |g|_inf=4.731241e-01, |delta_a|=2.220804e-06
[rank=8] Iter 93: J_model=6.5354041606e-06, |g|_inf=3.295574e-01, |delta_a|=1.525766e-06
[rank=8] Iter 94: J_model=6.5290888339e-06, |g|_inf=2.101094e-01, |delta_a|=2.362380e-06
[rank=8] Iter 95: J_model=6.5270381178e-06, |g|_inf=3.074020e-01, |delta_a|=9.827032e-07
[rank=8] Iter 96: J_model=6.5222975123e-06, |g|_inf=1.920508e-01, |delta_a|=1.663980e-06
[rank=8] Iter 97: J_model=6.5193517278e-06, |g|_inf=4.280786e-01, |delta_a|=1.908273e-06
[rank=8] Iter 98: J_model=6.5126981362e-06, |g|_inf=8.363877e-01, |delta_a|=5.014783e-06
[rank=8] Iter 99: J_model=6.5055279111e-06, |g|_inf=3.125398e-01, |delta_a|=3.480505e-06
[rank=8] Iter 100: J_model=6.4973405762e-06, |g|_inf=2.272575e-01, |delta_a|=4.186367e-06
[rank=8] Iter 101: J_model=6.4967697755e-06, |g|_inf=4.097769e-01, |delta_a|=1.090555e-06
[rank=8] Iter 102: J_model=6.4935067563e-06, |g|_inf=3.643884e-01, |delta_a|=2.525225e-06
[rank=8] Iter 103: J_model=6.4892710006e-06, |g|_inf=1.997170e-01, |delta_a|=2.034294e-06
[rank=8] Iter 104: J_model=6.4874726562e-06, |g|_inf=4.282632e-01, |delta_a|=1.579237e-06
[rank=8] Iter 105: J_model=6.4834805707e-06, |g|_inf=7.882764e-01, |delta_a|=3.376535e-06
[rank=8] Iter 106: J_model=6.4834036535e-06, |g|_inf=4.399370e-01, |delta_a|=1.728714e-06
[rank=8] Iter 107: J_model=6.4795108162e-06, |g|_inf=1.264836e-01, |delta_a|=1.142097e-06
[rank=8] Iter 108: J_model=6.4788309510e-06, |g|_inf=5.850560e-02, |delta_a|=5.128110e-07
[rank=8] Iter 109: J_model=6.4785411430e-06, |g|_inf=2.941881e-01, |delta_a|=7.755747e-07
[rank=8] Iter 110: J_model=6.4781888449e-06, |g|_inf=1.980834e-01, |delta_a|=1.398476e-07
[rank=8] Iter 111: J_model=6.4768123109e-06, |g|_inf=1.241796e-01, |delta_a|=1.642049e-06
[rank=8] Iter 112: J_model=6.4757830139e-06, |g|_inf=3.751164e-01, |delta_a|=2.580784e-06
[rank=8] Iter 113: J_model=6.4742576676e-06, |g|_inf=3.158723e-02, |delta_a|=2.338028e-06
[rank=8] Iter 114: J_model=6.4739380940e-06, |g|_inf=1.667333e-01, |delta_a|=1.559612e-06
[rank=8] Iter 115: J_model=6.4736949242e-06, |g|_inf=1.095289e-01, |delta_a|=1.236141e-06
[rank=8] Iter 116: J_model=6.4736077529e-06, |g|_inf=4.167135e-02, |delta_a|=8.324439e-07
[rank=8] Iter 117: J_model=6.4735865693e-06, |g|_inf=5.150342e-02, |delta_a|=4.470431e-07
[rank=8] Iter 118: J_model=6.4728907912e-06, |g|_inf=1.043897e-02, |delta_a|=2.081167e-06
[rank=8] Iter 119: J_model=6.4709965537e-06, |g|_inf=3.604607e-01, |delta_a|=4.029141e-06
[rank=8] Iter 120: J_model=6.4636091941e-06, |g|_inf=3.043440e-01, |delta_a|=4.829360e-06
[rank=8] Iter 121: J_model=6.4613810820e-06, |g|_inf=4.903812e-01, |delta_a|=1.024482e-06
[rank=8] Iter 122: J_model=6.4505740656e-06, |g|_inf=2.787819e-01, |delta_a|=9.237834e-06
[rank=8] Iter 123: J_model=6.4461875956e-06, |g|_inf=2.514969e-01, |delta_a|=2.559438e-06
[rank=8] Iter 124: J_model=6.4441598801e-06, |g|_inf=5.257879e-01, |delta_a|=1.950976e-06
[rank=8] Iter 125: J_model=6.4414713396e-06, |g|_inf=4.725051e-01, |delta_a|=3.174499e-06
[rank=8] Iter 126: J_model=6.4396838609e-06, |g|_inf=2.472228e-01, |delta_a|=1.171525e-06
[rank=8] Iter 127: J_model=6.4384505034e-06, |g|_inf=3.547900e-01, |delta_a|=1.474503e-06
[rank=8] Iter 128: J_model=6.4362159121e-06, |g|_inf=4.012787e-01, |delta_a|=2.343095e-06
[rank=8] Iter 129: J_model=6.4324403784e-06, |g|_inf=4.480579e-01, |delta_a|=3.938360e-06
[rank=8] Iter 130: J_model=6.4310984313e-06, |g|_inf=3.842104e-01, |delta_a|=2.352386e-06
[rank=8] Iter 131: J_model=6.4291388281e-06, |g|_inf=1.703624e-01, |delta_a|=1.430800e-06
[rank=8] Iter 132: J_model=6.4281053869e-06, |g|_inf=9.483467e-02, |delta_a|=1.026337e-06
[rank=8] Iter 133: J_model=6.4274096773e-06, |g|_inf=3.797787e-01, |delta_a|=8.331886e-07
[rank=8] Iter 134: J_model=6.4265862704e-06, |g|_inf=4.394301e-01, |delta_a|=1.528616e-06
[rank=8] Iter 135: J_model=6.4259173067e-06, |g|_inf=2.948229e-01, |delta_a|=1.282095e-06
[rank=8] Iter 136: J_model=6.4248714472e-06, |g|_inf=3.683191e-01, |delta_a|=2.825898e-06
[rank=8] Iter 137: J_model=6.4239347155e-06, |g|_inf=2.828263e-01, |delta_a|=2.366489e-06
[rank=8] Iter 138: J_model=6.4233275149e-06, |g|_inf=4.809595e-01, |delta_a|=2.059209e-06
[rank=8] Iter 139: J_model=6.4223907529e-06, |g|_inf=8.707745e-02, |delta_a|=1.345927e-06
[rank=8] Iter 140: J_model=6.4218201353e-06, |g|_inf=2.423430e-01, |delta_a|=1.767027e-06
[rank=8] Iter 141: J_model=6.4206942673e-06, |g|_inf=5.254257e-01, |delta_a|=3.176346e-06
[rank=8] Iter 142: J_model=6.4179088158e-06, |g|_inf=3.896323e-01, |delta_a|=2.253065e-06
[rank=8] Iter 143: J_model=6.4148189079e-06, |g|_inf=2.888700e-01, |delta_a|=2.638372e-06
[rank=8] Iter 144: J_model=6.4129140601e-06, |g|_inf=1.464073e-01, |delta_a|=7.660340e-06
[rank=8] Iter 145: J_model=6.4120489847e-06, |g|_inf=4.283921e-02, |delta_a|=2.251394e-06
[rank=8] Iter 146: J_model=6.4114121776e-06, |g|_inf=2.285069e-01, |delta_a|=2.163787e-06
[rank=8] Iter 147: J_model=6.4112864289e-06, |g|_inf=7.381493e-02, |delta_a|=1.586056e-06
[rank=8] Iter 148: J_model=6.4111893701e-06, |g|_inf=9.597485e-02, |delta_a|=9.520589e-07
[rank=8] Iter 149: J_model=6.4109762041e-06, |g|_inf=1.541943e-01, |delta_a|=2.139324e-06
[rank=8] Iter 150: J_model=6.4105492084e-06, |g|_inf=1.931148e-01, |delta_a|=1.073766e-06
[rank=8] Iter 151: J_model=6.4099319467e-06, |g|_inf=5.080370e-02, |delta_a|=1.169305e-06
[rank=8] Iter 152: J_model=6.4096121578e-06, |g|_inf=2.817042e-01, |delta_a|=3.320037e-06
[rank=8] Iter 153: J_model=6.4087531458e-06, |g|_inf=6.478616e-02, |delta_a|=3.384723e-07
[rank=8] Iter 154: J_model=6.4074749300e-06, |g|_inf=1.090469e-01, |delta_a|=3.769559e-06
[rank=8] Iter 155: J_model=6.4066059467e-06, |g|_inf=2.233952e-01, |delta_a|=3.532661e-06
[rank=8] Iter 156: J_model=6.4048789492e-06, |g|_inf=1.438886e-01, |delta_a|=3.340600e-06
[rank=8] Iter 157: J_model=6.4035280559e-06, |g|_inf=3.330536e-01, |delta_a|=4.132945e-06
[rank=8] Iter 158: J_model=6.4030221496e-06, |g|_inf=1.832504e-01, |delta_a|=3.377699e-06
[rank=8] Iter 159: J_model=6.3985880294e-06, |g|_inf=8.889743e-02, |delta_a|=4.586637e-06
[rank=8] Iter 160: J_model=6.3980599858e-06, |g|_inf=1.802308e-01, |delta_a|=8.945698e-07
[rank=8] Iter 161: J_model=6.3971676027e-06, |g|_inf=1.534079e-01, |delta_a|=2.422144e-06
[rank=8] Iter 162: J_model=6.3970564842e-06, |g|_inf=1.349239e-01, |delta_a|=1.511855e-06
[rank=8] Iter 163: J_model=6.3965369040e-06, |g|_inf=1.405391e-01, |delta_a|=6.069888e-07
[rank=8] Iter 164: J_model=6.3952917151e-06, |g|_inf=2.004942e-01, |delta_a|=3.328130e-06
[rank=8] Iter 165: J_model=6.3925488586e-06, |g|_inf=1.526891e-01, |delta_a|=1.819577e-06
[rank=8] Iter 166: J_model=6.3902345899e-06, |g|_inf=1.414962e-02, |delta_a|=2.085435e-06
[rank=8] Iter 167: J_model=6.3888781032e-06, |g|_inf=9.179801e-02, |delta_a|=2.033725e-06
[rank=8] Iter 168: J_model=6.3872776924e-06, |g|_inf=2.014453e-01, |delta_a|=4.590164e-06
[rank=8] Iter 169: J_model=6.3857186117e-06, |g|_inf=7.393522e-02, |delta_a|=5.574159e-06
[rank=8] Iter 170: J_model=6.3844080340e-06, |g|_inf=8.240180e-02, |delta_a|=2.216921e-06
[rank=8] Iter 171: J_model=6.3815003195e-06, |g|_inf=1.120693e-01, |delta_a|=3.750695e-06
[rank=8] Iter 172: J_model=6.3804218116e-06, |g|_inf=2.890142e-02, |delta_a|=1.515617e-06
[rank=8] Iter 173: J_model=6.3783738741e-06, |g|_inf=1.799553e-01, |delta_a|=3.344779e-06
[rank=8] Iter 174: J_model=6.3755208501e-06, |g|_inf=8.448482e-02, |delta_a|=2.607777e-06
[rank=8] Iter 175: J_model=6.3705117755e-06, |g|_inf=6.739454e-02, |delta_a|=7.219466e-06
[rank=8] Iter 176: J_model=6.3645565224e-06, |g|_inf=2.280795e-02, |delta_a|=5.296189e-06
[rank=8] Iter 177: J_model=6.3597298576e-06, |g|_inf=7.554143e-03, |delta_a|=4.026558e-06
[rank=8] Iter 178: J_model=6.3588619102e-06, |g|_inf=1.683302e-02, |delta_a|=6.323805e-07
[rank=8] Iter 179: J_model=6.3545110976e-06, |g|_inf=8.303821e-02, |delta_a|=3.472593e-06
[rank=8] Iter 180: J_model=6.3486150688e-06, |g|_inf=4.134177e-02, |delta_a|=5.113368e-06
[rank=8] Iter 181: J_model=6.3464960652e-06, |g|_inf=4.506861e-02, |delta_a|=5.320233e-06
[rank=8] Iter 182: J_model=6.3396140497e-06, |g|_inf=6.512664e-02, |delta_a|=9.106942e-06
[rank=8] Iter 183: J_model=6.3368767302e-06, |g|_inf=9.282701e-02, |delta_a|=2.431404e-06
[rank=8] Iter 184: J_model=6.3122082531e-06, |g|_inf=5.689032e-02, |delta_a|=1.592293e-05
[rank=8] Iter 185: J_model=6.2879640208e-06, |g|_inf=6.409374e-02, |delta_a|=5.363909e-06
[rank=8] Iter 186: J_model=6.2413491011e-06, |g|_inf=8.986108e-02, |delta_a|=9.594377e-06
[rank=8] Iter 187: J_model=6.2253313198e-06, |g|_inf=2.829554e-01, |delta_a|=5.185664e-06
[rank=8] Iter 188: J_model=6.1077988963e-06, |g|_inf=3.311876e-02, |delta_a|=7.989774e-05
[rank=8] Iter 189: J_model=6.0895322305e-06, |g|_inf=3.225303e-02, |delta_a|=3.613170e-06
[rank=8] Iter 190: J_model=6.0679084420e-06, |g|_inf=1.037755e-02, |delta_a|=7.467751e-06
[rank=8] Iter 191: J_model=6.0368911753e-06, |g|_inf=1.600689e-02, |delta_a|=1.542943e-05
[rank=8] Iter 192: J_model=5.9167500559e-06, |g|_inf=1.827360e-02, |delta_a|=7.964825e-05
[rank=8] Iter 193: J_model=5.8792097461e-06, |g|_inf=6.126085e-03, |delta_a|=1.828801e-05
[rank=8] Iter 194: J_model=5.7892202105e-06, |g|_inf=6.801736e-03, |delta_a|=8.703739e-05
[rank=8] Iter 195: J_model=5.7831358951e-06, |g|_inf=6.561175e-03, |delta_a|=5.787653e-06
[rank=8] Iter 196: J_model=5.5960481919e-06, |g|_inf=4.890873e-03, |delta_a|=1.880698e-04
[rank=8] Iter 197: J_model=5.5937616737e-06, |g|_inf=4.357676e-03, |delta_a|=4.728634e-06
[rank=8] Iter 198: J_model=5.5576318703e-06, |g|_inf=3.954529e-03, |delta_a|=1.589495e-05
[rank=8] Iter 199: J_model=5.5475250495e-06, |g|_inf=1.521032e-03, |delta_a|=1.646198e-05
[rank=8] Iter 200: J_model=5.5447962430e-06, |g|_inf=8.048886e-03, |delta_a|=7.826751e-06
[rank=8] Stop: STOP: TOTAL NO. OF ITERATIONS REACHED LIMIT (steps=200)
rank=  8 | steps=200 | J_model=5.5447962430e-06 | J_ref=6.0764977285e-06 | STOP: TOTAL NO. OF ITERATIONS REACHED LIMIT
