
--- 2026-09-24T18:20:54 | rank=26, k=10, grid=128x128, T=20, dt=0.005, method=L-BFGS-B, max_steps=200, tol=1e-15, gtol=1e-15, ftol=1e-14, maxcor=10, maxls=30 ---
[rank=26] Initial: J_model=4.3072426784e-03
[rank=26] Iter 1: J_model=5.2026685164e-04, |g|_inf=3.805382e-01, |delta_a|=3.506163e-02
[rank=26] Iter 2: J_model=2.5888175307e-04, |g|_inf=1.162850e-01, |delta_a|=9.017348e-04
[rank=26] Iter 3: J_model=1.8087493038e-04, |g|_inf=4.992913e-02, |delta_a|=7.570955e-04
[rank=26] Iter 4: J_model=1.6799024843e-04, |g|_inf=1.870796e-02, |delta_a|=3.425177e-04
[rank=26] Iter 5: J_model=1.6597639905e-04, |g|_inf=8.406951e-03, |delta_a|=1.422160e-04
[rank=26] Iter 6: J_model=1.6503369651e-04, |g|_inf=8.262353e-03, |delta_a|=1.020419e-04
[rank=26] Iter 7: J_model=1.6207547648e-04, |g|_inf=1.632604e-02, |delta_a|=3.662348e-04
[rank=26] Iter 8: J_model=1.5419965026e-04, |g|_inf=3.158481e-02, |delta_a|=1.105223e-03
[rank=26] Iter 9: J_model=1.3977027084e-04, |g|_inf=4.553563e-02, |delta_a|=2.432467e-03
[rank=26] Iter 10: J_model=1.2444275168e-04, |g|_inf=4.194643e-02, |delta_a|=2.927743e-03
[rank=26] Iter 11: J_model=1.2167809180e-04, |g|_inf=4.334904e-02, |delta_a|=7.431786e-04
[rank=26] Iter 12: J_model=1.1545835052e-04, |g|_inf=1.834621e-02, |delta_a|=1.766104e-03
[rank=26] Iter 13: J_model=1.1344955734e-04, |g|_inf=8.460061e-03, |delta_a|=6.171808e-04
[rank=26] Iter 14: J_model=1.1319109867e-04, |g|_inf=5.035586e-03, |delta_a|=1.238394e-04
[rank=26] Iter 15: J_model=1.1281943929e-04, |g|_inf=6.268046e-03, |delta_a|=1.779451e-04
[rank=26] Iter 16: J_model=1.1127327795e-04, |g|_inf=1.647303e-02, |delta_a|=8.531744e-04
[rank=26] Iter 17: J_model=1.0877275297e-04, |g|_inf=2.261695e-02, |delta_a|=6.434552e-04
[rank=26] Iter 18: J_model=1.0147326872e-04, |g|_inf=4.925112e-02, |delta_a|=2.863374e-03
[rank=26] Iter 19: J_model=8.7537140319e-05, |g|_inf=5.587291e-02, |delta_a|=2.386710e-03
[rank=26] Iter 20: J_model=3.7182367246e-05, |g|_inf=5.274949e-02, |delta_a|=1.174081e-02
[rank=26] Iter 21: J_model=1.2157625404e-05, |g|_inf=3.615202e-02, |delta_a|=1.377376e-02
[rank=26] Iter 22: J_model=9.6155562445e-06, |g|_inf=2.952708e-02, |delta_a|=1.866358e-03
[rank=26] Iter 23: J_model=6.3758701771e-06, |g|_inf=2.192049e-02, |delta_a|=1.108528e-03
[rank=26] Iter 24: J_model=4.8192396248e-06, |g|_inf=4.668578e-03, |delta_a|=8.928519e-04
[rank=26] Iter 25: J_model=4.8183768445e-06, |g|_inf=1.026934e-02, |delta_a|=9.750303e-06
[rank=26] Iter 26: J_model=4.8183191405e-06, |g|_inf=5.182567e-03, |delta_a|=5.360728e-09
[rank=26] Iter 27: J_model=4.7018442707e-06, |g|_inf=1.541114e-03, |delta_a|=9.074393e-05
[rank=26] Iter 28: J_model=4.6797313365e-06, |g|_inf=3.835599e-03, |delta_a|=6.170453e-05
[rank=26] Iter 29: J_model=4.6557502667e-06, |g|_inf=5.432826e-03, |delta_a|=2.372244e-04
[rank=26] Iter 30: J_model=4.6078402422e-06, |g|_inf=2.627867e-03, |delta_a|=2.087473e-05
[rank=26] Iter 31: J_model=4.5896502822e-06, |g|_inf=8.733891e-04, |delta_a|=3.597370e-05
[rank=26] Iter 32: J_model=4.5815068559e-06, |g|_inf=8.778562e-04, |delta_a|=1.427640e-05
[rank=26] Iter 33: J_model=4.5658843224e-06, |g|_inf=1.144470e-03, |delta_a|=3.472324e-05
[rank=26] Iter 34: J_model=4.5484604713e-06, |g|_inf=7.899484e-04, |delta_a|=4.472448e-05
[rank=26] Iter 35: J_model=4.5374527853e-06, |g|_inf=2.091082e-03, |delta_a|=1.901760e-05
[rank=26] Iter 36: J_model=4.5151731041e-06, |g|_inf=5.067915e-03, |delta_a|=1.634427e-04
[rank=26] Iter 37: J_model=4.5121295312e-06, |g|_inf=5.928143e-03, |delta_a|=7.191197e-05
[rank=26] Iter 38: J_model=4.4770025101e-06, |g|_inf=2.534857e-03, |delta_a|=1.304267e-04
[rank=26] Iter 39: J_model=4.4666159008e-06, |g|_inf=2.182710e-03, |delta_a|=3.591904e-05
[rank=26] Iter 40: J_model=4.3467035082e-06, |g|_inf=6.601904e-03, |delta_a|=8.305639e-04
[rank=26] Iter 41: J_model=4.2437148039e-06, |g|_inf=5.337866e-03, |delta_a|=1.044605e-04
[rank=26] Iter 42: J_model=4.2311407577e-06, |g|_inf=1.971630e-03, |delta_a|=3.331558e-05
[rank=26] Iter 43: J_model=4.2215065589e-06, |g|_inf=2.141405e-03, |delta_a|=1.967952e-04
[rank=26] Iter 44: J_model=4.2068318666e-06, |g|_inf=2.132943e-03, |delta_a|=1.649886e-05
[rank=26] Iter 45: J_model=4.1947058484e-06, |g|_inf=2.745079e-03, |delta_a|=1.160866e-04
[rank=26] Iter 46: J_model=4.1808503411e-06, |g|_inf=4.503307e-03, |delta_a|=2.885609e-04
[rank=26] Iter 47: J_model=4.1802979851e-06, |g|_inf=4.257101e-03, |delta_a|=3.995470e-04
[rank=26] Iter 48: J_model=4.1751181227e-06, |g|_inf=4.123981e-03, |delta_a|=4.379671e-05
[rank=26] Iter 49: J_model=4.1452281115e-06, |g|_inf=2.578718e-03, |delta_a|=5.691301e-05
[rank=26] Iter 50: J_model=4.1406955458e-06, |g|_inf=2.451771e-03, |delta_a|=4.579431e-05
[rank=26] Iter 51: J_model=4.1283119930e-06, |g|_inf=2.735978e-03, |delta_a|=8.163423e-05
[rank=26] Iter 52: J_model=4.1046945556e-06, |g|_inf=1.326518e-03, |delta_a|=1.516157e-05
[rank=26] Iter 53: J_model=4.0951386862e-06, |g|_inf=1.726808e-03, |delta_a|=1.186057e-05
[rank=26] Iter 54: J_model=4.0897577824e-06, |g|_inf=1.397198e-03, |delta_a|=2.133307e-05
[rank=26] Iter 55: J_model=4.0815197955e-06, |g|_inf=1.475991e-03, |delta_a|=2.630541e-05
[rank=26] Iter 56: J_model=4.0663278149e-06, |g|_inf=1.547140e-03, |delta_a|=3.449252e-05
[rank=26] Iter 57: J_model=4.0461538181e-06, |g|_inf=2.471934e-03, |delta_a|=1.596147e-04
[rank=26] Iter 58: J_model=4.0366095617e-06, |g|_inf=3.490282e-03, |delta_a|=3.698519e-05
[rank=26] Iter 59: J_model=4.0326856736e-06, |g|_inf=1.000501e-02, |delta_a|=1.930654e-05
[rank=26] Iter 60: J_model=4.0325122855e-06, |g|_inf=1.291902e-01, |delta_a|=5.332950e-06
[rank=26] Iter 61: J_model=4.0322573887e-06, |g|_inf=7.381662e-02, |delta_a|=6.366438e-17
[rank=26] Iter 62: J_model=4.0302710845e-06, |g|_inf=1.916385e-02, |delta_a|=2.100591e-05
[rank=26] Iter 63: J_model=4.0211874576e-06, |g|_inf=9.677860e-04, |delta_a|=2.566008e-05
[rank=26] Iter 64: J_model=4.0192915588e-06, |g|_inf=6.212611e-04, |delta_a|=1.682577e-06
[rank=26] Iter 65: J_model=4.0167277274e-06, |g|_inf=5.373892e-04, |delta_a|=4.121671e-06
[rank=26] Iter 66: J_model=4.0160369294e-06, |g|_inf=3.023532e-04, |delta_a|=1.236996e-06
[rank=26] Iter 67: J_model=4.0160316499e-06, |g|_inf=3.017499e-04, |delta_a|=4.858751e-09
[rank=26] Iter 68: J_model=4.0159105316e-06, |g|_inf=3.920518e-04, |delta_a|=8.056385e-07
[rank=26] Iter 69: J_model=4.0158658030e-06, |g|_inf=5.320418e-04, |delta_a|=4.323237e-07
[rank=26] Iter 70: J_model=4.0156086560e-06, |g|_inf=2.130598e-04, |delta_a|=9.609731e-07
[rank=26] Iter 71: J_model=4.0155014039e-06, |g|_inf=2.196971e-04, |delta_a|=5.663071e-07
[rank=26] Iter 72: J_model=4.0151443707e-06, |g|_inf=2.813179e-04, |delta_a|=2.326463e-06
[rank=26] Iter 73: J_model=4.0147848589e-06, |g|_inf=5.127505e-04, |delta_a|=2.722295e-06
[rank=26] Iter 74: J_model=4.0140187213e-06, |g|_inf=4.722101e-04, |delta_a|=4.667810e-06
[rank=26] Iter 75: J_model=4.0114259195e-06, |g|_inf=3.404238e-03, |delta_a|=4.500273e-05
[rank=26] Iter 76: J_model=4.0104366133e-06, |g|_inf=8.997566e-03, |delta_a|=5.187952e-07
[rank=26] Iter 77: J_model=4.0100191207e-06, |g|_inf=4.416269e-03, |delta_a|=1.529020e-07
[rank=26] Iter 78: J_model=4.0100172892e-06, |g|_inf=5.395811e-03, |delta_a|=5.532570e-18
[rank=26] Iter 79: J_model=4.0096268896e-06, |g|_inf=7.275296e-03, |delta_a|=9.148247e-07
[rank=26] Iter 80: J_model=4.0090764838e-06, |g|_inf=6.713781e-03, |delta_a|=7.053856e-07
[rank=26] Iter 81: J_model=4.0090095772e-06, |g|_inf=3.147825e-03, |delta_a|=6.551810e-11
[rank=26] Iter 82: J_model=4.0086892784e-06, |g|_inf=6.628878e-02, |delta_a|=2.173075e-06
[rank=26] Iter 83: J_model=4.0083313218e-06, |g|_inf=3.564722e-02, |delta_a|=7.795455e-09
[rank=26] Iter 84: J_model=4.0080907188e-06, |g|_inf=2.559215e-02, |delta_a|=3.086556e-07
[rank=26] Iter 85: J_model=4.0078738071e-06, |g|_inf=5.337051e-02, |delta_a|=8.655792e-07
[rank=26] Iter 86: J_model=4.0064802454e-06, |g|_inf=2.162479e-03, |delta_a|=1.955005e-06
[rank=26] Iter 87: J_model=4.0059535058e-06, |g|_inf=1.422200e-03, |delta_a|=2.276918e-06
[rank=26] Iter 88: J_model=4.0059353304e-06, |g|_inf=7.470432e-04, |delta_a|=7.233136e-15
[rank=26] Iter 89: J_model=4.0052818121e-06, |g|_inf=1.191205e-03, |delta_a|=5.817746e-06
[rank=26] Iter 90: J_model=4.0038882228e-06, |g|_inf=4.189590e-03, |delta_a|=6.466391e-07
[rank=26] Iter 91: J_model=4.0026377548e-06, |g|_inf=8.743667e-04, |delta_a|=8.387929e-08
[rank=26] Iter 92: J_model=4.0026254658e-06, |g|_inf=3.806191e-02, |delta_a|=3.010170e-10
[rank=26] Stop: ABNORMAL:  (steps=92)
rank= 26 | steps=92 | J_model=4.0026254658e-06 | J_ref=4.2426647893e-06 | ABNORMAL: 
