
--- 2026-09-24T18:17:37 | rank=20, k=10, grid=128x128, T=20, dt=0.005, method=L-BFGS-B, max_steps=200, tol=1e-15, gtol=1e-15, ftol=1e-14, maxcor=10, maxls=30 ---
[rank=20] Initial: J_model=4.3172130449e-03
[rank=20] Iter 1: J_model=2.4236938333e-03, |g|_inf=1.015574e+00, |delta_a|=3.661464e-02
[rank=20] Iter 2: J_model=1.4845234696e-03, |g|_inf=6.519615e-01, |delta_a|=1.038230e-03
[rank=20] Iter 3: J_model=8.0469111386e-04, |g|_inf=4.496173e-02, |delta_a|=1.935877e-03
[rank=20] Iter 4: J_model=7.9357848649e-04, |g|_inf=4.460038e-02, |delta_a|=1.718225e-04
[rank=20] Iter 5: J_model=7.6674378492e-04, |g|_inf=4.293931e-02, |delta_a|=8.879849e-04
[rank=20] Iter 6: J_model=7.5704127069e-04, |g|_inf=4.236503e-02, |delta_a|=4.043574e-04
[rank=20] Iter 7: J_model=7.2712934272e-04, |g|_inf=6.021348e-02, |delta_a|=1.246058e-03
[rank=20] Iter 8: J_model=5.9251863975e-04, |g|_inf=1.609166e-01, |delta_a|=6.954048e-03
[rank=20] Iter 9: J_model=4.5913338913e-04, |g|_inf=1.954748e-01, |delta_a|=9.290617e-03
[rank=20] Iter 10: J_model=3.6413971031e-04, |g|_inf=1.607428e-01, |delta_a|=5.404189e-03
[rank=20] Iter 11: J_model=2.6262729268e-04, |g|_inf=9.299513e-02, |delta_a|=1.538767e-03
[rank=20] Iter 12: J_model=2.1016914929e-04, |g|_inf=3.118987e-02, |delta_a|=5.008925e-03
[rank=20] Iter 13: J_model=2.0237476124e-04, |g|_inf=9.613437e-03, |delta_a|=2.489075e-03
[rank=20] Iter 14: J_model=2.0084192239e-04, |g|_inf=6.708562e-03, |delta_a|=8.999193e-04
[rank=20] Iter 15: J_model=1.7165382782e-04, |g|_inf=2.146271e-02, |delta_a|=3.569860e-03
[rank=20] Iter 16: J_model=9.0027252740e-05, |g|_inf=2.879932e-02, |delta_a|=1.382545e-02
[rank=20] Iter 17: J_model=4.2548979569e-05, |g|_inf=8.635970e-02, |delta_a|=1.871136e-02
[rank=20] Iter 18: J_model=1.9152356020e-05, |g|_inf=8.419193e-02, |delta_a|=6.804876e-03
[rank=20] Iter 19: J_model=1.6168652590e-05, |g|_inf=1.638764e-02, |delta_a|=7.245257e-03
[rank=20] Iter 20: J_model=9.4926856742e-06, |g|_inf=4.974009e-03, |delta_a|=3.840775e-03
[rank=20] Iter 21: J_model=8.7783306934e-06, |g|_inf=2.954207e-02, |delta_a|=4.615671e-03
[rank=20] Iter 22: J_model=7.0159001286e-06, |g|_inf=1.185883e-02, |delta_a|=8.512043e-04
[rank=20] Iter 23: J_model=6.6527022170e-06, |g|_inf=3.651676e-03, |delta_a|=3.169198e-04
[rank=20] Iter 24: J_model=6.4118592586e-06, |g|_inf=2.029415e-03, |delta_a|=1.005098e-03
[rank=20] Iter 25: J_model=6.3248390187e-06, |g|_inf=3.706805e-03, |delta_a|=3.292557e-04
[rank=20] Iter 26: J_model=6.2918090452e-06, |g|_inf=2.680330e-03, |delta_a|=5.925664e-04
[rank=20] Iter 27: J_model=6.2022678481e-06, |g|_inf=2.925731e-03, |delta_a|=9.470895e-05
[rank=20] Iter 28: J_model=5.9636893869e-06, |g|_inf=1.970653e-03, |delta_a|=2.188183e-04
[rank=20] Iter 29: J_model=5.5276923376e-06, |g|_inf=8.721506e-03, |delta_a|=4.863664e-04
[rank=20] Iter 30: J_model=5.3733244596e-06, |g|_inf=8.831952e-03, |delta_a|=7.112673e-04
[rank=20] Iter 31: J_model=5.0967748821e-06, |g|_inf=7.800763e-03, |delta_a|=3.690068e-04
[rank=20] Iter 32: J_model=4.6421346232e-06, |g|_inf=2.133486e-03, |delta_a|=2.823093e-04
[rank=20] Iter 33: J_model=4.6087625270e-06, |g|_inf=4.614451e-03, |delta_a|=9.798510e-05
[rank=20] Iter 34: J_model=4.5341210268e-06, |g|_inf=1.950071e-03, |delta_a|=4.434077e-04
[rank=20] Iter 35: J_model=4.5259514067e-06, |g|_inf=2.790511e-03, |delta_a|=1.468138e-04
[rank=20] Iter 36: J_model=4.5234645112e-06, |g|_inf=1.562748e-03, |delta_a|=9.377704e-06
[rank=20] Iter 37: J_model=4.5218851253e-06, |g|_inf=3.890866e-03, |delta_a|=1.645778e-06
[rank=20] Iter 38: J_model=4.5218830790e-06, |g|_inf=1.461824e-03, |delta_a|=3.078759e-09
[rank=20] Iter 39: J_model=4.5199950509e-06, |g|_inf=5.818897e-04, |delta_a|=1.130540e-05
[rank=20] Iter 40: J_model=4.5187775522e-06, |g|_inf=1.487600e-03, |delta_a|=1.704510e-05
[rank=20] Iter 41: J_model=4.5179971314e-06, |g|_inf=1.001712e-03, |delta_a|=1.859419e-06
[rank=20] Iter 42: J_model=4.5162078394e-06, |g|_inf=5.447475e-04, |delta_a|=9.032888e-06
[rank=20] Iter 43: J_model=4.5158840399e-06, |g|_inf=1.885386e-03, |delta_a|=2.355182e-05
[rank=20] Iter 44: J_model=4.5126256009e-06, |g|_inf=1.394419e-03, |delta_a|=1.853791e-05
[rank=20] Iter 45: J_model=4.5082983501e-06, |g|_inf=1.415676e-03, |delta_a|=9.425839e-06
[rank=20] Iter 46: J_model=4.4994960953e-06, |g|_inf=6.994355e-03, |delta_a|=2.258933e-05
[rank=20] Iter 47: J_model=4.4974431889e-06, |g|_inf=1.421668e-01, |delta_a|=2.729151e-07
[rank=20] Iter 48: J_model=4.4945252740e-06, |g|_inf=1.326217e-02, |delta_a|=9.550809e-06
[rank=20] Iter 49: J_model=4.4941218980e-06, |g|_inf=7.700131e-03, |delta_a|=3.475926e-07
[rank=20] Iter 50: J_model=4.4918662463e-06, |g|_inf=1.166787e-02, |delta_a|=2.268926e-06
[rank=20] Iter 51: J_model=4.4899471451e-06, |g|_inf=2.782241e-03, |delta_a|=5.658807e-06
[rank=20] Iter 52: J_model=4.4898116796e-06, |g|_inf=1.094853e-02, |delta_a|=7.604636e-07
[rank=20] Iter 53: J_model=4.4896107490e-06, |g|_inf=9.835233e-03, |delta_a|=4.168522e-07
[rank=20] Iter 54: J_model=4.4890484528e-06, |g|_inf=5.794139e-03, |delta_a|=8.342456e-07
[rank=20] Iter 55: J_model=4.4883273085e-06, |g|_inf=1.756167e-03, |delta_a|=1.570586e-06
[rank=20] Iter 56: J_model=4.4878393121e-06, |g|_inf=1.032271e-03, |delta_a|=1.702945e-06
[rank=20] Iter 57: J_model=4.4874824721e-06, |g|_inf=2.787230e-03, |delta_a|=9.460067e-07
[rank=20] Iter 58: J_model=4.4871751258e-06, |g|_inf=2.568477e-03, |delta_a|=9.218734e-07
[rank=20] Iter 59: J_model=4.4862811382e-06, |g|_inf=1.464429e-02, |delta_a|=9.897800e-07
[rank=20] Iter 60: J_model=4.4803583877e-06, |g|_inf=2.483759e-02, |delta_a|=7.067182e-06
[rank=20] Iter 61: J_model=4.4756501976e-06, |g|_inf=2.415818e-02, |delta_a|=7.799610e-06
[rank=20] Iter 62: J_model=4.4743112483e-06, |g|_inf=3.024280e-02, |delta_a|=1.029371e-05
[rank=20] Iter 63: J_model=4.4664582817e-06, |g|_inf=6.861641e-03, |delta_a|=1.444320e-05
[rank=20] Iter 64: J_model=4.4656349950e-06, |g|_inf=5.405839e-03, |delta_a|=1.314106e-06
[rank=20] Iter 65: J_model=4.4651772527e-06, |g|_inf=1.750539e-03, |delta_a|=1.194439e-05
[rank=20] Iter 66: J_model=4.4499787544e-06, |g|_inf=2.785597e-03, |delta_a|=4.079921e-05
[rank=20] Iter 67: J_model=4.4405619649e-06, |g|_inf=1.778458e-03, |delta_a|=2.459018e-05
[rank=20] Iter 68: J_model=4.4057599539e-06, |g|_inf=5.742556e-03, |delta_a|=2.069459e-04
[rank=20] Iter 69: J_model=4.3592839162e-06, |g|_inf=3.348677e-03, |delta_a|=3.562817e-05
[rank=20] Iter 70: J_model=4.3170442254e-06, |g|_inf=2.944306e-03, |delta_a|=7.968122e-05
[rank=20] Iter 71: J_model=4.2556714010e-06, |g|_inf=3.684257e-03, |delta_a|=2.485247e-04
[rank=20] Iter 72: J_model=4.0721980679e-06, |g|_inf=4.243816e-03, |delta_a|=7.481097e-04
[rank=20] Iter 73: J_model=4.0509530011e-06, |g|_inf=4.137530e-03, |delta_a|=2.228330e-04
[rank=20] Iter 74: J_model=4.0125789640e-06, |g|_inf=3.926778e-03, |delta_a|=4.005340e-05
[rank=20] Iter 75: J_model=4.0123397625e-06, |g|_inf=2.791472e-03, |delta_a|=7.158536e-07
[rank=20] Iter 76: J_model=3.9784156235e-06, |g|_inf=7.717067e-04, |delta_a|=5.707812e-05
[rank=20] Iter 77: J_model=3.9728177773e-06, |g|_inf=7.907907e-04, |delta_a|=1.302638e-05
[rank=20] Iter 78: J_model=3.9713529924e-06, |g|_inf=5.690954e-04, |delta_a|=4.524321e-06
[rank=20] Iter 79: J_model=3.9701790786e-06, |g|_inf=1.148757e-03, |delta_a|=3.456047e-06
[rank=20] Iter 80: J_model=3.9694969767e-06, |g|_inf=6.970867e-04, |delta_a|=9.547143e-06
[rank=20] Iter 81: J_model=3.9679215868e-06, |g|_inf=2.771903e-03, |delta_a|=4.063667e-06
[rank=20] Iter 82: J_model=3.9661134866e-06, |g|_inf=4.161204e-04, |delta_a|=8.260648e-06
[rank=20] Iter 83: J_model=3.9654830598e-06, |g|_inf=3.320633e-04, |delta_a|=2.315234e-06
[rank=20] Iter 84: J_model=3.9639952757e-06, |g|_inf=5.637352e-04, |delta_a|=8.887676e-06
[rank=20] Iter 85: J_model=3.9630678422e-06, |g|_inf=6.049093e-04, |delta_a|=3.807060e-06
[rank=20] Iter 86: J_model=3.9598833339e-06, |g|_inf=1.028113e-03, |delta_a|=1.585702e-05
[rank=20] Iter 87: J_model=3.9571111905e-06, |g|_inf=9.777994e-04, |delta_a|=1.397030e-05
[rank=20] Iter 88: J_model=3.9567197890e-06, |g|_inf=1.090231e-03, |delta_a|=1.694440e-06
[rank=20] Iter 89: J_model=3.9553724728e-06, |g|_inf=5.943944e-04, |delta_a|=3.794702e-06
[rank=20] Iter 90: J_model=3.9539177271e-06, |g|_inf=8.969975e-04, |delta_a|=8.318762e-06
[rank=20] Iter 91: J_model=3.9530229590e-06, |g|_inf=8.382644e-04, |delta_a|=2.301492e-06
[rank=20] Iter 92: J_model=3.9529708026e-06, |g|_inf=5.846422e-04, |delta_a|=3.211796e-07
[rank=20] Iter 93: J_model=3.9525868654e-06, |g|_inf=3.212041e-03, |delta_a|=5.295746e-06
[rank=20] Iter 94: J_model=3.9524242677e-06, |g|_inf=5.807757e-04, |delta_a|=2.330454e-06
[rank=20] Iter 95: J_model=3.9521008857e-06, |g|_inf=5.295746e-04, |delta_a|=2.481557e-06
[rank=20] Iter 96: J_model=3.9516081191e-06, |g|_inf=4.239691e-03, |delta_a|=3.818967e-06
[rank=20] Iter 97: J_model=3.9504929612e-06, |g|_inf=8.658448e-04, |delta_a|=5.654957e-06
[rank=20] Iter 98: J_model=3.9502807803e-06, |g|_inf=5.407987e-03, |delta_a|=6.666664e-06
[rank=20] Iter 99: J_model=3.9499097156e-06, |g|_inf=1.847966e-03, |delta_a|=1.536309e-06
[rank=20] Iter 100: J_model=3.9497078471e-06, |g|_inf=1.064439e-03, |delta_a|=6.132199e-06
[rank=20] Iter 101: J_model=3.9496983585e-06, |g|_inf=6.950471e-03, |delta_a|=3.693210e-07
[rank=20] Iter 102: J_model=3.9495930492e-06, |g|_inf=4.368751e-03, |delta_a|=2.863472e-06
[rank=20] Iter 103: J_model=3.9490642797e-06, |g|_inf=8.804985e-03, |delta_a|=1.693211e-06
[rank=20] Iter 104: J_model=3.9489636498e-06, |g|_inf=2.000616e-02, |delta_a|=5.720545e-07
[rank=20] Iter 105: J_model=3.9485522027e-06, |g|_inf=7.864645e-03, |delta_a|=1.464761e-06
[rank=20] Iter 106: J_model=3.9482641565e-06, |g|_inf=1.365082e-02, |delta_a|=1.231676e-06
[rank=20] Iter 107: J_model=3.9481385918e-06, |g|_inf=3.147440e-02, |delta_a|=1.634464e-06
[rank=20] Iter 108: J_model=3.9477660586e-06, |g|_inf=4.521649e-03, |delta_a|=3.397558e-07
[rank=20] Iter 109: J_model=3.9474169588e-06, |g|_inf=1.281937e-02, |delta_a|=2.544015e-06
[rank=20] Iter 110: J_model=3.9473703980e-06, |g|_inf=2.469434e-02, |delta_a|=4.784581e-07
[rank=20] Iter 111: J_model=3.9472931141e-06, |g|_inf=2.974934e-02, |delta_a|=6.143837e-07
[rank=20] Iter 112: J_model=3.9471725610e-06, |g|_inf=2.947164e-02, |delta_a|=7.465382e-07
[rank=20] Iter 113: J_model=3.9471405630e-06, |g|_inf=1.864678e-02, |delta_a|=2.502553e-07
[rank=20] Iter 114: J_model=3.9470454749e-06, |g|_inf=7.217209e-03, |delta_a|=1.291725e-06
[rank=20] Iter 115: J_model=3.9469142399e-06, |g|_inf=2.380971e-02, |delta_a|=1.080175e-06
[rank=20] Iter 116: J_model=3.9468608563e-06, |g|_inf=4.584373e-02, |delta_a|=7.700664e-07
[rank=20] Iter 117: J_model=3.9468138000e-06, |g|_inf=4.449794e-02, |delta_a|=6.001522e-07
[rank=20] Iter 118: J_model=3.9467644892e-06, |g|_inf=3.291122e-02, |delta_a|=2.208668e-07
[rank=20] Iter 119: J_model=3.9466419717e-06, |g|_inf=2.333444e-02, |delta_a|=1.087725e-06
[rank=20] Iter 120: J_model=3.9465251667e-06, |g|_inf=5.279746e-03, |delta_a|=1.949094e-06
[rank=20] Iter 121: J_model=3.9465212274e-06, |g|_inf=6.699809e-03, |delta_a|=8.534653e-08
[rank=20] Iter 122: J_model=3.9465174544e-06, |g|_inf=8.255803e-03, |delta_a|=1.005211e-07
[rank=20] Iter 123: J_model=3.9465072004e-06, |g|_inf=9.031426e-03, |delta_a|=2.727892e-07
[rank=20] Iter 124: J_model=3.9464843267e-06, |g|_inf=3.444334e-02, |delta_a|=7.732646e-07
[rank=20] Iter 125: J_model=3.9464824976e-06, |g|_inf=3.076524e-02, |delta_a|=4.320362e-17
[rank=20] Iter 126: J_model=3.9464817790e-06, |g|_inf=2.927769e-02, |delta_a|=8.939501e-12
[rank=20] Iter 127: J_model=3.9464812540e-06, |g|_inf=2.812738e-02, |delta_a|=2.537276e-16
[rank=20] Iter 128: J_model=3.9464778440e-06, |g|_inf=1.965892e-02, |delta_a|=3.039603e-16
[rank=20] Iter 129: J_model=3.9464774879e-06, |g|_inf=1.861402e-02, |delta_a|=1.199621e-19
[rank=20] Stop: ABNORMAL:  (steps=129)
rank= 20 | steps=129 | J_model=3.9464774879e-06 | J_ref=4.2454251423e-06 | ABNORMAL: 
