
--- 2026-09-24T23:28:06 | rank=34, k=10, grid=128x128, T=20, dt=0.005, method=L-BFGS-B, max_steps=200, tol=1e-15, gtol=1e-15, ftol=1e-14, maxcor=10, maxls=30 ---
[rank=34] Initial: J_model=4.3102847682e-03
[rank=34] Iter 1: J_model=1.9035593779e-04, |g|_inf=2.977488e-01, |delta_a|=9.176400e-03
[rank=34] Iter 2: J_model=2.4374525848e-05, |g|_inf=4.858509e-02, |delta_a|=9.676496e-04
[rank=34] Iter 3: J_model=1.6777499626e-05, |g|_inf=2.674678e-02, |delta_a|=1.779697e-04
[rank=34] Iter 4: J_model=1.2935988731e-05, |g|_inf=3.965511e-03, |delta_a|=2.345954e-04
[rank=34] Iter 5: J_model=1.2836918939e-05, |g|_inf=4.209995e-03, |delta_a|=3.698851e-05
[rank=34] Iter 6: J_model=1.2718194388e-05, |g|_inf=4.473858e-03, |delta_a|=2.946118e-05
[rank=34] Iter 7: J_model=1.0031469511e-05, |g|_inf=8.743829e-03, |delta_a|=8.922013e-04
[rank=34] Iter 8: J_model=8.1615741923e-06, |g|_inf=1.020711e-02, |delta_a|=1.144117e-03
[rank=34] Iter 9: J_model=7.7284193133e-06, |g|_inf=2.927905e-03, |delta_a|=4.653907e-04
[rank=34] Iter 10: J_model=7.6567654844e-06, |g|_inf=2.735172e-03, |delta_a|=4.376014e-05
[rank=34] Iter 11: J_model=7.6198690177e-06, |g|_inf=3.763349e-03, |delta_a|=8.146172e-05
[rank=34] Iter 12: J_model=7.5689973330e-06, |g|_inf=1.390085e-03, |delta_a|=3.330195e-05
[rank=34] Iter 13: J_model=7.5654157893e-06, |g|_inf=1.223995e-03, |delta_a|=4.105011e-05
[rank=34] Iter 14: J_model=7.5360842712e-06, |g|_inf=2.319744e-03, |delta_a|=2.564389e-05
[rank=34] Iter 15: J_model=7.4896912408e-06, |g|_inf=4.188471e-03, |delta_a|=9.607154e-05
[rank=34] Iter 16: J_model=7.4388807310e-06, |g|_inf=4.050755e-03, |delta_a|=5.101035e-05
[rank=34] Iter 17: J_model=7.2001726311e-06, |g|_inf=6.964004e-03, |delta_a|=3.527583e-04
[rank=34] Iter 18: J_model=6.8800760049e-06, |g|_inf=6.898015e-03, |delta_a|=4.106131e-04
[rank=34] Iter 19: J_model=5.9350025824e-06, |g|_inf=9.402310e-03, |delta_a|=1.901777e-03
[rank=34] Iter 20: J_model=5.3608173919e-06, |g|_inf=8.658192e-03, |delta_a|=1.044515e-03
[rank=34] Iter 21: J_model=4.9691320293e-06, |g|_inf=2.120944e-03, |delta_a|=5.941093e-04
[rank=34] Iter 22: J_model=4.9089537116e-06, |g|_inf=2.036130e-03, |delta_a|=1.851500e-04
[rank=34] Iter 23: J_model=4.8232240998e-06, |g|_inf=2.738628e-03, |delta_a|=2.847761e-04
[rank=34] Iter 24: J_model=4.7785408866e-06, |g|_inf=1.130013e-03, |delta_a|=1.961475e-04
[rank=34] Iter 25: J_model=4.7474423881e-06, |g|_inf=2.068413e-03, |delta_a|=2.215643e-04
[rank=34] Iter 26: J_model=4.6946578800e-06, |g|_inf=1.658074e-03, |delta_a|=4.126657e-04
[rank=34] Iter 27: J_model=4.6717520113e-06, |g|_inf=3.166890e-03, |delta_a|=2.587916e-04
[rank=34] Iter 28: J_model=4.5509115755e-06, |g|_inf=1.725101e-03, |delta_a|=2.536641e-04
[rank=34] Iter 29: J_model=4.4504519552e-06, |g|_inf=2.582956e-03, |delta_a|=4.158853e-04
[rank=34] Iter 30: J_model=4.3799679990e-06, |g|_inf=2.957397e-03, |delta_a|=9.586235e-05
[rank=34] Iter 31: J_model=4.3591398546e-06, |g|_inf=5.226595e-03, |delta_a|=2.643967e-04
[rank=34] Iter 32: J_model=4.3585311653e-06, |g|_inf=3.119854e-03, |delta_a|=4.977029e-06
[rank=34] Iter 33: J_model=4.3260593280e-06, |g|_inf=3.472663e-03, |delta_a|=1.843512e-04
[rank=34] Iter 34: J_model=4.3012942717e-06, |g|_inf=1.398599e-03, |delta_a|=5.646127e-05
[rank=34] Iter 35: J_model=4.2986882919e-06, |g|_inf=9.834813e-04, |delta_a|=1.015724e-04
[rank=34] Iter 36: J_model=4.2891899546e-06, |g|_inf=2.214503e-03, |delta_a|=8.149226e-05
[rank=34] Iter 37: J_model=4.2863016640e-06, |g|_inf=2.699732e-03, |delta_a|=2.809963e-05
[rank=34] Iter 38: J_model=4.2828078250e-06, |g|_inf=2.289270e-03, |delta_a|=6.939466e-05
[rank=34] Iter 39: J_model=4.2823890983e-06, |g|_inf=1.180100e-03, |delta_a|=5.395950e-05
[rank=34] Iter 40: J_model=4.2728886451e-06, |g|_inf=1.429848e-03, |delta_a|=1.778788e-05
[rank=34] Iter 41: J_model=4.2709300605e-06, |g|_inf=7.293287e-04, |delta_a|=1.109238e-05
[rank=34] Iter 42: J_model=4.2656907716e-06, |g|_inf=5.409395e-03, |delta_a|=9.349719e-05
[rank=34] Iter 43: J_model=4.2656119925e-06, |g|_inf=5.512106e-03, |delta_a|=7.160453e-07
[rank=34] Iter 44: J_model=4.2634076122e-06, |g|_inf=2.751848e-03, |delta_a|=2.599739e-07
[rank=34] Iter 45: J_model=4.2558164885e-06, |g|_inf=2.021831e-03, |delta_a|=1.404361e-05
[rank=34] Iter 46: J_model=4.2498099445e-06, |g|_inf=9.548108e-04, |delta_a|=1.174269e-05
[rank=34] Iter 47: J_model=4.2459756310e-06, |g|_inf=2.510065e-03, |delta_a|=3.656649e-05
[rank=34] Iter 48: J_model=4.2397522456e-06, |g|_inf=1.219275e-03, |delta_a|=1.846022e-05
[rank=34] Iter 49: J_model=4.2303104550e-06, |g|_inf=4.670339e-04, |delta_a|=1.454113e-05
[rank=34] Iter 50: J_model=4.2267523036e-06, |g|_inf=3.936948e-03, |delta_a|=1.923412e-04
[rank=34] Iter 51: J_model=4.1994794791e-06, |g|_inf=2.919702e-03, |delta_a|=1.923898e-05
[rank=34] Iter 52: J_model=4.1834527339e-06, |g|_inf=2.140105e-03, |delta_a|=2.656331e-05
[rank=34] Iter 53: J_model=4.1831349771e-06, |g|_inf=2.764769e-04, |delta_a|=3.236910e-06
[rank=34] Iter 54: J_model=4.1823667799e-06, |g|_inf=3.942401e-04, |delta_a|=1.855880e-05
[rank=34] Iter 55: J_model=4.1807648090e-06, |g|_inf=5.566236e-04, |delta_a|=1.603847e-05
[rank=34] Iter 56: J_model=4.1741472802e-06, |g|_inf=9.497444e-04, |delta_a|=3.469956e-05
[rank=34] Iter 57: J_model=4.1635760803e-06, |g|_inf=2.410470e-03, |delta_a|=8.300635e-05
[rank=34] Iter 58: J_model=4.1555363066e-06, |g|_inf=2.034878e-03, |delta_a|=5.235078e-05
[rank=34] Iter 59: J_model=4.1545977869e-06, |g|_inf=2.672193e-03, |delta_a|=3.717445e-05
[rank=34] Iter 60: J_model=4.1405363469e-06, |g|_inf=1.408072e-03, |delta_a|=4.132253e-05
[rank=34] Iter 61: J_model=4.1281624557e-06, |g|_inf=1.721355e-03, |delta_a|=6.596101e-05
[rank=34] Iter 62: J_model=4.1065556764e-06, |g|_inf=1.802535e-03, |delta_a|=1.340960e-04
[rank=34] Iter 63: J_model=4.0979468480e-06, |g|_inf=7.407421e-04, |delta_a|=1.966292e-04
[rank=34] Iter 64: J_model=4.0946813485e-06, |g|_inf=1.107797e-03, |delta_a|=2.051172e-04
[rank=34] Iter 65: J_model=4.0942282215e-06, |g|_inf=9.229473e-04, |delta_a|=2.264894e-06
[rank=34] Iter 66: J_model=4.0941971966e-06, |g|_inf=5.098865e-04, |delta_a|=1.769613e-07
[rank=34] Iter 67: J_model=4.0940332682e-06, |g|_inf=3.298076e-03, |delta_a|=1.437578e-06
[rank=34] Iter 68: J_model=4.0936162612e-06, |g|_inf=1.790705e-03, |delta_a|=3.000859e-06
[rank=34] Iter 69: J_model=4.0931398585e-06, |g|_inf=3.363412e-04, |delta_a|=1.149918e-06
[rank=34] Iter 70: J_model=4.0929580361e-06, |g|_inf=5.443569e-04, |delta_a|=1.025745e-06
[rank=34] Iter 71: J_model=4.0928861834e-06, |g|_inf=4.132753e-04, |delta_a|=3.386705e-07
[rank=34] Iter 72: J_model=4.0927860045e-06, |g|_inf=8.664182e-04, |delta_a|=9.906333e-07
[rank=34] Iter 73: J_model=4.0926370500e-06, |g|_inf=4.597757e-03, |delta_a|=1.667223e-05
[rank=34] Iter 74: J_model=4.0925980821e-06, |g|_inf=1.103631e-03, |delta_a|=2.146814e-06
[rank=34] Iter 75: J_model=4.0922369491e-06, |g|_inf=1.068844e-03, |delta_a|=5.717538e-07
[rank=34] Iter 76: J_model=4.0916497508e-06, |g|_inf=8.668555e-04, |delta_a|=1.524222e-06
[rank=34] Iter 77: J_model=4.0910874414e-06, |g|_inf=5.227268e-04, |delta_a|=1.856257e-06
[rank=34] Iter 78: J_model=4.0908061049e-06, |g|_inf=3.721155e-04, |delta_a|=7.294593e-07
[rank=34] Iter 79: J_model=4.0907625593e-06, |g|_inf=4.611388e-03, |delta_a|=3.114845e-09
[rank=34] Iter 80: J_model=4.0907209098e-06, |g|_inf=9.671414e-03, |delta_a|=2.047310e-11
[rank=34] Iter 81: J_model=4.0906988240e-06, |g|_inf=8.613001e-03, |delta_a|=1.063021e-09
[rank=34] Iter 82: J_model=4.0905519235e-06, |g|_inf=3.176699e-03, |delta_a|=8.887854e-07
[rank=34] Iter 83: J_model=4.0905481889e-06, |g|_inf=4.409326e-03, |delta_a|=3.233060e-19
[rank=34] Iter 84: J_model=4.0905392351e-06, |g|_inf=1.770305e-02, |delta_a|=7.301553e-17
[rank=34] Iter 85: J_model=4.0905191801e-06, |g|_inf=2.196372e-03, |delta_a|=2.110169e-07
[rank=34] Iter 86: J_model=4.0905057915e-06, |g|_inf=2.517364e-03, |delta_a|=6.947407e-07
[rank=34] Iter 87: J_model=4.0904435545e-06, |g|_inf=2.093024e-03, |delta_a|=2.178483e-07
[rank=34] Iter 88: J_model=4.0903986472e-06, |g|_inf=7.635041e-04, |delta_a|=9.584935e-07
[rank=34] Iter 89: J_model=4.0902265026e-06, |g|_inf=3.041381e-02, |delta_a|=6.921024e-17
[rank=34] Iter 90: J_model=4.0902178109e-06, |g|_inf=2.314286e-02, |delta_a|=1.413736e-10
[rank=34] Stop: ABNORMAL:  (steps=90)
rank= 34 | steps=90 | J_model=4.0902178109e-06 | J_ref=4.2230617162e-06 | ABNORMAL: 
