
--- 2026-09-24T23:25:54 | rank=33, k=10, grid=128x128, T=20, dt=0.005, method=L-BFGS-B, max_steps=200, tol=1e-15, gtol=1e-15, ftol=1e-14, maxcor=10, maxls=30 ---
[rank=33] Initial: J_model=4.3092900386e-03
[rank=33] Iter 1: J_model=7.5363982535e-05, |g|_inf=1.227082e-01, |delta_a|=7.483889e-03
[rank=33] Iter 2: J_model=2.2878262633e-05, |g|_inf=5.469182e-02, |delta_a|=4.997119e-04
[rank=33] Iter 3: J_model=1.0673428378e-05, |g|_inf=1.846931e-02, |delta_a|=3.097293e-04
[rank=33] Iter 4: J_model=8.6311071055e-06, |g|_inf=2.796311e-03, |delta_a|=1.611600e-04
[rank=33] Iter 5: J_model=8.6023449680e-06, |g|_inf=2.613489e-03, |delta_a|=2.284089e-05
[rank=33] Iter 6: J_model=8.4679546674e-06, |g|_inf=2.361754e-03, |delta_a|=4.908069e-05
[rank=33] Iter 7: J_model=8.1343595761e-06, |g|_inf=5.602900e-03, |delta_a|=1.460419e-04
[rank=33] Iter 8: J_model=7.0111423719e-06, |g|_inf=1.167858e-02, |delta_a|=6.836885e-04
[rank=33] Iter 9: J_model=6.2560305733e-06, |g|_inf=9.400898e-03, |delta_a|=5.198871e-04
[rank=33] Iter 10: J_model=5.9655179359e-06, |g|_inf=4.683650e-03, |delta_a|=6.554383e-04
[rank=33] Iter 11: J_model=5.9653695783e-06, |g|_inf=2.083185e-03, |delta_a|=9.380053e-07
[rank=33] Iter 12: J_model=5.9204796570e-06, |g|_inf=8.387346e-04, |delta_a|=9.196746e-05
[rank=33] Iter 13: J_model=5.9064592151e-06, |g|_inf=1.586062e-03, |delta_a|=1.065998e-04
[rank=33] Iter 14: J_model=5.8979277592e-06, |g|_inf=2.454703e-03, |delta_a|=6.974878e-05
[rank=33] Iter 15: J_model=5.8809899988e-06, |g|_inf=7.058309e-04, |delta_a|=2.190041e-05
[rank=33] Iter 16: J_model=5.8752454573e-06, |g|_inf=7.519706e-04, |delta_a|=2.094528e-05
[rank=33] Iter 17: J_model=5.8538116341e-06, |g|_inf=2.521940e-03, |delta_a|=5.499635e-05
[rank=33] Iter 18: J_model=5.8069109631e-06, |g|_inf=3.405762e-03, |delta_a|=8.402690e-05
[rank=33] Iter 19: J_model=5.6660673335e-06, |g|_inf=4.074626e-03, |delta_a|=2.768208e-04
[rank=33] Iter 20: J_model=5.5561349185e-06, |g|_inf=6.855978e-03, |delta_a|=3.923996e-04
[rank=33] Iter 21: J_model=5.5559237021e-06, |g|_inf=1.197219e-02, |delta_a|=2.551224e-08
[rank=33] Iter 22: J_model=5.5549079318e-06, |g|_inf=2.828928e-02, |delta_a|=1.243995e-07
[rank=33] Iter 23: J_model=5.5541388914e-06, |g|_inf=3.713083e-01, |delta_a|=3.857910e-09
[rank=33] Iter 24: J_model=5.5248171485e-06, |g|_inf=4.476869e-03, |delta_a|=9.298016e-05
[rank=33] Iter 25: J_model=5.4924967808e-06, |g|_inf=4.791333e-03, |delta_a|=1.406074e-04
[rank=33] Iter 26: J_model=5.4730149341e-06, |g|_inf=5.461861e-03, |delta_a|=5.176433e-05
[rank=33] Iter 27: J_model=5.4454698153e-06, |g|_inf=7.432908e-03, |delta_a|=1.133258e-04
[rank=33] Iter 28: J_model=5.4249282436e-06, |g|_inf=6.515824e-03, |delta_a|=4.590600e-05
[rank=33] Iter 29: J_model=5.3743286506e-06, |g|_inf=1.017547e-02, |delta_a|=5.380211e-04
[rank=33] Iter 30: J_model=5.3365752885e-06, |g|_inf=8.499948e-03, |delta_a|=5.501893e-05
[rank=33] Iter 31: J_model=5.3271974737e-06, |g|_inf=9.038993e-03, |delta_a|=4.688019e-05
[rank=33] Iter 32: J_model=5.1983437783e-06, |g|_inf=7.570671e-03, |delta_a|=1.433553e-04
[rank=33] Iter 33: J_model=5.0562825548e-06, |g|_inf=6.593141e-03, |delta_a|=3.254199e-04
[rank=33] Iter 34: J_model=5.0503058187e-06, |g|_inf=6.130698e-03, |delta_a|=1.380951e-04
[rank=33] Iter 35: J_model=4.8625234425e-06, |g|_inf=1.448730e-02, |delta_a|=1.008928e-03
[rank=33] Iter 36: J_model=4.5016006264e-06, |g|_inf=4.889232e-03, |delta_a|=4.491767e-04
[rank=33] Iter 37: J_model=4.3853820445e-06, |g|_inf=3.132936e-03, |delta_a|=4.558162e-04
[rank=33] Iter 38: J_model=4.3763319865e-06, |g|_inf=2.279449e-03, |delta_a|=1.054702e-04
[rank=33] Iter 39: J_model=4.3329022115e-06, |g|_inf=1.856941e-03, |delta_a|=2.598342e-04
[rank=33] Iter 40: J_model=4.3140643518e-06, |g|_inf=1.504796e-03, |delta_a|=9.521095e-05
[rank=33] Iter 41: J_model=4.3020747351e-06, |g|_inf=1.074365e-03, |delta_a|=4.940886e-05
[rank=33] Iter 42: J_model=4.2952301454e-06, |g|_inf=9.145584e-04, |delta_a|=4.254202e-05
[rank=33] Iter 43: J_model=4.2862703129e-06, |g|_inf=1.432700e-03, |delta_a|=9.790214e-05
[rank=33] Iter 44: J_model=4.2700150917e-06, |g|_inf=1.165212e-03, |delta_a|=1.347081e-04
[rank=33] Iter 45: J_model=4.2629901985e-06, |g|_inf=6.546313e-04, |delta_a|=3.727386e-05
[rank=33] Iter 46: J_model=4.2622803142e-06, |g|_inf=1.673251e-03, |delta_a|=2.023009e-05
[rank=33] Iter 47: J_model=4.2622501497e-06, |g|_inf=1.167137e-03, |delta_a|=5.412944e-07
[rank=33] Iter 48: J_model=4.2612744022e-06, |g|_inf=1.034768e-03, |delta_a|=2.649225e-06
[rank=33] Iter 49: J_model=4.2602178294e-06, |g|_inf=5.054846e-04, |delta_a|=2.941443e-06
[rank=33] Iter 50: J_model=4.2592908464e-06, |g|_inf=1.409945e-03, |delta_a|=2.936190e-06
[rank=33] Iter 51: J_model=4.2586148218e-06, |g|_inf=6.393824e-04, |delta_a|=2.200501e-06
[rank=33] Iter 52: J_model=4.2556014829e-06, |g|_inf=9.441505e-04, |delta_a|=2.427893e-05
[rank=33] Iter 53: J_model=4.2514261245e-06, |g|_inf=8.541374e-04, |delta_a|=1.415373e-05
[rank=33] Iter 54: J_model=4.2467796746e-06, |g|_inf=6.971118e-04, |delta_a|=7.808876e-06
[rank=33] Iter 55: J_model=4.2285922368e-06, |g|_inf=1.474522e-03, |delta_a|=5.965621e-05
[rank=33] Iter 56: J_model=4.2107035696e-06, |g|_inf=2.908956e-03, |delta_a|=1.309594e-04
[rank=33] Iter 57: J_model=4.1184219255e-06, |g|_inf=2.110214e-03, |delta_a|=3.207712e-04
[rank=33] Iter 58: J_model=4.1013559561e-06, |g|_inf=3.584536e-03, |delta_a|=1.736318e-04
[rank=33] Iter 59: J_model=4.0856518669e-06, |g|_inf=1.977213e-03, |delta_a|=1.634365e-04
[rank=33] Iter 60: J_model=4.0708885518e-06, |g|_inf=1.615735e-03, |delta_a|=3.670267e-05
[rank=33] Iter 61: J_model=4.0624282145e-06, |g|_inf=7.113242e-04, |delta_a|=9.527871e-05
[rank=33] Iter 62: J_model=4.0594267820e-06, |g|_inf=3.535471e-03, |delta_a|=3.788912e-05
[rank=33] Iter 63: J_model=4.0591690001e-06, |g|_inf=1.519454e-03, |delta_a|=8.845873e-06
[rank=33] Iter 64: J_model=4.0591582173e-06, |g|_inf=3.422563e-03, |delta_a|=1.267031e-05
[rank=33] Iter 65: J_model=4.0587345912e-06, |g|_inf=1.438026e-03, |delta_a|=2.109573e-06
[rank=33] Iter 66: J_model=4.0585032273e-06, |g|_inf=1.374738e-03, |delta_a|=5.672009e-06
[rank=33] Iter 67: J_model=4.0544939430e-06, |g|_inf=1.020401e-02, |delta_a|=1.457440e-05
[rank=33] Iter 68: J_model=4.0544154989e-06, |g|_inf=6.546520e-03, |delta_a|=5.417499e-07
[rank=33] Iter 69: J_model=4.0543949277e-06, |g|_inf=1.512075e-03, |delta_a|=1.363574e-08
[rank=33] Iter 70: J_model=4.0540805641e-06, |g|_inf=3.840644e-03, |delta_a|=3.564944e-07
[rank=33] Iter 71: J_model=4.0534398530e-06, |g|_inf=2.802314e-02, |delta_a|=2.826157e-07
[rank=33] Iter 72: J_model=4.0529106544e-06, |g|_inf=1.077264e-01, |delta_a|=6.727318e-13
[rank=33] Stop: ABNORMAL:  (steps=72)
rank= 33 | steps=72 | J_model=4.0529106544e-06 | J_ref=4.2133123959e-06 | ABNORMAL: 
