
--- 2026-09-25T05:13:44 | rank=5, k=17, grid=128x128, T=20, dt=0.005, method=L-BFGS-B, max_steps=200, tol=1e-15, gtol=1e-15, ftol=1e-14, maxcor=10, maxls=30 ---
[rank=5] Initial: J_model=4.3570112513e-03
[rank=5] Iter 1: J_model=9.5392174451e-05, |g|_inf=1.492053e-01, |delta_a|=5.097003e-03
[rank=5] Iter 2: J_model=4.0884798201e-05, |g|_inf=9.507582e-02, |delta_a|=4.373634e-04
[rank=5] Iter 3: J_model=4.1631410196e-06, |g|_inf=9.800817e-03, |delta_a|=7.552688e-04
[rank=5] Iter 4: J_model=3.9087893598e-06, |g|_inf=9.297365e-03, |delta_a|=8.332664e-05
[rank=5] Iter 5: J_model=3.7286371772e-06, |g|_inf=1.234516e-03, |delta_a|=3.273480e-05
[rank=5] Iter 6: J_model=3.7206675051e-06, |g|_inf=2.095282e-04, |delta_a|=9.159654e-06
[rank=5] Iter 7: J_model=3.7200813656e-06, |g|_inf=4.820196e-04, |delta_a|=3.480358e-06
[rank=5] Iter 8: J_model=3.7194743436e-06, |g|_inf=3.144750e-04, |delta_a|=1.770849e-06
[rank=5] Iter 9: J_model=3.7157863840e-06, |g|_inf=2.933661e-04, |delta_a|=1.849311e-05
[rank=5] Iter 10: J_model=3.7134358104e-06, |g|_inf=3.882223e-04, |delta_a|=1.722243e-05
[rank=5] Iter 11: J_model=3.7113876846e-06, |g|_inf=3.993506e-04, |delta_a|=2.362465e-05
[rank=5] Iter 12: J_model=3.7100572175e-06, |g|_inf=3.305930e-04, |delta_a|=2.137209e-05
[rank=5] Iter 13: J_model=3.7095569299e-06, |g|_inf=1.734889e-04, |delta_a|=1.021862e-05
[rank=5] Iter 14: J_model=3.7094000491e-06, |g|_inf=7.261673e-05, |delta_a|=6.042326e-06
[rank=5] Iter 15: J_model=3.7093604858e-06, |g|_inf=2.642625e-05, |delta_a|=2.425736e-06
[rank=5] Iter 16: J_model=3.7093472875e-06, |g|_inf=3.365851e-05, |delta_a|=1.234721e-06
[rank=5] Iter 17: J_model=3.7093242702e-06, |g|_inf=6.999775e-05, |delta_a|=1.317179e-06
[rank=5] Iter 18: J_model=3.7092687430e-06, |g|_inf=1.066426e-04, |delta_a|=3.108280e-06
[rank=5] Iter 19: J_model=3.7090941557e-06, |g|_inf=1.575786e-04, |delta_a|=9.381505e-06
[rank=5] Iter 20: J_model=3.7089603403e-06, |g|_inf=1.068462e-04, |delta_a|=9.314698e-06
[rank=5] Iter 21: J_model=3.7089201984e-06, |g|_inf=2.752525e-05, |delta_a|=2.784683e-06
[rank=5] Iter 22: J_model=3.7089162702e-06, |g|_inf=5.426717e-06, |delta_a|=6.914755e-07
[rank=5] Iter 23: J_model=3.7089158266e-06, |g|_inf=2.346560e-06, |delta_a|=3.953143e-07
[rank=5] Iter 24: J_model=3.7089155605e-06, |g|_inf=2.309676e-06, |delta_a|=6.866087e-08
[rank=5] Iter 25: J_model=3.7089136674e-06, |g|_inf=1.230630e-05, |delta_a|=6.019738e-07
[rank=5] Iter 26: J_model=3.7089109515e-06, |g|_inf=1.659274e-05, |delta_a|=1.034649e-06
[rank=5] Iter 27: J_model=3.7089084365e-06, |g|_inf=2.060837e-05, |delta_a|=1.872166e-06
[rank=5] Iter 28: J_model=3.7089067125e-06, |g|_inf=8.385082e-06, |delta_a|=6.234254e-07
[rank=5] Iter 29: J_model=3.7089063703e-06, |g|_inf=2.463557e-06, |delta_a|=2.667683e-07
[rank=5] Iter 30: J_model=3.7089063402e-06, |g|_inf=4.799809e-07, |delta_a|=6.546567e-08
[rank=5] Iter 31: J_model=3.7089063365e-06, |g|_inf=4.519948e-07, |delta_a|=1.933491e-08
[rank=5] Stop: CONVERGENCE: RELATIVE REDUCTION OF F <= FACTR*EPSMCH (steps=31)
rank=  5 | steps=31 | J_model=3.7089063365e-06 | J_ref=4.1998460880e-06 | CONVERGENCE: RELATIVE REDUCTION OF F <= FACTR*EPSMCH
