
--- 2026-09-25T05:15:18 | rank=5, k=20, grid=128x128, T=20, dt=0.005, method=L-BFGS-B, max_steps=200, tol=1e-15, gtol=1e-15, ftol=1e-14, maxcor=10, maxls=30 ---
[rank=5] Initial: J_model=4.3570112513e-03
[rank=5] Iter 1: J_model=9.5347742971e-05, |g|_inf=1.491348e-01, |delta_a|=5.095846e-03
[rank=5] Iter 2: J_model=4.0871031494e-05, |g|_inf=9.501966e-02, |delta_a|=4.373986e-04
[rank=5] Iter 3: J_model=4.1940388169e-06, |g|_inf=1.014344e-02, |delta_a|=7.545610e-04
[rank=5] Iter 4: J_model=3.9106314444e-06, |g|_inf=9.544722e-03, |delta_a|=8.373018e-05
[rank=5] Iter 5: J_model=3.7316159735e-06, |g|_inf=1.194494e-03, |delta_a|=3.305520e-05
[rank=5] Iter 6: J_model=3.7228310216e-06, |g|_inf=2.135969e-04, |delta_a|=9.257407e-06
[rank=5] Iter 7: J_model=3.7220921961e-06, |g|_inf=5.887184e-04, |delta_a|=3.967407e-06
[rank=5] Iter 8: J_model=3.7213031509e-06, |g|_inf=3.578590e-04, |delta_a|=2.032156e-06
[rank=5] Iter 9: J_model=3.7177431165e-06, |g|_inf=3.159147e-04, |delta_a|=1.572233e-05
[rank=5] Iter 10: J_model=3.7150494728e-06, |g|_inf=3.995212e-04, |delta_a|=1.645373e-05
[rank=5] Iter 11: J_model=3.7122461745e-06, |g|_inf=3.793476e-04, |delta_a|=2.184258e-05
[rank=5] Iter 12: J_model=3.7121040827e-06, |g|_inf=1.027047e-03, |delta_a|=2.954139e-05
[rank=5] Iter 13: J_model=3.7098445693e-06, |g|_inf=2.003364e-04, |delta_a|=6.380916e-06
[rank=5] Iter 14: J_model=3.7095334770e-06, |g|_inf=1.148988e-04, |delta_a|=6.589124e-06
[rank=5] Iter 15: J_model=3.7094164193e-06, |g|_inf=7.244673e-05, |delta_a|=1.004807e-05
[rank=5] Iter 16: J_model=3.7093732293e-06, |g|_inf=8.643361e-05, |delta_a|=2.344550e-06
[rank=5] Iter 17: J_model=3.7093524575e-06, |g|_inf=4.071649e-05, |delta_a|=3.806055e-07
[rank=5] Iter 18: J_model=3.7093286651e-06, |g|_inf=2.873278e-05, |delta_a|=6.905347e-07
[rank=5] Iter 19: J_model=3.7092511093e-06, |g|_inf=1.309019e-04, |delta_a|=3.059928e-06
[rank=5] Iter 20: J_model=3.7091266305e-06, |g|_inf=2.212970e-04, |delta_a|=6.231209e-06
[rank=5] Iter 21: J_model=3.7089823358e-06, |g|_inf=2.242982e-04, |delta_a|=8.587933e-06
[rank=5] Iter 22: J_model=3.7089503101e-06, |g|_inf=1.803160e-04, |delta_a|=3.881015e-06
[rank=5] Iter 23: J_model=3.7088702081e-06, |g|_inf=5.249612e-05, |delta_a|=4.343083e-06
[rank=5] Iter 24: J_model=3.7088603730e-06, |g|_inf=4.259502e-06, |delta_a|=8.901040e-07
[rank=5] Iter 25: J_model=3.7088601466e-06, |g|_inf=3.083062e-06, |delta_a|=1.503774e-07
[rank=5] Iter 26: J_model=3.7088597456e-06, |g|_inf=5.530173e-06, |delta_a|=1.954937e-07
[rank=5] Iter 27: J_model=3.7088584293e-06, |g|_inf=1.308770e-05, |delta_a|=4.493012e-07
[rank=5] Iter 28: J_model=3.7088551164e-06, |g|_inf=2.111033e-05, |delta_a|=1.050586e-06
[rank=5] Iter 29: J_model=3.7088498577e-06, |g|_inf=3.353631e-05, |delta_a|=1.834341e-06
[rank=5] Iter 30: J_model=3.7088475427e-06, |g|_inf=2.304638e-05, |delta_a|=1.285832e-06
[rank=5] Iter 31: J_model=3.7088443422e-06, |g|_inf=1.263923e-05, |delta_a|=1.188859e-06
[rank=5] Iter 32: J_model=3.7088433787e-06, |g|_inf=3.567913e-06, |delta_a|=4.036889e-07
[rank=5] Iter 33: J_model=3.7088432965e-06, |g|_inf=6.438766e-07, |delta_a|=2.390770e-07
[rank=5] Iter 34: J_model=3.7088432826e-06, |g|_inf=6.056061e-07, |delta_a|=6.131280e-08
[rank=5] Iter 35: J_model=3.7088432564e-06, |g|_inf=1.653390e-06, |delta_a|=1.021461e-07
[rank=5] Iter 36: J_model=3.7088431962e-06, |g|_inf=3.249021e-06, |delta_a|=9.741083e-08
[rank=5] Iter 37: J_model=3.7088430431e-06, |g|_inf=4.429691e-06, |delta_a|=2.502855e-07
[rank=5] Iter 38: J_model=3.7088428860e-06, |g|_inf=4.580607e-06, |delta_a|=4.189070e-07
[rank=5] Iter 39: J_model=3.7088428422e-06, |g|_inf=2.974525e-06, |delta_a|=1.181618e-07
[rank=5] Iter 40: J_model=3.7088428026e-06, |g|_inf=1.250854e-06, |delta_a|=1.362001e-07
[rank=5] Iter 41: J_model=3.7088427971e-06, |g|_inf=6.158334e-07, |delta_a|=1.002817e-07
[rank=5] Stop: CONVERGENCE: RELATIVE REDUCTION OF F <= FACTR*EPSMCH (steps=41)
rank=  5 | steps=41 | J_model=3.7088427971e-06 | J_ref=4.1997816771e-06 | CONVERGENCE: RELATIVE REDUCTION OF F <= FACTR*EPSMCH
