
--- 2026-09-25T05:08:21 | rank=5, k=9, grid=128x128, T=20, dt=0.005, method=L-BFGS-B, max_steps=200, tol=1e-15, gtol=1e-15, ftol=1e-14, maxcor=10, maxls=30 ---
[rank=5] Initial: J_model=4.3570112513e-03
[rank=5] Iter 1: J_model=9.5314731055e-05, |g|_inf=1.493403e-01, |delta_a|=5.094349e-03
[rank=5] Iter 2: J_model=4.0691357080e-05, |g|_inf=9.504931e-02, |delta_a|=4.382032e-04
[rank=5] Iter 3: J_model=3.9932542291e-06, |g|_inf=8.781211e-03, |delta_a|=7.521254e-04
[rank=5] Iter 4: J_model=3.8546224253e-06, |g|_inf=7.320177e-03, |delta_a|=6.746450e-05
[rank=5] Iter 5: J_model=3.7199831058e-06, |g|_inf=8.117647e-04, |delta_a|=2.843460e-05
[rank=5] Iter 6: J_model=3.7165248029e-06, |g|_inf=1.800018e-04, |delta_a|=6.329723e-06
[rank=5] Iter 7: J_model=3.7162497788e-06, |g|_inf=1.493832e-04, |delta_a|=1.565413e-06
[rank=5] Iter 8: J_model=3.7158804108e-06, |g|_inf=2.386713e-04, |delta_a|=2.285329e-06
[rank=5] Iter 9: J_model=3.7139507640e-06, |g|_inf=4.160632e-04, |delta_a|=1.517186e-05
[rank=5] Iter 10: J_model=3.7119121286e-06, |g|_inf=4.037169e-04, |delta_a|=2.108043e-05
[rank=5] Iter 11: J_model=3.7113681671e-06, |g|_inf=1.068908e-03, |delta_a|=2.631454e-05
[rank=5] Iter 12: J_model=3.7097144211e-06, |g|_inf=1.733169e-04, |delta_a|=1.335380e-05
[rank=5] Iter 13: J_model=3.7095832005e-06, |g|_inf=5.086785e-05, |delta_a|=1.801622e-06
[rank=5] Iter 14: J_model=3.7095411862e-06, |g|_inf=1.860542e-05, |delta_a|=4.231213e-06
[rank=5] Iter 15: J_model=3.7095351453e-06, |g|_inf=1.376726e-05, |delta_a|=1.511627e-06
[rank=5] Iter 16: J_model=3.7095276222e-06, |g|_inf=1.349167e-05, |delta_a|=1.391463e-06
[rank=5] Iter 17: J_model=3.7095124085e-06, |g|_inf=4.451394e-05, |delta_a|=2.767268e-06
[rank=5] Iter 18: J_model=3.7094939628e-06, |g|_inf=3.410407e-05, |delta_a|=2.163181e-06
[rank=5] Iter 19: J_model=3.7094570165e-06, |g|_inf=3.407224e-05, |delta_a|=4.200486e-06
[rank=5] Iter 20: J_model=3.7094473526e-06, |g|_inf=4.808094e-05, |delta_a|=1.849302e-06
[rank=5] Iter 21: J_model=3.7094250556e-06, |g|_inf=1.327081e-05, |delta_a|=4.097310e-06
[rank=5] Iter 22: J_model=3.7094228560e-06, |g|_inf=5.279478e-06, |delta_a|=1.024859e-06
[rank=5] Iter 23: J_model=3.7094227141e-06, |g|_inf=6.796239e-06, |delta_a|=3.391482e-07
[rank=5] Iter 24: J_model=3.7094226368e-06, |g|_inf=2.497888e-06, |delta_a|=2.042826e-07
[rank=5] Iter 25: J_model=3.7094226209e-06, |g|_inf=5.639719e-07, |delta_a|=8.951873e-08
[rank=5] Iter 26: J_model=3.7094226182e-06, |g|_inf=5.429286e-07, |delta_a|=4.383224e-09
[rank=5] Stop: CONVERGENCE: RELATIVE REDUCTION OF F <= FACTR*EPSMCH (steps=26)
rank=  5 | steps=26 | J_model=3.7094226182e-06 | J_ref=4.2007363618e-06 | CONVERGENCE: RELATIVE REDUCTION OF F <= FACTR*EPSMCH
